67.41.163.187 - - [22/Feb/2015:17:34:48 +0000] "GET /assets/js/index.js?v=6e69081782 HTTP/1.1" 200 - "http://brentonandtiffany.com/" "Mozilla/5.0 (Linux; Android 4.4.2; SCH-I545 Build/KOT49H) AppleWebKit/537.36 (KHTML, like Gecko) Chrome/41.0.2272.63 Mobile Safari/537.36"
67.41.163.187 - - [22/Feb/2015:17:34:48 +0000] "GET /assets/js/jquery.fitvids.js?v=6e69081782 HTTP/1.1" 200 - "http://brentonandtiffany.com/" "Mozilla/5.0 (Linux; Android 4.4.2; SCH-I545 Build/KOT49H) AppleWebKit/537.36 (KHTML, like Gecko) Chrome/41.0.2272.63 Mobile Safari/537.36"
67.41.163.187 - - [22/Feb/2015:17:34:48 +0000] "GET /public/jquery.min.js?v=6e69081782 HTTP/1.1" 200 - "http://brentonandtiffany.com/" "Mozilla/5.0 (Linux; Android 4.4.2; SCH-I545 Build/KOT49H) AppleWebKit/537.36 (KHTML, like Gecko) Chrome/41.0.2272.63 Mobile Safari/537.36"
67.41.163.187 - - [22/Feb/2015:17:34:54 +0000] "GET /about/ HTTP/1.1" 200 - "http://brentonandtiffany.com/" "Mozilla/5.0 (Linux; Android 4.4.2; SCH-I545 Build/KOT49H) AppleWebKit/537.36 (KHTML, like Gecko) Chrome/41.0.2272.63 Mobile Safari/537.36"
67.41.163.187 - - [22/Feb/2015:17:40:32 +0000] "GET /about HTTP/1.1" 301 - "http://brentonandtiffany.com/" "Mozilla/5.0 (Linux; Android 4.4.2; SCH-I545 Build/KOT49H) AppleWebKit/537.36 (KHTML, like Gecko) Chrome/41.0.2272.63 Mobile Safari/537.36"
67.41.163.187 - - [22/Feb/2015:17:40:33 +0000] "GET /about/ HTTP/1.1" 304 - "http://brentonandtiffany.com/" "Mozilla/5.0 (Linux; Android 4.4.2; SCH-I545 Build/KOT49H) AppleWebKit/537.36 (KHTML, like Gecko) Chrome/41.0.2272.63 Mobile Safari/537.36"
67.41.163.187 - - [22/Feb/2015:17:40:35 +0000] "GET /about/ HTTP/1.1" 304 - "http://brentonandtiffany.com/" "Mozilla/5.0 (Linux; Android 4.4.2; SCH-I545 Build/KOT49H) AppleWebKit/537.36 (KHTML, like Gecko) Chrome/41.0.2272.63 Mobile Safari/537.36"
67.41.163.187 - - [22/Feb/2015:17:40:36 +0000] "GET /about/ HTTP/1.1" 304 - "http://brentonandtiffany.com/about/" "Mozilla/5.0 (Linux; Android 4.4.2; SCH-I545 Build/KOT49H) AppleWebKit/537.36 (KHTML, like Gecko) Chrome/41.0.2272.63 Mobile Safari/537.36"
180.76.4.64 - - [22/Feb/2015:19:08:25 +0000] "GET / HTTP/1.1" 200 2818 "-" "Mozilla/4.0 (compatible; MSIE 7.0; Windows NT 6.0)"
66.249.73.139 - - [22/Feb/2015:20:19:14 +0000] "GET /robots.txt HTTP/1.1" 200 - "-" "Mozilla/5.0 (compatible; Googlebot/2.1; +http://www.google.com/bot.html)"
66.249.73.147 - - [22/Feb/2015:20:19:14 +0000] "GET /rss/ HTTP/1.1" 200 551 "-" "Mozilla/5.0 (compatible; Googlebot/2.1; +http://www.google.com/bot.html)"
180.76.4.22 - - [22/Feb/2015:21:04:43 +0000] "GET / HTTP/1.1" 200 2818 "-" "Mozilla/4.0 (compatible; MSIE 7.0; Windows NT 6.0)"
180.76.4.35 - - [23/Feb/2015:00:55:45 +0000] "GET / HTTP/1.1" 200 2818 "-" "Mozilla/4.0 (compatible; MSIE 7.0; Windows NT 6.0)"
66.249.73.139 - - [23/Feb/2015:03:03:00 +0000] "GET /robots.txt HTTP/1.1" 200 - "-" "Mozilla/5.0 (compatible; Googlebot/2.1; +http://www.google.com/bot.html)"
66.249.73.131 - - [23/Feb/2015:03:03:00 +0000] "GET /rss/ HTTP/1.1" 200 551 "-" "Mozilla/5.0 (compatible; Googlebot/2.1; +http://www.google.com/bot.html)"
54.205.207.252 - - [23/Feb/2015:03:04:35 +0000] "GET / HTTP/1.1" 200 - "-" "Mozilla/5.0 (Windows NT 6.3; WOW64) AppleWebKit/537.36 (KHTML, like Gecko) Chrome/34.0.1847.137 Safari/537.36"
54.211.84.171 - - [23/Feb/2015:03:16:14 +0000] "GET / HTTP/1.1" 200 - "-" "Mozilla/5.0 (Windows NT 6.3; WOW64) AppleWebKit/537.36 (KHTML, like Gecko) Chrome/32.0.1700.76 Safari/537.36"
54.211.84.171 - - [23/Feb/2015:03:16:14 +0000] "GET /assets/css/screen.css?v=6e69081782 HTTP/1.1" 200 - "http://brentonandtiffany.com/" "Mozilla/5.0 (Windows NT 6.3; WOW64) AppleWebKit/537.36 (KHTML, like Gecko) Chrome/32.0.1700.76 Safari/537.36"
54.211.84.171 - - [23/Feb/2015:03:16:14 +0000] "GET /assets/js/jquery.fitvids.js?v=6e69081782 HTTP/1.1" 200 - "http://brentonandtiffany.com/" "Mozilla/5.0 (Windows NT 6.3; WOW64) AppleWebKit/537.36 (KHTML, like Gecko) Chrome/32.0.1700.76 Safari/537.36"
54.211.84.171 - - [23/Feb/2015:03:16:14 +0000] "GET /assets/js/index.js?v=6e69081782 HTTP/1.1" 200 - "http://brentonandtiffany.com/" "Mozilla/5.0 (Windows NT 6.3; WOW64) AppleWebKit/537.36 (KHTML, like Gecko) Chrome/32.0.1700.76 Safari/537.36"
54.211.84.171 - - [23/Feb/2015:03:16:14 +0000] "GET /public/jquery.min.js?v=6e69081782 HTTP/1.1" 200 - "http://brentonandtiffany.com/" "Mozilla/5.0 (Windows NT 6.3; WOW64) AppleWebKit/537.36 (KHTML, like Gecko) Chrome/32.0.1700.76 Safari/537.36"
54.211.84.171 - - [23/Feb/2015:03:16:14 +0000] "GET /assets/fonts/casper-icons.woff HTTP/1.1" 200 2260 "http://brentonandtiffany.com/" "Mozilla/5.0 (Windows NT 6.3; WOW64) AppleWebKit/537.36 (KHTML, like Gecko) Chrome/32.0.1700.76 Safari/537.36"
199.59.148.210 - - [23/Feb/2015:03:31:07 +0000] "GET /robots.txt HTTP/1.1" 200 - "-" "Twitterbot/1.0"
199.59.148.210 - - [23/Feb/2015:03:31:07 +0000] "GET / HTTP/1.1" 200 - "-" "Twitterbot/1.0"
64.246.165.150 - - [23/Feb/2015:03:57:44 +0000] "GET /robots.txt HTTP/1.1" 200 82 "-" "Mozilla/5.0 (Windows; U; Windows NT 5.1; en; rv:1.9.0.13) Gecko/2009073022 Firefox/3.5.2 (.NET CLR 3.5.30729) SurveyBot/2.3 (DomainTools)"
64.246.165.150 - - [23/Feb/2015:03:57:44 +0000] "GET / HTTP/1.1" 200 - "http://whois.domaintools.com/brentonandtiffany.com" "Mozilla/5.0 (Windows; U; Windows NT 5.1; en; rv:1.9.0.13) Gecko/2009073022 Firefox/3.5.2 (.NET CLR 3.5.30729) SurveyBot/2.3 (DomainTools)"
180.76.4.66 - - [23/Feb/2015:06:59:42 +0000] "GET / HTTP/1.1" 200 2818 "-" "Mozilla/4.0 (compatible; MSIE 7.0; Windows NT 6.0)"
66.249.73.131 - - [23/Feb/2015:07:13:58 +0000] "GET /robots.txt HTTP/1.1" 200 - "-" "Mozilla/5.0 (compatible; Googlebot/2.1; +http://www.google.com/bot.html)"
66.249.73.139 - - [23/Feb/2015:07:13:58 +0000] "GET / HTTP/1.1" 200 - "-" "Mozilla/5.0 (iPhone; CPU iPhone OS 6_0 like Mac OS X) AppleWebKit/536.26 (KHTML, like Gecko) Version/6.0 Mobile/10A5376e Safari/8536.25 (compatible; Googlebot/2.1; +http://www.google.com/bot.html)"
66.249.73.138 - - [23/Feb/2015:07:38:59 +0000] "GET /robots.txt HTTP/1.1" 200 - "-" "Mozilla/5.0 (compatible; Googlebot/2.1; +http://www.google.com/bot.html)"
66.249.73.154 - - [23/Feb/2015:07:38:59 +0000] "GET / HTTP/1.1" 200 - "-" "Mozilla/5.0 (compatible; Googlebot/2.1; +http://www.google.com/bot.html)"
66.249.73.139 - - [23/Feb/2015:08:06:57 +0000] "GET /sitemap.xml HTTP/1.1" 200 650 "-" "Mozilla/5.0 (compatible; Googlebot/2.1; +http://www.google.com/bot.html)"
66.249.73.147 - - [23/Feb/2015:08:37:21 +0000] "GET /robots.txt HTTP/1.1" 200 - "-" "Mozilla/5.0 (compatible; Googlebot/2.1; +http://www.google.com/bot.html)"
66.249.73.147 - - [23/Feb/2015:08:37:21 +0000] "GET / HTTP/1.1" 200 - "-" "Mozilla/5.0 (compatible; Googlebot/2.1; +http://www.google.com/bot.html)"
180.76.4.176 - - [23/Feb/2015:09:03:53 +0000] "GET / HTTP/1.1" 200 2818 "-" "Mozilla/4.0 (compatible; MSIE 7.0; Windows NT 6.0)"
66.249.73.139 - - [23/Feb/2015:09:52:26 +0000] "GET /robots.txt HTTP/1.1" 200 - "-" "Mozilla/5.0 (compatible; Googlebot/2.1; +http://www.google.com/bot.html)"
66.249.73.131 - - [23/Feb/2015:09:52:26 +0000] "GET /rss/ HTTP/1.1" 200 551 "-" "Mozilla/5.0 (compatible; Googlebot/2.1; +http://www.google.com/bot.html)"
66.249.73.131 - - [23/Feb/2015:10:20:35 +0000] "GET /sitemap-posts.xml HTTP/1.1" 200 223 "-" "Mozilla/5.0 (compatible; Googlebot/2.1; +http://www.google.com/bot.html)"
180.76.4.104 - - [23/Feb/2015:12:57:13 +0000] "GET / HTTP/1.1" 200 2818 "-" "Mozilla/4.0 (compatible; MSIE 7.0; Windows NT 6.0)"
167.114.162.109 - - [23/Feb/2015:13:27:39 +0000] "GET / HTTP/1.1" 200 - "-" "Mozilla/5.0 (Macintosh; Intel Mac OS X 10_10_2) AppleWebKit/537.36 (KHTML, like Gecko) Chrome/40.0.2214.111 Safari/537.36"
66.249.73.131 - - [23/Feb/2015:15:53:15 +0000] "GET /robots.txt HTTP/1.1" 200 - "-" "Mozilla/5.0 (compatible; Googlebot/2.1; +http://www.google.com/bot.html)"
66.249.73.131 - - [23/Feb/2015:15:53:15 +0000] "GET /rss/ HTTP/1.1" 200 551 "-" "Mozilla/5.0 (compatible; Googlebot/2.1; +http://www.google.com/bot.html)"
66.249.84.132 - - [23/Feb/2015:16:09:36 +0000] "GET / HTTP/1.1" 200 - "-" "Mozilla/5.0 (Windows NT 6.1; rv:6.0) Gecko/20110814 Firefox/6.0 Google favicon"
66.249.84.146 - - [23/Feb/2015:16:09:36 +0000] "GET /favicon.ico HTTP/1.1" 200 - "-" "Mozilla/5.0 (Windows NT 6.1; rv:6.0) Gecko/20110814 Firefox/6.0 Google favicon"
201.4.131.224 - - [23/Feb/2015:16:36:52 +0000] "GET / HTTP/1.1" 200 - "http://buttons-for-website.com" "Mozilla/5.0 (Windows NT 6.1; WOW64) AppleWebKit/537.36 (KHTML, like Gecko) Chrome/36.0.1985.143 Safari/537.36"
201.4.131.224 - - [23/Feb/2015:16:36:52 +0000] "GET /assets/css/screen.css?v=6e69081782 HTTP/1.1" 200 - "http://brentonandtiffany.com/" "Mozilla/5.0 (Windows NT 6.1; WOW64) AppleWebKit/537.36 (KHTML, like Gecko) Chrome/36.0.1985.143 Safari/537.36"
201.4.131.224 - - [23/Feb/2015:16:36:52 +0000] "GET /public/jquery.min.js?v=6e69081782 HTTP/1.1" 200 - "http://brentonandtiffany.com/" "Mozilla/5.0 (Windows NT 6.1; WOW64) AppleWebKit/537.36 (KHTML, like Gecko) Chrome/36.0.1985.143 Safari/537.36"
201.4.131.224 - - [23/Feb/2015:16:36:52 +0000] "GET /assets/js/index.js?v=6e69081782 HTTP/1.1" 200 - "http://brentonandtiffany.com/" "Mozilla/5.0 (Windows NT 6.1; WOW64) AppleWebKit/537.36 (KHTML, like Gecko) Chrome/36.0.1985.143 Safari/537.36"
201.4.131.224 - - [23/Feb/2015:16:36:52 +0000] "GET /assets/js/jquery.fitvids.js?v=6e69081782 HTTP/1.1" 200 - "http://brentonandtiffany.com/" "Mozilla/5.0 (Windows NT 6.1; WOW64) AppleWebKit/537.36 (KHTML, like Gecko) Chrome/36.0.1985.143 Safari/537.36"
201.4.131.224 - - [23/Feb/2015:16:36:52 +0000] "GET /content/images/2015/02/blurred_lines.jpeg HTTP/1.1" 200 581461 "http://brentonandtiffany.com/" "Mozilla/5.0 (Windows NT 6.1; WOW64) AppleWebKit/537.36 (KHTML, like Gecko) Chrome/36.0.1985.143 Safari/537.36"
201.4.131.224 - - [23/Feb/2015:16:36:53 +0000] "GET /assets/fonts/casper-icons.ttf HTTP/1.1" 200 - "http://brentonandtiffany.com/" "Mozilla/5.0 (Windows NT 6.1; WOW64) AppleWebKit/537.36 (KHTML, like Gecko) Chrome/36.0.1985.143 Safari/537.36"
180.76.4.140 - - [23/Feb/2015:16:56:51 +0000] "GET / HTTP/1.1" 200 2818 "-" "Mozilla/4.0 (compatible; MSIE 7.0; Windows NT 6.0)"
100.43.85.21 - - [23/Feb/2015:17:18:52 +0000] "GET /robots.txt HTTP/1.1" 200 82 "-" "Mozilla/5.0 (compatible; YandexBot/3.0; +http://yandex.com/bots)"
177.5.56.167 - - [23/Feb/2015:17:26:31 +0000] "GET / HTTP/1.1" 200 - "http://buttons-for-website.com" "Mozilla/5.0 (Windows NT 6.1; WOW64) AppleWebKit/537.36 (KHTML, like Gecko) Chrome/36.0.1985.143 Safari/537.36"
177.5.56.167 - - [23/Feb/2015:17:26:32 +0000] "GET /assets/css/screen.css?v=6e69081782 HTTP/1.1" 200 - "http://brentonandtiffany.com/" "Mozilla/5.0 (Windows NT 6.1; WOW64) AppleWebKit/537.36 (KHTML, like Gecko) Chrome/36.0.1985.143 Safari/537.36"
177.5.56.167 - - [23/Feb/2015:17:26:33 +0000] "GET /assets/js/jquery.fitvids.js?v=6e69081782 HTTP/1.1" 200 - "http://brentonandtiffany.com/" "Mozilla/5.0 (Windows NT 6.1; WOW64) AppleWebKit/537.36 (KHTML, like Gecko) Chrome/36.0.1985.143 Safari/537.36"
177.5.56.167 - - [23/Feb/2015:17:26:33 +0000] "GET /public/jquery.min.js?v=6e69081782 HTTP/1.1" 200 - "http://brentonandtiffany.com/" "Mozilla/5.0 (Windows NT 6.1; WOW64) AppleWebKit/537.36 (KHTML, like Gecko) Chrome/36.0.1985.143 Safari/537.36"
177.5.56.167 - - [23/Feb/2015:17:26:33 +0000] "GET /assets/js/index.js?v=6e69081782 HTTP/1.1" 200 - "http://brentonandtiffany.com/" "Mozilla/5.0 (Windows NT 6.1; WOW64) AppleWebKit/537.36 (KHTML, like Gecko) Chrome/36.0.1985.143 Safari/537.36"
177.5.56.167 - - [23/Feb/2015:17:26:33 +0000] "GET /content/images/2015/02/blurred_lines.jpeg HTTP/1.1" 200 581461 "http://brentonandtiffany.com/" "Mozilla/5.0 (Windows NT 6.1; WOW64) AppleWebKit/537.36 (KHTML, like Gecko) Chrome/36.0.1985.143 Safari/537.36"
177.5.56.167 - - [23/Feb/2015:17:26:34 +0000] "GET /assets/fonts/casper-icons.ttf HTTP/1.1" 200 - "http://brentonandtiffany.com/" "Mozilla/5.0 (Windows NT 6.1; WOW64) AppleWebKit/537.36 (KHTML, like Gecko) Chrome/36.0.1985.143 Safari/537.36"
66.249.73.139 - - [23/Feb/2015:18:05:41 +0000] "GET /robots.txt HTTP/1.1" 200 - "-" "Mozilla/5.0 (compatible; Googlebot/2.1; +http://www.google.com/bot.html)"
66.249.73.139 - - [23/Feb/2015:18:05:41 +0000] "GET /assets/js/jquery.fitvids.js?v=6e69081782 HTTP/1.1" 200 - "-" "Mozilla/5.0 (compatible; Googlebot/2.1; +http://www.google.com/bot.html)"
66.249.73.147 - - [23/Feb/2015:18:05:42 +0000] "GET /assets/js/index.js?v=6e69081782 HTTP/1.1" 200 - "-" "Mozilla/5.0 (compatible; Googlebot/2.1; +http://www.google.com/bot.html)"
66.249.73.139 - - [23/Feb/2015:18:05:42 +0000] "GET /public/jquery.min.js?v=6e69081782 HTTP/1.1" 200 - "-" "Mozilla/5.0 (compatible; Googlebot/2.1; +http://www.google.com/bot.html)"
66.249.73.131 - - [23/Feb/2015:18:05:43 +0000] "GET /assets/css/screen.css?v=6e69081782 HTTP/1.1" 200 - "-" "Mozilla/5.0 (compatible; Googlebot/2.1; +http://www.google.com/bot.html)"
109.193.112.159 - - [23/Feb/2015:18:35:58 +0000] "GET / HTTP/1.1" 200 - "http://semalt.semalt.com/crawler.php?u=http://brentonandtiffany.com" "Mozilla/5.0 (Windows NT 6.1; WOW64) AppleWebKit/537.36 (KHTML, like Gecko) Chrome/36.0.1985.143 Safari/537.36"
109.193.112.159 - - [23/Feb/2015:18:35:58 +0000] "GET /assets/css/screen.css?v=6e69081782 HTTP/1.1" 200 - "http://brentonandtiffany.com/" "Mozilla/5.0 (Windows NT 6.1; WOW64) AppleWebKit/537.36 (KHTML, like Gecko) Chrome/36.0.1985.143 Safari/537.36"
109.193.112.159 - - [23/Feb/2015:18:35:58 +0000] "GET /assets/js/jquery.fitvids.js?v=6e69081782 HTTP/1.1" 200 - "http://brentonandtiffany.com/" "Mozilla/5.0 (Windows NT 6.1; WOW64) AppleWebKit/537.36 (KHTML, like Gecko) Chrome/36.0.1985.143 Safari/537.36"
109.193.112.159 - - [23/Feb/2015:18:35:58 +0000] "GET /assets/js/index.js?v=6e69081782 HTTP/1.1" 200 - "http://brentonandtiffany.com/" "Mozilla/5.0 (Windows NT 6.1; WOW64) AppleWebKit/537.36 (KHTML, like Gecko) Chrome/36.0.1985.143 Safari/537.36"
109.193.112.159 - - [23/Feb/2015:18:35:58 +0000] "GET /public/jquery.min.js?v=6e69081782 HTTP/1.1" 200 - "http://brentonandtiffany.com/" "Mozilla/5.0 (Windows NT 6.1; WOW64) AppleWebKit/537.36 (KHTML, like Gecko) Chrome/36.0.1985.143 Safari/537.36"
109.193.112.159 - - [23/Feb/2015:18:35:58 +0000] "GET /content/images/2015/02/blurred_lines.jpeg HTTP/1.1" 200 581461 "http://brentonandtiffany.com/" "Mozilla/5.0 (Windows NT 6.1; WOW64) AppleWebKit/537.36 (KHTML, like Gecko) Chrome/36.0.1985.143 Safari/537.36"
109.193.112.159 - - [23/Feb/2015:18:35:58 +0000] "GET /assets/fonts/casper-icons.ttf HTTP/1.1" 200 - "http://brentonandtiffany.com/" "Mozilla/5.0 (Windows NT 6.1; WOW64) AppleWebKit/537.36 (KHTML, like Gecko) Chrome/36.0.1985.143 Safari/537.36"
157.55.39.120 - - [23/Feb/2015:19:02:24 +0000] "GET / HTTP/1.1" 200 - "-" "Mozilla/5.0 (compatible; bingbot/2.0; +http://www.bing.com/bingbot.htm)"
180.76.4.17 - - [23/Feb/2015:21:04:01 +0000] "GET / HTTP/1.1" 200 2818 "-" "Mozilla/4.0 (compatible; MSIE 7.0; Windows NT 6.0)"
66.249.73.131 - - [23/Feb/2015:21:55:14 +0000] "GET /robots.txt HTTP/1.1" 200 - "-" "Mozilla/5.0 (compatible; Googlebot/2.1; +http://www.google.com/bot.html)"
66.249.73.147 - - [23/Feb/2015:21:55:14 +0000] "GET /rss/ HTTP/1.1" 200 551 "-" "Mozilla/5.0 (compatible; Googlebot/2.1; +http://www.google.com/bot.html)"
66.249.73.147 - - [23/Feb/2015:22:14:03 +0000] "GET / HTTP/1.1" 200 - "-" "Mozilla/5.0 (compatible; Googlebot/2.1; +http://www.google.com/bot.html)"
100.43.85.21 - - [23/Feb/2015:22:37:48 +0000] "GET /sitemap-posts.xml HTTP/1.1" 200 223 "-" "Mozilla/5.0 (compatible; YandexBot/3.0; +http://yandex.com/bots)"
100.43.85.21 - - [23/Feb/2015:22:37:50 +0000] "GET /welcome-to-ghost/ HTTP/1.1" 200 - "-" "Mozilla/5.0 (compatible; YandexBot/3.0; +http://yandex.com/bots)"
100.43.85.21 - - [23/Feb/2015:22:37:54 +0000] "GET /sitemap-pages.xml HTTP/1.1" 200 866 "-" "Mozilla/5.0 (compatible; YandexBot/3.0; +http://yandex.com/bots)"
66.249.73.146 - - [23/Feb/2015:23:38:35 +0000] "GET /robots.txt HTTP/1.1" 200 - "-" "Mozilla/5.0 (compatible; Googlebot/2.1; +http://www.google.com/bot.html)"
66.249.73.154 - - [23/Feb/2015:23:38:35 +0000] "GET / HTTP/1.1" 200 - "-" "Mozilla/5.0 (compatible; Googlebot/2.1; +http://www.google.com/bot.html)"
155.99.181.193 - - [24/Feb/2015:00:55:06 +0000] "GET / HTTP/1.1" 304 - "-" "Mozilla/5.0 (Macintosh; Intel Mac OS X 10_10_2) AppleWebKit/600.3.18 (KHTML, like Gecko) Version/8.0.3 Safari/600.3.18"
180.76.4.215 - - [24/Feb/2015:00:56:07 +0000] "GET / HTTP/1.1" 200 2818 "-" "Mozilla/4.0 (compatible; MSIE 7.0; Windows NT 6.0)"
66.102.6.153 - - [24/Feb/2015:02:07:02 +0000] "GET / HTTP/1.1" 200 - "-" "Mozilla/5.0 (Windows NT 6.1; rv:6.0) Gecko/20110814 Firefox/6.0 Google favicon"
66.102.6.144 - - [24/Feb/2015:02:07:02 +0000] "GET /favicon.ico HTTP/1.1" 200 - "-" "Mozilla/5.0 (Windows NT 6.1; rv:6.0) Gecko/20110814 Firefox/6.0 Google favicon"
155.99.181.193 - - [24/Feb/2015:02:27:52 +0000] "GET / HTTP/1.1" 200 - "-" "Mozilla/5.0 (Macintosh; Intel Mac OS X 10_10_2) AppleWebKit/600.3.18 (KHTML, like Gecko) Version/8.0.3 Safari/600.3.18"
155.99.181.193 - - [24/Feb/2015:02:27:52 +0000] "GET /assets/css/screen.css?v=6e69081782 HTTP/1.1" 200 - "http://brentonandtiffany.com/" "Mozilla/5.0 (Macintosh; Intel Mac OS X 10_10_2) AppleWebKit/600.3.18 (KHTML, like Gecko) Version/8.0.3 Safari/600.3.18"
155.99.181.193 - - [24/Feb/2015:02:27:52 +0000] "GET /assets/js/jquery.fitvids.js?v=6e69081782 HTTP/1.1" 200 - "http://brentonandtiffany.com/" "Mozilla/5.0 (Macintosh; Intel Mac OS X 10_10_2) AppleWebKit/600.3.18 (KHTML, like Gecko) Version/8.0.3 Safari/600.3.18"
155.99.181.193 - - [24/Feb/2015:02:27:52 +0000] "GET /assets/js/index.js?v=6e69081782 HTTP/1.1" 200 - "http://brentonandtiffany.com/" "Mozilla/5.0 (Macintosh; Intel Mac OS X 10_10_2) AppleWebKit/600.3.18 (KHTML, like Gecko) Version/8.0.3 Safari/600.3.18"
155.99.181.193 - - [24/Feb/2015:02:27:52 +0000] "GET /public/jquery.min.js?v=6e69081782 HTTP/1.1" 200 - "http://brentonandtiffany.com/" "Mozilla/5.0 (Macintosh; Intel Mac OS X 10_10_2) AppleWebKit/600.3.18 (KHTML, like Gecko) Version/8.0.3 Safari/600.3.18"
155.99.181.193 - - [24/Feb/2015:02:27:52 +0000] "GET /content/images/2015/02/blurred_lines.jpeg HTTP/1.1" 200 581461 "http://brentonandtiffany.com/" "Mozilla/5.0 (Macintosh; Intel Mac OS X 10_10_2) AppleWebKit/600.3.18 (KHTML, like Gecko) Version/8.0.3 Safari/600.3.18"
155.99.181.193 - - [24/Feb/2015:02:27:55 +0000] "GET / HTTP/1.1" 304 - "-" "Mozilla/5.0 (Macintosh; Intel Mac OS X 10_10_2) AppleWebKit/600.3.18 (KHTML, like Gecko) Version/8.0.3 Safari/600.3.18"
155.99.181.193 - - [24/Feb/2015:02:27:55 +0000] "GET /content/images/2015/02/blurred_lines.jpeg HTTP/1.1" 200 581461 "http://brentonandtiffany.com/" "Mozilla/5.0 (Macintosh; Intel Mac OS X 10_10_2) AppleWebKit/600.3.18 (KHTML, like Gecko) Version/8.0.3 Safari/600.3.18"
155.99.181.193 - - [24/Feb/2015:02:27:55 +0000] "GET /assets/fonts/casper-icons.woff HTTP/1.1" 200 2260 "http://brentonandtiffany.com/" "Mozilla/5.0 (Macintosh; Intel Mac OS X 10_10_2) AppleWebKit/600.3.18 (KHTML, like Gecko) Version/8.0.3 Safari/600.3.18"
155.99.181.193 - - [24/Feb/2015:02:27:58 +0000] "GET /about HTTP/1.1" 301 - "http://brentonandtiffany.com/" "Mozilla/5.0 (Macintosh; Intel Mac OS X 10_10_2) AppleWebKit/600.3.18 (KHTML, like Gecko) Version/8.0.3 Safari/600.3.18"
155.99.181.193 - - [24/Feb/2015:02:27:58 +0000] "GET /about/ HTTP/1.1" 200 - "http://brentonandtiffany.com/" "Mozilla/5.0 (Macintosh; Intel Mac OS X 10_10_2) AppleWebKit/600.3.18 (KHTML, like Gecko) Version/8.0.3 Safari/600.3.18"
155.99.181.193 - - [24/Feb/2015:02:27:58 +0000] "GET /content/images/2015/02/edits--14-of-15-.JPG HTTP/1.1" 200 1706085 "http://brentonandtiffany.com/about/" "Mozilla/5.0 (Macintosh; Intel Mac OS X 10_10_2) AppleWebKit/600.3.18 (KHTML, like Gecko) Version/8.0.3 Safari/600.3.18"
155.99.181.193 - - [24/Feb/2015:02:27:58 +0000] "GET /content/images/2015/02/20140530-_DSC0205.jpg HTTP/1.1" 200 5290927 "http://brentonandtiffany.com/about/" "Mozilla/5.0 (Macintosh; Intel Mac OS X 10_10_2) AppleWebKit/600.3.18 (KHTML, like Gecko) Version/8.0.3 Safari/600.3.18"
66.249.73.154 - - [24/Feb/2015:02:28:46 +0000] "GET /robots.txt HTTP/1.1" 200 - "-" "Mozilla/5.0 (compatible; Googlebot/2.1; +http://www.google.com/bot.html)"
66.249.73.146 - - [24/Feb/2015:02:28:46 +0000] "GET / HTTP/1.1" 200 - "-" "Mozilla/5.0 (compatible; Googlebot/2.1; +http://www.google.com/bot.html)"
155.99.181.193 - - [24/Feb/2015:02:31:50 +0000] "GET / HTTP/1.1" 304 - "-" "Mozilla/5.0 (Macintosh; Intel Mac OS X 10_10_2) AppleWebKit/600.3.18 (KHTML, like Gecko) Version/8.0.3 Safari/600.3.18"
180.76.4.178 - - [24/Feb/2015:03:12:31 +0000] "GET / HTTP/1.1" 200 2818 "-" "Mozilla/4.0 (compatible; MSIE 7.0; Windows NT 6.0)"
155.99.181.193 - - [24/Feb/2015:03:17:00 +0000] "GET / HTTP/1.1" 304 - "-" "Mozilla/5.0 (Macintosh; Intel Mac OS X 10_10_2) AppleWebKit/600.3.18 (KHTML, like Gecko) Version/8.0.3 Safari/600.3.18"
155.99.181.193 - - [24/Feb/2015:03:17:00 +0000] "GET /assets/css/screen.css?v=6e69081782 HTTP/1.1" 200 - "http://brentonandtiffany.com/" "Mozilla/5.0 (Macintosh; Intel Mac OS X 10_10_2) AppleWebKit/600.3.18 (KHTML, like Gecko) Version/8.0.3 Safari/600.3.18"
155.99.181.193 - - [24/Feb/2015:03:17:00 +0000] "GET /public/jquery.min.js?v=6e69081782 HTTP/1.1" 200 - "http://brentonandtiffany.com/" "Mozilla/5.0 (Macintosh; Intel Mac OS X 10_10_2) AppleWebKit/600.3.18 (KHTML, like Gecko) Version/8.0.3 Safari/600.3.18"
155.99.181.193 - - [24/Feb/2015:03:17:00 +0000] "GET /content/images/2015/02/blurred_lines.jpeg HTTP/1.1" 200 581461 "http://brentonandtiffany.com/" "Mozilla/5.0 (Macintosh; Intel Mac OS X 10_10_2) AppleWebKit/600.3.18 (KHTML, like Gecko) Version/8.0.3 Safari/600.3.18"
155.99.181.193 - - [24/Feb/2015:03:17:02 +0000] "GET / HTTP/1.1" 304 - "-" "Mozilla/5.0 (Macintosh; Intel Mac OS X 10_10_2) AppleWebKit/600.3.18 (KHTML, like Gecko) Version/8.0.3 Safari/600.3.18"
155.99.181.193 - - [24/Feb/2015:03:17:02 +0000] "GET /content/images/2015/02/blurred_lines.jpeg HTTP/1.1" 200 581461 "http://brentonandtiffany.com/" "Mozilla/5.0 (Macintosh; Intel Mac OS X 10_10_2) AppleWebKit/600.3.18 (KHTML, like Gecko) Version/8.0.3 Safari/600.3.18"
155.99.181.193 - - [24/Feb/2015:03:17:57 +0000] "GET / HTTP/1.1" 304 - "-" "Mozilla/5.0 (Macintosh; Intel Mac OS X 10_10_2) AppleWebKit/600.3.18 (KHTML, like Gecko) Version/8.0.3 Safari/600.3.18"
155.99.181.193 - - [24/Feb/2015:03:18:01 +0000] "GET / HTTP/1.1" 304 - "-" "Mozilla/5.0 (Macintosh; Intel Mac OS X 10_10_2) AppleWebKit/600.3.18 (KHTML, like Gecko) Version/8.0.3 Safari/600.3.18"
66.249.73.147 - - [24/Feb/2015:03:44:58 +0000] "GET /robots.txt HTTP/1.1" 200 - "-" "Mozilla/5.0 (compatible; Googlebot/2.1; +http://www.google.com/bot.html)"
66.249.73.131 - - [24/Feb/2015:03:44:58 +0000] "GET /rss/ HTTP/1.1" 200 551 "-" "Mozilla/5.0 (compatible; Googlebot/2.1; +http://www.google.com/bot.html)"
66.220.152.117 - - [24/Feb/2015:03:57:53 +0000] "GET /img/hero-unit.jpg HTTP/1.1" 301 - "-" "facebookexternalhit/1.1 (+http://www.facebook.com/externalhit_uatext.php)"
66.220.152.117 - - [24/Feb/2015:03:57:53 +0000] "GET /img/hero-unit.jpg/ HTTP/1.1" 404 - "-" "facebookexternalhit/1.1 (+http://www.facebook.com/externalhit_uatext.php)"
66.220.152.113 - - [24/Feb/2015:03:57:54 +0000] "GET /img/hero-unit.jpg HTTP/1.1" 301 - "-" "facebookexternalhit/1.0 (+http://www.facebook.com/externalhit_uatext.php)"
66.220.152.113 - - [24/Feb/2015:03:57:54 +0000] "GET /img/hero-unit.jpg/ HTTP/1.1" 404 - "-" "facebookexternalhit/1.0 (+http://www.facebook.com/externalhit_uatext.php)"
66.249.73.146 - - [24/Feb/2015:06:22:56 +0000] "GET /robots.txt HTTP/1.1" 200 - "-" "Mozilla/5.0 (compatible; Googlebot/2.1; +http://www.google.com/bot.html)"
66.249.73.154 - - [24/Feb/2015:06:22:56 +0000] "GET / HTTP/1.1" 200 - "-" "Mozilla/5.0 (compatible; Googlebot/2.1; +http://www.google.com/bot.html)"
180.76.4.51 - - [24/Feb/2015:06:56:02 +0000] "GET / HTTP/1.1" 200 2818 "-" "Mozilla/4.0 (compatible; MSIE 7.0; Windows NT 6.0)"
66.249.73.147 - - [24/Feb/2015:08:59:01 +0000] "GET /robots.txt HTTP/1.1" 200 - "-" "Mozilla/5.0 (compatible; Googlebot/2.1; +http://www.google.com/bot.html)"
66.249.73.147 - - [24/Feb/2015:08:59:01 +0000] "GET /rss/ HTTP/1.1" 200 551 "-" "Mozilla/5.0 (compatible; Googlebot/2.1; +http://www.google.com/bot.html)"
123.125.71.18 - - [24/Feb/2015:13:04:44 +0000] "GET /robots.txt HTTP/1.1" 200 - "-" "Mozilla/5.0 (Windows NT 5.1; rv:6.0.2) Gecko/20100101 Firefox/6.0.2"
220.181.108.186 - - [24/Feb/2015:13:07:05 +0000] "GET / HTTP/1.1" 200 - "-" "Mozilla/5.0 (compatible; Baiduspider/2.0; +http://www.baidu.com/search/spider.html)"
180.191.84.2 - - [24/Feb/2015:13:45:08 +0000] "GET / HTTP/1.1" 200 - "http://buttons-for-website.com" "Mozilla/5.0 (Windows NT 6.1; WOW64) AppleWebKit/537.36 (KHTML, like Gecko) Chrome/36.0.1985.143 Safari/537.36"
180.191.84.2 - - [24/Feb/2015:13:45:09 +0000] "GET /assets/css/screen.css?v=6e69081782 HTTP/1.1" 200 - "http://brentonandtiffany.com/" "Mozilla/5.0 (Windows NT 6.1; WOW64) AppleWebKit/537.36 (KHTML, like Gecko) Chrome/36.0.1985.143 Safari/537.36"
180.191.84.2 - - [24/Feb/2015:13:45:09 +0000] "GET /public/jquery.min.js?v=6e69081782 HTTP/1.1" 200 - "http://brentonandtiffany.com/" "Mozilla/5.0 (Windows NT 6.1; WOW64) AppleWebKit/537.36 (KHTML, like Gecko) Chrome/36.0.1985.143 Safari/537.36"
180.191.84.2 - - [24/Feb/2015:13:45:09 +0000] "GET /assets/js/jquery.fitvids.js?v=6e69081782 HTTP/1.1" 200 - "http://brentonandtiffany.com/" "Mozilla/5.0 (Windows NT 6.1; WOW64) AppleWebKit/537.36 (KHTML, like Gecko) Chrome/36.0.1985.143 Safari/537.36"
180.191.84.2 - - [24/Feb/2015:13:45:09 +0000] "GET /content/images/2015/02/blurred_lines.jpeg HTTP/1.1" 200 581461 "http://brentonandtiffany.com/" "Mozilla/5.0 (Windows NT 6.1; WOW64) AppleWebKit/537.36 (KHTML, like Gecko) Chrome/36.0.1985.143 Safari/537.36"
180.191.84.2 - - [24/Feb/2015:13:45:10 +0000] "GET /assets/js/index.js?v=6e69081782 HTTP/1.1" 200 - "http://brentonandtiffany.com/" "Mozilla/5.0 (Windows NT 6.1; WOW64) AppleWebKit/537.36 (KHTML, like Gecko) Chrome/36.0.1985.143 Safari/537.36"
180.191.84.2 - - [24/Feb/2015:13:45:10 +0000] "GET /assets/fonts/casper-icons.ttf HTTP/1.1" 200 - "http://brentonandtiffany.com/" "Mozilla/5.0 (Windows NT 6.1; WOW64) AppleWebKit/537.36 (KHTML, like Gecko) Chrome/36.0.1985.143 Safari/537.36"
66.249.73.139 - - [24/Feb/2015:13:47:09 +0000] "GET /robots.txt HTTP/1.1" 200 - "-" "Mozilla/5.0 (compatible; Googlebot/2.1; +http://www.google.com/bot.html)"
66.249.73.139 - - [24/Feb/2015:13:47:09 +0000] "GET /sitemap-authors.xml HTTP/1.1" 200 551 "-" "Mozilla/5.0 (compatible; Googlebot/2.1; +http://www.google.com/bot.html)"
36.72.241.192 - - [24/Feb/2015:14:17:36 +0000] "GET / HTTP/1.1" 200 2818 "http://semalt.semalt.com/crawler.php?u=http://brentonandtiffany.com" "Mozilla/5.0 (Windows NT 6.1; WOW64) AppleWebKit/537.36 (KHTML, like Gecko) Chrome/36.0.1985.143 Safari/537.36"
36.72.241.192 - - [24/Feb/2015:14:17:37 +0000] "GET /assets/css/screen.css?v=6e69081782 HTTP/1.1" 200 37163 "http://brentonandtiffany.com/" "Mozilla/5.0 (Windows NT 6.1; WOW64) AppleWebKit/537.36 (KHTML, like Gecko) Chrome/36.0.1985.143 Safari/537.36"
36.72.241.192 - - [24/Feb/2015:14:17:38 +0000] "GET /public/jquery.min.js?v=6e69081782 HTTP/1.1" 200 97056 "http://brentonandtiffany.com/" "Mozilla/5.0 (Windows NT 6.1; WOW64) AppleWebKit/537.36 (KHTML, like Gecko) Chrome/36.0.1985.143 Safari/537.36"
36.72.241.192 - - [24/Feb/2015:14:17:38 +0000] "GET /assets/js/index.js?v=6e69081782 HTTP/1.1" 200 3075 "http://brentonandtiffany.com/" "Mozilla/5.0 (Windows NT 6.1; WOW64) AppleWebKit/537.36 (KHTML, like Gecko) Chrome/36.0.1985.143 Safari/537.36"
36.72.241.192 - - [24/Feb/2015:14:17:39 +0000] "GET /assets/js/jquery.fitvids.js?v=6e69081782 HTTP/1.1" 200 2698 "http://brentonandtiffany.com/" "Mozilla/5.0 (Windows NT 6.1; WOW64) AppleWebKit/537.36 (KHTML, like Gecko) Chrome/36.0.1985.143 Safari/537.36"
36.72.241.192 - - [24/Feb/2015:14:17:43 +0000] "GET /assets/fonts/casper-icons.ttf HTTP/1.1" 200 3108 "http://brentonandtiffany.com/" "Mozilla/5.0 (Windows NT 6.1; WOW64) AppleWebKit/537.36 (KHTML, like Gecko) Chrome/36.0.1985.143 Safari/537.36"
36.72.241.192 - - [24/Feb/2015:14:17:45 +0000] "GET /content/images/2015/02/blurred_lines.jpeg HTTP/1.1" 200 581461 "http://brentonandtiffany.com/" "Mozilla/5.0 (Windows NT 6.1; WOW64) AppleWebKit/537.36 (KHTML, like Gecko) Chrome/36.0.1985.143 Safari/537.36"
66.249.73.131 - - [24/Feb/2015:14:56:06 +0000] "GET /robots.txt HTTP/1.1" 200 - "-" "Mozilla/5.0 (compatible; Googlebot/2.1; +http://www.google.com/bot.html)"
66.249.73.139 - - [24/Feb/2015:14:56:06 +0000] "GET /sitemap-pages.xml HTTP/1.1" 200 866 "-" "Mozilla/5.0 (compatible; Googlebot/2.1; +http://www.google.com/bot.html)"
66.249.73.146 - - [24/Feb/2015:15:11:11 +0000] "GET /robots.txt HTTP/1.1" 200 - "-" "Mozilla/5.0 (compatible; Googlebot/2.1; +http://www.google.com/bot.html)"
66.249.73.154 - - [24/Feb/2015:15:11:11 +0000] "GET / HTTP/1.1" 200 - "-" "Mozilla/5.0 (compatible; Googlebot/2.1; +http://www.google.com/bot.html)"
66.249.73.147 - - [24/Feb/2015:15:11:17 +0000] "GET /rss/ HTTP/1.1" 200 551 "-" "Mozilla/5.0 (compatible; Googlebot/2.1; +http://www.google.com/bot.html)"
66.249.73.146 - - [24/Feb/2015:15:37:45 +0000] "GET /assets/css/screen.css?v=6e69081782 HTTP/1.1" 200 - "-" "Mozilla/5.0 (compatible; Googlebot/2.1; +http://www.google.com/bot.html)"
66.249.73.131 - - [24/Feb/2015:16:09:31 +0000] "GET /robots.txt HTTP/1.1" 200 - "-" "Mozilla/5.0 (compatible; Googlebot/2.1; +http://www.google.com/bot.html)"
66.249.73.139 - - [24/Feb/2015:16:09:31 +0000] "GET / HTTP/1.1" 200 - "-" "Mozilla/5.0 (compatible; Googlebot/2.1; +http://www.google.com/bot.html)"
66.249.84.132 - - [24/Feb/2015:17:01:03 +0000] "GET / HTTP/1.1" 200 - "-" "Mozilla/5.0 (Windows NT 6.1; rv:6.0) Gecko/20110814 Firefox/6.0 Google favicon"
66.249.84.132 - - [24/Feb/2015:17:01:03 +0000] "GET /favicon.ico HTTP/1.1" 200 - "-" "Mozilla/5.0 (Windows NT 6.1; rv:6.0) Gecko/20110814 Firefox/6.0 Google favicon"
54.183.153.209 - - [24/Feb/2015:17:45:15 +0000] "GET / HTTP/1.1" 200 - "-" "Mozilla/5.0 (compatible; Owler/0.4; +; )"
54.183.153.209 - - [24/Feb/2015:17:45:15 +0000] "GET /assets/css/screen.css?v=6e69081782 HTTP/1.1" 200 - "-" "Mozilla/5.0 (compatible; Owler/0.4; +; )"
54.183.153.209 - - [24/Feb/2015:17:45:16 +0000] "GET /about HTTP/1.1" 301 - "-" "Mozilla/5.0 (compatible; Owler/0.4; +; )"
54.183.153.209 - - [24/Feb/2015:17:45:16 +0000] "GET /about/ HTTP/1.1" 200 - "-" "Mozilla/5.0 (compatible; Owler/0.4; +; )"
54.183.153.209 - - [24/Feb/2015:17:45:16 +0000] "GET /content/images/2015/02/blurred_lines.jpeg HTTP/1.1" 200 581461 "-" "Mozilla/5.0 (compatible; Owler/0.4; +; )"
66.249.73.138 - - [24/Feb/2015:19:05:45 +0000] "GET /robots.txt HTTP/1.1" 200 - "-" "Mozilla/5.0 (compatible; Googlebot/2.1; +http://www.google.com/bot.html)"
66.249.73.138 - - [24/Feb/2015:19:05:45 +0000] "GET / HTTP/1.1" 200 - "-" "Mozilla/5.0 (compatible; Googlebot/2.1; +http://www.google.com/bot.html)"
180.76.4.56 - - [24/Feb/2015:19:11:03 +0000] "GET / HTTP/1.1" 200 2818 "-" "Mozilla/4.0 (compatible; MSIE 7.0; Windows NT 6.0)"
100.43.85.21 - - [24/Feb/2015:20:16:04 +0000] "GET /robots.txt HTTP/1.1" 200 82 "-" "Mozilla/5.0 (compatible; YandexBot/3.0; +http://yandex.com/bots)"
157.55.39.64 - - [24/Feb/2015:20:35:33 +0000] "GET /robots.txt HTTP/1.1" 200 82 "-" "Mozilla/5.0 (compatible; bingbot/2.0; +http://www.bing.com/bingbot.htm)"
157.55.39.64 - - [24/Feb/2015:20:35:38 +0000] "GET / HTTP/1.1" 200 - "-" "Mozilla/5.0 (compatible; bingbot/2.0; +http://www.bing.com/bingbot.htm)"
199.30.24.205 - - [24/Feb/2015:20:35:40 +0000] "GET /assets/css/screen.css?v=6e69081782 HTTP/1.1" 200 - "http://www.brentonandtiffany.com/" "Mozilla/5.0 (Windows NT 6.1; WOW64) AppleWebKit/534+ (KHTML, like Gecko) BingPreview/1.0b"
199.30.24.205 - - [24/Feb/2015:20:35:40 +0000] "GET /public/jquery.min.js?v=6e69081782 HTTP/1.1" 200 - "http://www.brentonandtiffany.com/" "Mozilla/5.0 (Windows NT 6.1; WOW64) AppleWebKit/534+ (KHTML, like Gecko) BingPreview/1.0b"
199.30.24.205 - - [24/Feb/2015:20:35:40 +0000] "GET /content/images/2015/02/blurred_lines.jpeg HTTP/1.1" 200 581461 "http://www.brentonandtiffany.com/" "Mozilla/5.0 (Windows NT 6.1; WOW64) AppleWebKit/534+ (KHTML, like Gecko) BingPreview/1.0b"
199.30.24.205 - - [24/Feb/2015:20:35:40 +0000] "GET /assets/fonts/casper-icons.ttf HTTP/1.1" 200 - "http://www.brentonandtiffany.com/" "Mozilla/5.0 (Windows NT 6.1; WOW64) AppleWebKit/534+ (KHTML, like Gecko) BingPreview/1.0b"
199.30.24.205 - - [24/Feb/2015:20:35:40 +0000] "GET /assets/js/jquery.fitvids.js?v=6e69081782 HTTP/1.1" 200 - "http://www.brentonandtiffany.com/" "Mozilla/5.0 (Windows NT 6.1; WOW64) AppleWebKit/534+ (KHTML, like Gecko) BingPreview/1.0b"
199.30.24.205 - - [24/Feb/2015:20:35:40 +0000] "GET /assets/js/index.js?v=6e69081782 HTTP/1.1" 200 - "http://www.brentonandtiffany.com/" "Mozilla/5.0 (Windows NT 6.1; WOW64) AppleWebKit/534+ (KHTML, like Gecko) BingPreview/1.0b"
157.55.39.211 - - [24/Feb/2015:20:35:42 +0000] "GET /robots.txt HTTP/1.1" 200 - "-" "Mozilla/5.0 (compatible; bingbot/2.0; +http://www.bing.com/bingbot.htm)"
66.249.73.131 - - [24/Feb/2015:20:41:51 +0000] "GET /robots.txt HTTP/1.1" 200 - "-" "Mozilla/5.0 (compatible; Googlebot/2.1; +http://www.google.com/bot.html)"
66.249.73.139 - - [24/Feb/2015:20:41:51 +0000] "GET /rss/ HTTP/1.1" 200 551 "-" "Mozilla/5.0 (compatible; Googlebot/2.1; +http://www.google.com/bot.html)"
180.76.4.39 - - [24/Feb/2015:21:05:45 +0000] "GET / HTTP/1.1" 200 2818 "-" "Mozilla/4.0 (compatible; MSIE 7.0; Windows NT 6.0)"
100.43.85.21 - - [24/Feb/2015:22:01:34 +0000] "GET /rss/ HTTP/1.1" 200 551 "-" "Mozilla/5.0 (compatible; YandexBot/3.0; +http://yandex.com/bots)"
100.43.85.21 - - [24/Feb/2015:23:35:46 +0000] "GET / HTTP/1.1" 200 - "-" "Mozilla/5.0 (compatible; YandexBot/3.0; +http://yandex.com/bots)"
180.76.4.179 - - [25/Feb/2015:00:57:06 +0000] "GET / HTTP/1.1" 200 2818 "-" "Mozilla/4.0 (compatible; MSIE 7.0; Windows NT 6.0)"
66.102.6.135 - - [25/Feb/2015:02:10:42 +0000] "GET / HTTP/1.1" 200 - "-" "Mozilla/5.0 (Windows NT 6.1; rv:6.0) Gecko/20110814 Firefox/6.0 Google favicon"
66.102.6.153 - - [25/Feb/2015:02:10:42 +0000] "GET /favicon.ico HTTP/1.1" 200 - "-" "Mozilla/5.0 (Windows NT 6.1; rv:6.0) Gecko/20110814 Firefox/6.0 Google favicon"
66.249.73.139 - - [25/Feb/2015:02:33:12 +0000] "GET /robots.txt HTTP/1.1" 200 - "-" "Mozilla/5.0 (compatible; Googlebot/2.1; +http://www.google.com/bot.html)"
66.249.73.131 - - [25/Feb/2015:02:33:12 +0000] "GET /rss/ HTTP/1.1" 200 551 "-" "Mozilla/5.0 (compatible; Googlebot/2.1; +http://www.google.com/bot.html)"
66.249.73.146 - - [25/Feb/2015:02:55:48 +0000] "GET /robots.txt HTTP/1.1" 200 - "-" "Mozilla/5.0 (compatible; Googlebot/2.1; +http://www.google.com/bot.html)"
66.249.73.138 - - [25/Feb/2015:02:55:48 +0000] "GET / HTTP/1.1" 200 - "-" "Mozilla/5.0 (compatible; Googlebot/2.1; +http://www.google.com/bot.html)"
66.249.73.139 - - [25/Feb/2015:04:00:06 +0000] "GET /robots.txt HTTP/1.1" 200 - "-" "Mozilla/5.0 (compatible; Googlebot/2.1; +http://www.google.com/bot.html)"
66.249.73.147 - - [25/Feb/2015:04:00:06 +0000] "GET / HTTP/1.1" 200 - "-" "Mozilla/5.0 (compatible; Googlebot/2.1; +http://www.google.com/bot.html)"
66.249.73.147 - - [25/Feb/2015:05:03:24 +0000] "GET /robots.txt HTTP/1.1" 200 - "-" "Mozilla/5.0 (compatible; Googlebot/2.1; +http://www.google.com/bot.html)"
66.249.73.139 - - [25/Feb/2015:05:03:24 +0000] "GET / HTTP/1.1" 200 - "-" "Mozilla/5.0 (iPhone; CPU iPhone OS 6_0 like Mac OS X) AppleWebKit/536.26 (KHTML, like Gecko) Version/6.0 Mobile/10A5376e Safari/8536.25 (compatible; Googlebot/2.1; +http://www.google.com/bot.html)"
100.43.85.21 - - [25/Feb/2015:05:31:50 +0000] "GET /robots.txt HTTP/1.1" 200 82 "-" "Mozilla/5.0 (compatible; YandexBot/3.0; +http://yandex.com/bots)"
180.76.4.197 - - [25/Feb/2015:06:58:28 +0000] "GET / HTTP/1.1" 200 2818 "-" "Mozilla/4.0 (compatible; MSIE 7.0; Windows NT 6.0)"
84.90.4.163 - - [25/Feb/2015:08:02:12 +0000] "GET / HTTP/1.1" 200 - "http://buttons-for-website.com" "Mozilla/5.0 (Windows NT 6.1; WOW64) AppleWebKit/537.36 (KHTML, like Gecko) Chrome/36.0.1985.143 Safari/537.36"
84.90.4.163 - - [25/Feb/2015:08:02:12 +0000] "GET /assets/css/screen.css?v=6e69081782 HTTP/1.1" 200 - "http://brentonandtiffany.com/" "Mozilla/5.0 (Windows NT 6.1; WOW64) AppleWebKit/537.36 (KHTML, like Gecko) Chrome/36.0.1985.143 Safari/537.36"
84.90.4.163 - - [25/Feb/2015:08:02:12 +0000] "GET /assets/js/index.js?v=6e69081782 HTTP/1.1" 200 - "http://brentonandtiffany.com/" "Mozilla/5.0 (Windows NT 6.1; WOW64) AppleWebKit/537.36 (KHTML, like Gecko) Chrome/36.0.1985.143 Safari/537.36"
84.90.4.163 - - [25/Feb/2015:08:02:12 +0000] "GET /assets/js/jquery.fitvids.js?v=6e69081782 HTTP/1.1" 200 - "http://brentonandtiffany.com/" "Mozilla/5.0 (Windows NT 6.1; WOW64) AppleWebKit/537.36 (KHTML, like Gecko) Chrome/36.0.1985.143 Safari/537.36"
84.90.4.163 - - [25/Feb/2015:08:02:12 +0000] "GET /public/jquery.min.js?v=6e69081782 HTTP/1.1" 200 - "http://brentonandtiffany.com/" "Mozilla/5.0 (Windows NT 6.1; WOW64) AppleWebKit/537.36 (KHTML, like Gecko) Chrome/36.0.1985.143 Safari/537.36"
84.90.4.163 - - [25/Feb/2015:08:02:13 +0000] "GET /content/images/2015/02/blurred_lines.jpeg HTTP/1.1" 200 581461 "http://brentonandtiffany.com/" "Mozilla/5.0 (Windows NT 6.1; WOW64) AppleWebKit/537.36 (KHTML, like Gecko) Chrome/36.0.1985.143 Safari/537.36"
84.90.4.163 - - [25/Feb/2015:08:02:13 +0000] "GET /assets/fonts/casper-icons.ttf HTTP/1.1" 200 - "http://brentonandtiffany.com/" "Mozilla/5.0 (Windows NT 6.1; WOW64) AppleWebKit/537.36 (KHTML, like Gecko) Chrome/36.0.1985.143 Safari/537.36"
66.249.73.139 - - [25/Feb/2015:08:39:04 +0000] "GET /robots.txt HTTP/1.1" 200 - "-" "Mozilla/5.0 (compatible; Googlebot/2.1; +http://www.google.com/bot.html)"
66.249.73.139 - - [25/Feb/2015:08:39:04 +0000] "GET /rss/ HTTP/1.1" 200 551 "-" "Mozilla/5.0 (compatible; Googlebot/2.1; +http://www.google.com/bot.html)"
180.76.4.63 - - [25/Feb/2015:09:06:47 +0000] "GET / HTTP/1.1" 200 2818 "-" "Mozilla/4.0 (compatible; MSIE 7.0; Windows NT 6.0)"
187.35.35.148 - - [25/Feb/2015:09:26:25 +0000] "GET / HTTP/1.1" 200 - "http://semalt.semalt.com/crawler.php?u=http://brentonandtiffany.com" "Mozilla/5.0 (Windows NT 6.1; WOW64) AppleWebKit/537.36 (KHTML, like Gecko) Chrome/36.0.1985.143 Safari/537.36"
187.35.35.148 - - [25/Feb/2015:09:26:25 +0000] "GET /assets/css/screen.css?v=6e69081782 HTTP/1.1" 200 - "http://brentonandtiffany.com/" "Mozilla/5.0 (Windows NT 6.1; WOW64) AppleWebKit/537.36 (KHTML, like Gecko) Chrome/36.0.1985.143 Safari/537.36"
187.35.35.148 - - [25/Feb/2015:09:26:26 +0000] "GET /content/images/2015/02/blurred_lines.jpeg HTTP/1.1" 200 581461 "http://brentonandtiffany.com/" "Mozilla/5.0 (Windows NT 6.1; WOW64) AppleWebKit/537.36 (KHTML, like Gecko) Chrome/36.0.1985.143 Safari/537.36"
187.35.35.148 - - [25/Feb/2015:09:26:26 +0000] "GET /public/jquery.min.js?v=6e69081782 HTTP/1.1" 200 - "http://brentonandtiffany.com/" "Mozilla/5.0 (Windows NT 6.1; WOW64) AppleWebKit/537.36 (KHTML, like Gecko) Chrome/36.0.1985.143 Safari/537.36"
187.35.35.148 - - [25/Feb/2015:09:26:26 +0000] "GET /assets/js/index.js?v=6e69081782 HTTP/1.1" 200 - "http://brentonandtiffany.com/" "Mozilla/5.0 (Windows NT 6.1; WOW64) AppleWebKit/537.36 (KHTML, like Gecko) Chrome/36.0.1985.143 Safari/537.36"
187.35.35.148 - - [25/Feb/2015:09:26:26 +0000] "GET /assets/js/jquery.fitvids.js?v=6e69081782 HTTP/1.1" 200 - "http://brentonandtiffany.com/" "Mozilla/5.0 (Windows NT 6.1; WOW64) AppleWebKit/537.36 (KHTML, like Gecko) Chrome/36.0.1985.143 Safari/537.36"
187.35.35.148 - - [25/Feb/2015:09:26:26 +0000] "GET /assets/fonts/casper-icons.ttf HTTP/1.1" 200 - "http://brentonandtiffany.com/" "Mozilla/5.0 (Windows NT 6.1; WOW64) AppleWebKit/537.36 (KHTML, like Gecko) Chrome/36.0.1985.143 Safari/537.36"
100.43.85.21 - - [25/Feb/2015:10:07:16 +0000] "GET /welcome-to-ghost/ HTTP/1.1" 200 - "-" "Mozilla/5.0 (compatible; YandexBot/3.0; +http://yandex.com/bots)"
157.55.39.65 - - [25/Feb/2015:10:22:46 +0000] "GET /robots.txt HTTP/1.1" 200 82 "-" "Mozilla/5.0 (compatible; bingbot/2.0; +http://www.bing.com/bingbot.htm)"
157.55.39.64 - - [25/Feb/2015:10:22:51 +0000] "GET / HTTP/1.1" 200 - "-" "Mozilla/5.0 (compatible; bingbot/2.0; +http://www.bing.com/bingbot.htm)"
66.249.73.147 - - [25/Feb/2015:14:38:22 +0000] "GET /robots.txt HTTP/1.1" 200 - "-" "Mozilla/5.0 (compatible; Googlebot/2.1; +http://www.google.com/bot.html)"
66.249.73.147 - - [25/Feb/2015:14:38:22 +0000] "GET /rss/ HTTP/1.1" 200 551 "-" "Mozilla/5.0 (compatible; Googlebot/2.1; +http://www.google.com/bot.html)"
180.76.4.223 - - [25/Feb/2015:15:11:58 +0000] "GET / HTTP/1.1" 200 2818 "-" "Mozilla/4.0 (compatible; MSIE 7.0; Windows NT 6.0)"
66.249.84.132 - - [25/Feb/2015:18:00:26 +0000] "GET / HTTP/1.1" 200 - "-" "Mozilla/5.0 (Windows NT 6.1; rv:6.0) Gecko/20110814 Firefox/6.0 Google favicon"
66.249.84.139 - - [25/Feb/2015:18:00:26 +0000] "GET /favicon.ico HTTP/1.1" 200 - "-" "Mozilla/5.0 (Windows NT 6.1; rv:6.0) Gecko/20110814 Firefox/6.0 Google favicon"
100.43.85.21 - - [25/Feb/2015:18:32:34 +0000] "GET /robots.txt HTTP/1.1" 200 82 "-" "Mozilla/5.0 (compatible; YandexBot/3.0; +http://yandex.com/bots)"
100.43.85.21 - - [25/Feb/2015:18:53:23 +0000] "GET /about HTTP/1.1" 301 - "-" "Mozilla/5.0 (compatible; YandexBot/3.0; +http://yandex.com/bots)"
100.43.85.21 - - [25/Feb/2015:18:53:25 +0000] "GET /about/ HTTP/1.1" 200 - "-" "Mozilla/5.0 (compatible; YandexBot/3.0; +http://yandex.com/bots)"
66.249.73.139 - - [25/Feb/2015:19:45:25 +0000] "GET /robots.txt HTTP/1.1" 200 - "-" "Mozilla/5.0 (compatible; Googlebot/2.1; +http://www.google.com/bot.html)"
66.249.73.131 - - [25/Feb/2015:19:45:25 +0000] "GET /rss/ HTTP/1.1" 200 551 "-" "Mozilla/5.0 (compatible; Googlebot/2.1; +http://www.google.com/bot.html)"
100.43.85.21 - - [25/Feb/2015:22:17:23 +0000] "GET /sitemap-pages.xml HTTP/1.1" 200 866 "-" "Mozilla/5.0 (compatible; YandexBot/3.0; +http://yandex.com/bots)"
100.43.85.21 - - [25/Feb/2015:22:17:25 +0000] "GET /sitemap-posts.xml HTTP/1.1" 200 223 "-" "Mozilla/5.0 (compatible; YandexBot/3.0; +http://yandex.com/bots)"
66.249.75.28 - - [26/Feb/2015:02:12:48 +0000] "GET /robots.txt HTTP/1.1" 200 - "-" "Mozilla/5.0 (compatible; Googlebot/2.1; +http://www.google.com/bot.html)"
66.249.75.44 - - [26/Feb/2015:02:12:48 +0000] "GET /rss/ HTTP/1.1" 200 551 "-" "Mozilla/5.0 (compatible; Googlebot/2.1; +http://www.google.com/bot.html)"
66.102.6.144 - - [26/Feb/2015:04:34:14 +0000] "GET / HTTP/1.1" 200 - "-" "Mozilla/5.0 (Windows NT 6.1; rv:6.0) Gecko/20110814 Firefox/6.0 Google favicon"
66.102.6.153 - - [26/Feb/2015:04:34:14 +0000] "GET /favicon.ico HTTP/1.1" 200 - "-" "Mozilla/5.0 (Windows NT 6.1; rv:6.0) Gecko/20110814 Firefox/6.0 Google favicon"
67.177.20.127 - - [26/Feb/2015:04:36:11 +0000] "GET / HTTP/1.1" 200 - "-" "Mozilla/5.0 (Windows NT 6.3; WOW64) AppleWebKit/537.36 (KHTML, like Gecko) Chrome/40.0.2214.115 Safari/537.36"
67.177.20.127 - - [26/Feb/2015:04:36:11 +0000] "GET /assets/css/screen.css?v=6e69081782 HTTP/1.1" 200 - "http://brentonandtiffany.com/" "Mozilla/5.0 (Windows NT 6.3; WOW64) AppleWebKit/537.36 (KHTML, like Gecko) Chrome/40.0.2214.115 Safari/537.36"
67.177.20.127 - - [26/Feb/2015:04:36:11 +0000] "GET /public/jquery.min.js?v=6e69081782 HTTP/1.1" 200 - "http://brentonandtiffany.com/" "Mozilla/5.0 (Windows NT 6.3; WOW64) AppleWebKit/537.36 (KHTML, like Gecko) Chrome/40.0.2214.115 Safari/537.36"
67.177.20.127 - - [26/Feb/2015:04:36:11 +0000] "GET /assets/js/jquery.fitvids.js?v=6e69081782 HTTP/1.1" 200 - "http://brentonandtiffany.com/" "Mozilla/5.0 (Windows NT 6.3; WOW64) AppleWebKit/537.36 (KHTML, like Gecko) Chrome/40.0.2214.115 Safari/537.36"
67.177.20.127 - - [26/Feb/2015:04:36:11 +0000] "GET /assets/js/index.js?v=6e69081782 HTTP/1.1" 200 - "http://brentonandtiffany.com/" "Mozilla/5.0 (Windows NT 6.3; WOW64) AppleWebKit/537.36 (KHTML, like Gecko) Chrome/40.0.2214.115 Safari/537.36"
67.177.20.127 - - [26/Feb/2015:04:36:11 +0000] "GET /content/images/2015/02/blurred_lines.jpeg HTTP/1.1" 200 581461 "http://brentonandtiffany.com/" "Mozilla/5.0 (Windows NT 6.3; WOW64) AppleWebKit/537.36 (KHTML, like Gecko) Chrome/40.0.2214.115 Safari/537.36"
67.177.20.127 - - [26/Feb/2015:04:36:11 +0000] "GET /favicon.ico HTTP/1.1" 200 - "-" "Mozilla/5.0 (Windows NT 6.3; WOW64) AppleWebKit/537.36 (KHTML, like Gecko) Chrome/40.0.2214.115 Safari/537.36"
67.177.20.127 - - [26/Feb/2015:04:36:21 +0000] "GET /about HTTP/1.1" 301 - "http://brentonandtiffany.com/" "Mozilla/5.0 (Windows NT 6.3; WOW64) AppleWebKit/537.36 (KHTML, like Gecko) Chrome/40.0.2214.115 Safari/537.36"
67.177.20.127 - - [26/Feb/2015:04:36:21 +0000] "GET /about/ HTTP/1.1" 200 - "http://brentonandtiffany.com/" "Mozilla/5.0 (Windows NT 6.3; WOW64) AppleWebKit/537.36 (KHTML, like Gecko) Chrome/40.0.2214.115 Safari/537.36"
67.177.20.127 - - [26/Feb/2015:04:36:21 +0000] "GET /content/images/2015/02/edits--14-of-15-.JPG HTTP/1.1" 200 1706085 "http://brentonandtiffany.com/about/" "Mozilla/5.0 (Windows NT 6.3; WOW64) AppleWebKit/537.36 (KHTML, like Gecko) Chrome/40.0.2214.115 Safari/537.36"
67.177.20.127 - - [26/Feb/2015:04:36:21 +0000] "GET /content/images/2015/02/20140530-_DSC0205.jpg HTTP/1.1" 200 5290927 "http://brentonandtiffany.com/about/" "Mozilla/5.0 (Windows NT 6.3; WOW64) AppleWebKit/537.36 (KHTML, like Gecko) Chrome/40.0.2214.115 Safari/537.36"
66.249.75.12 - - [26/Feb/2015:07:32:30 +0000] "GET /robots.txt HTTP/1.1" 200 - "-" "Mozilla/5.0 (compatible; Googlebot/2.1; +http://www.google.com/bot.html)"
66.249.75.44 - - [26/Feb/2015:07:32:30 +0000] "GET /sitemap-tags.xml HTTP/1.1" 200 223 "-" "Mozilla/5.0 (compatible; Googlebot/2.1; +http://www.google.com/bot.html)"
66.249.75.12 - - [26/Feb/2015:07:37:48 +0000] "GET /rss/ HTTP/1.1" 200 551 "-" "Mozilla/5.0 (compatible; Googlebot/2.1; +http://www.google.com/bot.html)"
100.43.85.21 - - [26/Feb/2015:10:14:34 +0000] "GET /robots.txt HTTP/1.1" 200 82 "-" "Mozilla/5.0 (compatible; YandexBot/3.0; +http://yandex.com/bots)"
157.55.39.64 - - [26/Feb/2015:10:45:05 +0000] "GET / HTTP/1.1" 200 - "-" "Mozilla/5.0 (compatible; bingbot/2.0; +http://www.bing.com/bingbot.htm)"
100.43.85.21 - - [26/Feb/2015:11:39:28 +0000] "GET /rss/ HTTP/1.1" 200 551 "-" "Mozilla/5.0 (compatible; YandexBot/3.0; +http://yandex.com/bots)"
66.249.75.44 - - [26/Feb/2015:12:57:22 +0000] "GET /robots.txt HTTP/1.1" 200 - "-" "Mozilla/5.0 (compatible; Googlebot/2.1; +http://www.google.com/bot.html)"
66.249.75.44 - - [26/Feb/2015:12:57:22 +0000] "GET /rss/ HTTP/1.1" 200 551 "-" "Mozilla/5.0 (compatible; Googlebot/2.1; +http://www.google.com/bot.html)"
180.76.4.154 - - [26/Feb/2015:13:06:06 +0000] "GET / HTTP/1.1" 200 2818 "-" "Mozilla/4.0 (compatible; MSIE 7.0; Windows NT 6.0)"
180.76.4.191 - - [26/Feb/2015:15:06:02 +0000] "GET / HTTP/1.1" 200 2818 "-" "Mozilla/4.0 (compatible; MSIE 7.0; Windows NT 6.0)"
54.205.74.114 - - [26/Feb/2015:17:51:34 +0000] "GET / HTTP/1.1" 200 2818 "-" "Mozilla/5.0 (Windows; U; Windows NT 6.0; en-US; rv:1.9.2.3) Gecko/20100401 Firefox/3.6.3 GTB6 (.NET CLR 3.5.30729)"
191.8.9.187 - - [26/Feb/2015:18:18:36 +0000] "GET / HTTP/1.1" 200 - "http://buttons-for-website.com" "Mozilla/5.0 (Windows NT 6.1; WOW64) AppleWebKit/537.36 (KHTML, like Gecko) Chrome/36.0.1985.143 Safari/537.36"
191.8.9.187 - - [26/Feb/2015:18:18:37 +0000] "GET /assets/css/screen.css?v=6e69081782 HTTP/1.1" 200 - "http://brentonandtiffany.com/" "Mozilla/5.0 (Windows NT 6.1; WOW64) AppleWebKit/537.36 (KHTML, like Gecko) Chrome/36.0.1985.143 Safari/537.36"
191.8.9.187 - - [26/Feb/2015:18:18:37 +0000] "GET /assets/js/index.js?v=6e69081782 HTTP/1.1" 200 - "http://brentonandtiffany.com/" "Mozilla/5.0 (Windows NT 6.1; WOW64) AppleWebKit/537.36 (KHTML, like Gecko) Chrome/36.0.1985.143 Safari/537.36"
191.8.9.187 - - [26/Feb/2015:18:18:37 +0000] "GET /public/jquery.min.js?v=6e69081782 HTTP/1.1" 200 - "http://brentonandtiffany.com/" "Mozilla/5.0 (Windows NT 6.1; WOW64) AppleWebKit/537.36 (KHTML, like Gecko) Chrome/36.0.1985.143 Safari/537.36"
191.8.9.187 - - [26/Feb/2015:18:18:37 +0000] "GET /assets/js/jquery.fitvids.js?v=6e69081782 HTTP/1.1" 200 - "http://brentonandtiffany.com/" "Mozilla/5.0 (Windows NT 6.1; WOW64) AppleWebKit/537.36 (KHTML, like Gecko) Chrome/36.0.1985.143 Safari/537.36"
191.8.9.187 - - [26/Feb/2015:18:18:37 +0000] "GET /content/images/2015/02/blurred_lines.jpeg HTTP/1.1" 200 581461 "http://brentonandtiffany.com/" "Mozilla/5.0 (Windows NT 6.1; WOW64) AppleWebKit/537.36 (KHTML, like Gecko) Chrome/36.0.1985.143 Safari/537.36"
191.8.9.187 - - [26/Feb/2015:18:18:37 +0000] "GET /assets/fonts/casper-icons.ttf HTTP/1.1" 200 - "http://brentonandtiffany.com/" "Mozilla/5.0 (Windows NT 6.1; WOW64) AppleWebKit/537.36 (KHTML, like Gecko) Chrome/36.0.1985.143 Safari/537.36"
66.249.64.156 - - [26/Feb/2015:18:26:29 +0000] "GET /robots.txt HTTP/1.1" 200 - "-" "Mozilla/5.0 (compatible; Googlebot/2.1; +http://www.google.com/bot.html)"
66.249.64.156 - - [26/Feb/2015:18:26:29 +0000] "GET /rss/ HTTP/1.1" 200 551 "-" "Mozilla/5.0 (compatible; Googlebot/2.1; +http://www.google.com/bot.html)"
180.76.4.197 - - [26/Feb/2015:18:57:13 +0000] "GET / HTTP/1.1" 200 2818 "-" "Mozilla/4.0 (compatible; MSIE 7.0; Windows NT 6.0)"
100.43.85.21 - - [26/Feb/2015:20:59:23 +0000] "GET /robots.txt HTTP/1.1" 200 82 "-" "Mozilla/5.0 (compatible; YandexBot/3.0; +http://yandex.com/bots)"
100.43.85.21 - - [26/Feb/2015:21:31:56 +0000] "GET / HTTP/1.1" 200 - "-" "Mozilla/5.0 (compatible; YandexBot/3.0; +http://yandex.com/bots)"
66.249.84.132 - - [26/Feb/2015:22:24:03 +0000] "GET / HTTP/1.1" 200 - "-" "Mozilla/5.0 (Windows NT 6.1; rv:6.0) Gecko/20110814 Firefox/6.0 Google favicon"
66.249.84.139 - - [26/Feb/2015:22:24:03 +0000] "GET /favicon.ico HTTP/1.1" 200 - "-" "Mozilla/5.0 (Windows NT 6.1; rv:6.0) Gecko/20110814 Firefox/6.0 Google favicon"
66.249.64.156 - - [26/Feb/2015:23:39:35 +0000] "GET /robots.txt HTTP/1.1" 200 - "-" "Mozilla/5.0 (compatible; Googlebot/2.1; +http://www.google.com/bot.html)"
