202.94.70.53 - - [10/Feb/2015:15:46:57 +0000] "GET /phpmyadmin2/ HTTP/1.1" 404 - "-" "Mozilla/4.0 (compatible; MSIE 6.0; Windows 98)"
202.94.70.53 - - [10/Feb/2015:15:46:58 +0000] "GET /phpMyAdmin2/ HTTP/1.1" 301 47 "-" "Mozilla/4.0 (compatible; MSIE 6.0; Windows 98)"
202.94.70.53 - - [10/Feb/2015:15:46:58 +0000] "GET /phpMyAdmin-2/ HTTP/1.1" 301 48 "-" "Mozilla/4.0 (compatible; MSIE 6.0; Windows 98)"
202.94.70.53 - - [10/Feb/2015:15:46:59 +0000] "GET /php-my-admin/ HTTP/1.1" 404 - "-" "Mozilla/4.0 (compatible; MSIE 6.0; Windows 98)"
202.94.70.53 - - [10/Feb/2015:15:46:59 +0000] "GET /sqlmanager/ HTTP/1.1" 404 - "-" "Mozilla/4.0 (compatible; MSIE 6.0; Windows 98)"
202.94.70.53 - - [10/Feb/2015:15:46:59 +0000] "GET /mysqlmanager/ HTTP/1.1" 404 - "-" "Mozilla/4.0 (compatible; MSIE 6.0; Windows 98)"
103.24.77.53 - - [10/Feb/2015:15:47:00 +0000] "GET /p/m/a/ HTTP/1.1" 404 - "-" "Mozilla/4.0 (compatible; MSIE 6.0; Windows 98)"
103.24.77.53 - - [10/Feb/2015:15:47:01 +0000] "GET /php-myadmin/ HTTP/1.1" 404 - "-" "Mozilla/4.0 (compatible; MSIE 6.0; Windows 98)"
202.94.70.53 - - [10/Feb/2015:15:47:01 +0000] "GET /phpmy-admin/ HTTP/1.1" 404 - "-" "Mozilla/4.0 (compatible; MSIE 6.0; Windows 98)"
202.94.70.53 - - [10/Feb/2015:15:47:02 +0000] "GET /webadmin/ HTTP/1.1" 404 - "-" "Mozilla/4.0 (compatible; MSIE 6.0; Windows 98)"
202.94.70.53 - - [10/Feb/2015:15:47:02 +0000] "GET /sqlweb/ HTTP/1.1" 404 - "-" "Mozilla/4.0 (compatible; MSIE 6.0; Windows 98)"
103.24.77.53 - - [10/Feb/2015:15:47:03 +0000] "GET /websql/ HTTP/1.1" 404 - "-" "Mozilla/4.0 (compatible; MSIE 6.0; Windows 98)"
202.94.70.53 - - [10/Feb/2015:15:47:03 +0000] "GET /webdb/ HTTP/1.1" 404 - "-" "Mozilla/4.0 (compatible; MSIE 6.0; Windows 98)"
202.94.70.53 - - [10/Feb/2015:15:47:03 +0000] "GET /mysqladmin/ HTTP/1.1" 404 - "-" "Mozilla/4.0 (compatible; MSIE 6.0; Windows 98)"
103.24.77.53 - - [10/Feb/2015:15:47:04 +0000] "GET /mysql-admin/ HTTP/1.1" 404 - "-" "Mozilla/4.0 (compatible; MSIE 6.0; Windows 98)"
66.249.67.19 - - [10/Feb/2015:16:58:06 +0000] "GET /robots.txt HTTP/1.1" 200 - "-" "Mozilla/5.0 (compatible; Googlebot/2.1; +http://www.google.com/bot.html)"
66.249.67.11 - - [10/Feb/2015:16:58:07 +0000] "GET /sitemap.xml HTTP/1.1" 200 650 "-" "Mozilla/5.0 (compatible; Googlebot/2.1; +http://www.google.com/bot.html)"
66.249.67.19 - - [10/Feb/2015:16:58:42 +0000] "GET /sitemap-authors.xml HTTP/1.1" 200 551 "-" "Mozilla/5.0 (compatible; Googlebot/2.1; +http://www.google.com/bot.html)"
66.249.67.2 - - [10/Feb/2015:16:59:27 +0000] "GET /sitemap-pages.xml HTTP/1.1" 200 536 "-" "Mozilla/5.0 (compatible; Googlebot/2.1; +http://www.google.com/bot.html)"
66.249.67.2 - - [10/Feb/2015:16:59:38 +0000] "GET /sitemap-tags.xml HTTP/1.1" 200 392 "-" "Mozilla/5.0 (compatible; Googlebot/2.1; +http://www.google.com/bot.html)"
180.76.4.171 - - [10/Feb/2015:16:59:52 +0000] "GET / HTTP/1.1" 200 2408 "-" "Mozilla/4.0 (compatible; MSIE 7.0; Windows NT 6.0)"
66.249.67.2 - - [10/Feb/2015:16:59:58 +0000] "GET /sitemap-posts.xml HTTP/1.1" 200 223 "-" "Mozilla/5.0 (compatible; Googlebot/2.1; +http://www.google.com/bot.html)"
219.232.247.108 - - [10/Feb/2015:18:01:18 +0000] "GET /iviv/ivi/iv.php HTTP/1.1" 301 - "-" "-"
219.232.247.108 - - [10/Feb/2015:18:01:19 +0000] "GET /phpMyAdmin/scripts/setup.php HTTP/1.1" 301 - "-" "-"
219.232.247.108 - - [10/Feb/2015:18:01:19 +0000] "GET /pma/scripts/setup.php HTTP/1.1" 301 - "-" "-"
219.232.247.108 - - [10/Feb/2015:18:01:20 +0000] "GET /myadmin/scripts/setup.php HTTP/1.1" 301 - "-" "-"
185.35.62.11 - - [10/Feb/2015:18:14:13 +0000] "HEAD / HTTP/1.1" 200 2408 "-" "-"
177.41.184.222 - - [10/Feb/2015:18:23:14 +0000] "GET / HTTP/1.1" 200 - "http://semalt.semalt.com/crawler.php?u=http://brentonandtiffany.com" "Mozilla/5.0 (Windows NT 6.1; WOW64) AppleWebKit/537.36 (KHTML, like Gecko) Chrome/36.0.1985.143 Safari/537.36"
177.41.184.222 - - [10/Feb/2015:18:23:14 +0000] "GET /assets/css/screen.css?v=68b0d971c5 HTTP/1.1" 200 - "http://brentonandtiffany.com/" "Mozilla/5.0 (Windows NT 6.1; WOW64) AppleWebKit/537.36 (KHTML, like Gecko) Chrome/36.0.1985.143 Safari/537.36"
177.41.184.222 - - [10/Feb/2015:18:23:14 +0000] "GET /public/jquery.min.js?v=68b0d971c5 HTTP/1.1" 200 - "http://brentonandtiffany.com/" "Mozilla/5.0 (Windows NT 6.1; WOW64) AppleWebKit/537.36 (KHTML, like Gecko) Chrome/36.0.1985.143 Safari/537.36"
177.41.184.222 - - [10/Feb/2015:18:23:14 +0000] "GET /assets/js/jquery.fitvids.js?v=68b0d971c5 HTTP/1.1" 200 - "http://brentonandtiffany.com/" "Mozilla/5.0 (Windows NT 6.1; WOW64) AppleWebKit/537.36 (KHTML, like Gecko) Chrome/36.0.1985.143 Safari/537.36"
177.41.184.222 - - [10/Feb/2015:18:23:14 +0000] "GET /assets/js/index.js?v=68b0d971c5 HTTP/1.1" 200 - "http://brentonandtiffany.com/" "Mozilla/5.0 (Windows NT 6.1; WOW64) AppleWebKit/537.36 (KHTML, like Gecko) Chrome/36.0.1985.143 Safari/537.36"
177.41.184.222 - - [10/Feb/2015:18:23:14 +0000] "GET /content/images/2015/02/bokeh_lights-2.jpg HTTP/1.1" 200 34950 "http://brentonandtiffany.com/" "Mozilla/5.0 (Windows NT 6.1; WOW64) AppleWebKit/537.36 (KHTML, like Gecko) Chrome/36.0.1985.143 Safari/537.36"
177.41.184.222 - - [10/Feb/2015:18:23:14 +0000] "GET /assets/fonts/casper-icons.ttf HTTP/1.1" 200 - "http://brentonandtiffany.com/" "Mozilla/5.0 (Windows NT 6.1; WOW64) AppleWebKit/537.36 (KHTML, like Gecko) Chrome/36.0.1985.143 Safari/537.36"
127.0.0.1 - - [10/Feb/2015:18:28:25 +0000] "GET /ghost/1/ HTTP/1.1" 200 - "-" "Mozilla/5.0 (iPhone; CPU iPhone OS 8_1_3 like Mac OS X) AppleWebKit/600.1.4 (KHTML, like Gecko) Version/8.0 Mobile/12B466 Safari/600.1.4"
66.87.127.173 - - [10/Feb/2015:18:28:25 +0000] "GET /ghost/scripts/vendor.min.js?v=68b0d971c5 HTTP/1.1" 200 - "http://brentonandtiffany.com/ghost/1/" "Mozilla/5.0 (iPhone; CPU iPhone OS 8_1_3 like Mac OS X) AppleWebKit/600.1.4 (KHTML, like Gecko) Version/8.0 Mobile/12B466 Safari/600.1.4"
66.87.127.173 - - [10/Feb/2015:18:28:29 +0000] "POST /ghost/api/v0.1/authentication/token HTTP/1.1" 401 76 "http://brentonandtiffany.com/ghost/1/" "Mozilla/5.0 (iPhone; CPU iPhone OS 8_1_3 like Mac OS X) AppleWebKit/600.1.4 (KHTML, like Gecko) Version/8.0 Mobile/12B466 Safari/600.1.4"
180.76.4.193 - - [10/Feb/2015:19:00:43 +0000] "GET / HTTP/1.1" 200 2408 "-" "Mozilla/4.0 (compatible; MSIE 7.0; Windows NT 6.0)"
180.76.4.50 - - [10/Feb/2015:20:56:55 +0000] "GET / HTTP/1.1" 200 2408 "-" "Mozilla/4.0 (compatible; MSIE 7.0; Windows NT 6.0)"
189.47.223.129 - - [10/Feb/2015:20:57:03 +0000] "GET / HTTP/1.1" 200 - "http://semalt.semalt.com/crawler.php?u=http://brentonandtiffany.com" "Mozilla/5.0 (Windows NT 6.1; WOW64) AppleWebKit/537.36 (KHTML, like Gecko) Chrome/35.0.1916.153 Safari/537.36"
189.47.223.129 - - [10/Feb/2015:20:57:03 +0000] "GET /assets/css/screen.css?v=68b0d971c5 HTTP/1.1" 200 - "http://brentonandtiffany.com/" "Mozilla/5.0 (Windows NT 6.1; WOW64) AppleWebKit/537.36 (KHTML, like Gecko) Chrome/35.0.1916.153 Safari/537.36"
189.47.223.129 - - [10/Feb/2015:20:57:04 +0000] "GET /public/jquery.min.js?v=68b0d971c5 HTTP/1.1" 200 - "http://brentonandtiffany.com/" "Mozilla/5.0 (Windows NT 6.1; WOW64) AppleWebKit/537.36 (KHTML, like Gecko) Chrome/35.0.1916.153 Safari/537.36"
189.47.223.129 - - [10/Feb/2015:20:57:04 +0000] "GET /assets/js/index.js?v=68b0d971c5 HTTP/1.1" 200 - "http://brentonandtiffany.com/" "Mozilla/5.0 (Windows NT 6.1; WOW64) AppleWebKit/537.36 (KHTML, like Gecko) Chrome/35.0.1916.153 Safari/537.36"
189.47.223.129 - - [10/Feb/2015:20:57:04 +0000] "GET /assets/js/jquery.fitvids.js?v=68b0d971c5 HTTP/1.1" 200 - "http://brentonandtiffany.com/" "Mozilla/5.0 (Windows NT 6.1; WOW64) AppleWebKit/537.36 (KHTML, like Gecko) Chrome/35.0.1916.153 Safari/537.36"
189.47.223.129 - - [10/Feb/2015:20:57:04 +0000] "GET /content/images/2015/02/bokeh_lights-2.jpg HTTP/1.1" 200 34950 "http://brentonandtiffany.com/" "Mozilla/5.0 (Windows NT 6.1; WOW64) AppleWebKit/537.36 (KHTML, like Gecko) Chrome/35.0.1916.153 Safari/537.36"
189.47.223.129 - - [10/Feb/2015:20:57:04 +0000] "GET /assets/fonts/casper-icons.ttf HTTP/1.1" 200 - "http://brentonandtiffany.com/" "Mozilla/5.0 (Windows NT 6.1; WOW64) AppleWebKit/537.36 (KHTML, like Gecko) Chrome/35.0.1916.153 Safari/537.36"
66.249.64.156 - - [10/Feb/2015:21:12:35 +0000] "GET /robots.txt HTTP/1.1" 200 - "-" "Mozilla/5.0 (compatible; Googlebot/2.1; +http://www.google.com/bot.html)"
66.249.64.148 - - [10/Feb/2015:21:12:35 +0000] "GET /rss/ HTTP/1.1" 200 551 "-" "Mozilla/5.0 (compatible; Googlebot/2.1; +http://www.google.com/bot.html)"
180.76.4.87 - - [10/Feb/2015:22:57:22 +0000] "GET / HTTP/1.1" 200 2408 "-" "Mozilla/4.0 (compatible; MSIE 7.0; Windows NT 6.0)"
100.43.85.21 - - [10/Feb/2015:22:58:32 +0000] "GET /robots.txt HTTP/1.1" 200 82 "-" "Mozilla/5.0 (compatible; YandexBot/3.0; +http://yandex.com/bots)"
64.19.195.247 - - [10/Feb/2015:23:06:08 +0000] "GET / HTTP/1.1" 200 - "-" "Mozilla/5.0 (Macintosh; Intel Mac OS X 10_10_1) AppleWebKit/537.36 (KHTML, like Gecko) Chrome/40.0.2214.111 Safari/537.36"
64.19.195.247 - - [10/Feb/2015:23:06:08 +0000] "GET /assets/css/screen.css?v=68b0d971c5 HTTP/1.1" 200 - "http://64.19.195.133/" "Mozilla/5.0 (Macintosh; Intel Mac OS X 10_10_1) AppleWebKit/537.36 (KHTML, like Gecko) Chrome/40.0.2214.111 Safari/537.36"
64.19.195.247 - - [10/Feb/2015:23:06:08 +0000] "GET /assets/js/jquery.fitvids.js?v=68b0d971c5 HTTP/1.1" 200 - "http://64.19.195.133/" "Mozilla/5.0 (Macintosh; Intel Mac OS X 10_10_1) AppleWebKit/537.36 (KHTML, like Gecko) Chrome/40.0.2214.111 Safari/537.36"
64.19.195.247 - - [10/Feb/2015:23:06:08 +0000] "GET /assets/js/index.js?v=68b0d971c5 HTTP/1.1" 200 - "http://64.19.195.133/" "Mozilla/5.0 (Macintosh; Intel Mac OS X 10_10_1) AppleWebKit/537.36 (KHTML, like Gecko) Chrome/40.0.2214.111 Safari/537.36"
64.19.195.247 - - [10/Feb/2015:23:06:08 +0000] "GET /public/jquery.min.js?v=68b0d971c5 HTTP/1.1" 200 - "http://64.19.195.133/" "Mozilla/5.0 (Macintosh; Intel Mac OS X 10_10_1) AppleWebKit/537.36 (KHTML, like Gecko) Chrome/40.0.2214.111 Safari/537.36"
64.19.195.247 - - [10/Feb/2015:23:06:08 +0000] "GET /content/images/2015/02/bokeh_lights-2.jpg HTTP/1.1" 200 34950 "http://64.19.195.133/" "Mozilla/5.0 (Macintosh; Intel Mac OS X 10_10_1) AppleWebKit/537.36 (KHTML, like Gecko) Chrome/40.0.2214.111 Safari/537.36"
64.19.195.247 - - [10/Feb/2015:23:06:08 +0000] "GET /assets/fonts/casper-icons.woff HTTP/1.1" 200 2260 "http://64.19.195.133/assets/css/screen.css?v=68b0d971c5" "Mozilla/5.0 (Macintosh; Intel Mac OS X 10_10_1) AppleWebKit/537.36 (KHTML, like Gecko) Chrome/40.0.2214.111 Safari/537.36"
182.118.55.196 - - [10/Feb/2015:23:10:30 +0000] "GET / HTTP/1.1" 200 - "-" "Mozilla/5.0 (Macintosh; Intel Mac OS X 10_10_1) AppleWebKit/537.36 (KHTML, like Gecko) Chrome/41.0.2251.0 Safari/537.36"
66.249.64.11 - - [11/Feb/2015:00:06:22 +0000] "GET /robots.txt HTTP/1.1" 200 - "-" "Mozilla/5.0 (compatible; Googlebot/2.1; +http://www.google.com/bot.html)"
66.249.64.7 - - [11/Feb/2015:00:06:22 +0000] "GET / HTTP/1.1" 200 - "-" "Mozilla/5.0 (compatible; Googlebot/2.1; +http://www.google.com/bot.html)"
66.249.64.8 - - [11/Feb/2015:00:11:39 +0000] "GET /robots.txt HTTP/1.1" 200 - "-" "Mozilla/5.0 (compatible; Googlebot/2.1; +http://www.google.com/bot.html)"
66.249.64.8 - - [11/Feb/2015:00:11:39 +0000] "GET / HTTP/1.1" 200 - "-" "Mozilla/5.0 (compatible; Googlebot/2.1; +http://www.google.com/bot.html)"
66.249.64.3 - - [11/Feb/2015:00:11:42 +0000] "GET /assets/js/jquery.fitvids.js?v=6a86cba24e HTTP/1.1" 200 - "-" "Mozilla/5.0 (compatible; Googlebot/2.1; +http://www.google.com/bot.html)"
66.249.64.7 - - [11/Feb/2015:00:11:43 +0000] "GET /public/jquery.js?v=6a86cba24e HTTP/1.1" 200 - "-" "Mozilla/5.0 (compatible; Googlebot/2.1; +http://www.google.com/bot.html)"
66.249.64.3 - - [11/Feb/2015:00:11:43 +0000] "GET /assets/css/screen.css?v=6a86cba24e HTTP/1.1" 200 - "-" "Mozilla/5.0 (compatible; Googlebot/2.1; +http://www.google.com/bot.html)"
66.249.64.11 - - [11/Feb/2015:00:11:44 +0000] "GET /assets/js/index.js?v=6a86cba24e HTTP/1.1" 200 - "-" "Mozilla/5.0 (compatible; Googlebot/2.1; +http://www.google.com/bot.html)"
66.249.64.11 - - [11/Feb/2015:00:11:45 +0000] "GET /assets/js/jquery.fitvids.js?v=68b0d971c5 HTTP/1.1" 200 - "http://www.brentonandtiffany.com/" "Mozilla/5.0 (compatible; Googlebot/2.1; +http://www.google.com/bot.html)"
66.249.64.3 - - [11/Feb/2015:00:11:46 +0000] "GET /public/jquery.min.js?v=68b0d971c5 HTTP/1.1" 200 - "http://www.brentonandtiffany.com/" "Mozilla/5.0 (compatible; Googlebot/2.1; +http://www.google.com/bot.html)"
66.249.64.3 - - [11/Feb/2015:00:11:46 +0000] "GET /assets/js/index.js?v=68b0d971c5 HTTP/1.1" 200 - "http://www.brentonandtiffany.com/" "Mozilla/5.0 (compatible; Googlebot/2.1; +http://www.google.com/bot.html)"
66.249.64.11 - - [11/Feb/2015:00:11:47 +0000] "GET /assets/css/screen.css?v=68b0d971c5 HTTP/1.1" 200 - "http://www.brentonandtiffany.com/" "Mozilla/5.0 (compatible; Googlebot/2.1; +http://www.google.com/bot.html)"
180.76.4.122 - - [11/Feb/2015:01:01:03 +0000] "GET / HTTP/1.1" 200 2408 "-" "Mozilla/4.0 (compatible; MSIE 7.0; Windows NT 6.0)"
67.177.20.127 - - [11/Feb/2015:02:20:35 +0000] "GET / HTTP/1.1" 200 - "-" "Mozilla/5.0 (Macintosh; Intel Mac OS X 10_10_2) AppleWebKit/600.3.18 (KHTML, like Gecko) Version/8.0.3 Safari/600.3.18"
67.177.20.127 - - [11/Feb/2015:02:20:35 +0000] "GET /assets/css/screen.css?v=68b0d971c5 HTTP/1.1" 200 - "http://brentonandtiffany.com/" "Mozilla/5.0 (Macintosh; Intel Mac OS X 10_10_2) AppleWebKit/600.3.18 (KHTML, like Gecko) Version/8.0.3 Safari/600.3.18"
67.177.20.127 - - [11/Feb/2015:02:20:35 +0000] "GET /public/jquery.min.js?v=68b0d971c5 HTTP/1.1" 200 - "http://brentonandtiffany.com/" "Mozilla/5.0 (Macintosh; Intel Mac OS X 10_10_2) AppleWebKit/600.3.18 (KHTML, like Gecko) Version/8.0.3 Safari/600.3.18"
67.177.20.127 - - [11/Feb/2015:02:20:35 +0000] "GET /content/images/2015/02/bokeh_lights-2.jpg HTTP/1.1" 200 34950 "http://brentonandtiffany.com/" "Mozilla/5.0 (Macintosh; Intel Mac OS X 10_10_2) AppleWebKit/600.3.18 (KHTML, like Gecko) Version/8.0.3 Safari/600.3.18"
67.177.20.127 - - [11/Feb/2015:02:26:13 +0000] "GET / HTTP/1.1" 304 - "-" "Mozilla/5.0 (Macintosh; Intel Mac OS X 10_10_2) AppleWebKit/600.3.18 (KHTML, like Gecko) Version/8.0.3 Safari/600.3.18"
67.177.20.127 - - [11/Feb/2015:02:26:14 +0000] "GET /assets/js/jquery.fitvids.js?v=68b0d971c5 HTTP/1.1" 200 - "http://brentonandtiffany.com/" "Mozilla/5.0 (Macintosh; Intel Mac OS X 10_10_2) AppleWebKit/600.3.18 (KHTML, like Gecko) Version/8.0.3 Safari/600.3.18"
67.177.20.127 - - [11/Feb/2015:02:26:14 +0000] "GET /assets/js/index.js?v=68b0d971c5 HTTP/1.1" 200 - "http://brentonandtiffany.com/" "Mozilla/5.0 (Macintosh; Intel Mac OS X 10_10_2) AppleWebKit/600.3.18 (KHTML, like Gecko) Version/8.0.3 Safari/600.3.18"
67.177.20.127 - - [11/Feb/2015:02:26:15 +0000] "GET /assets/fonts/casper-icons.woff HTTP/1.1" 200 2260 "http://brentonandtiffany.com/" "Mozilla/5.0 (Macintosh; Intel Mac OS X 10_10_2) AppleWebKit/600.3.18 (KHTML, like Gecko) Version/8.0.3 Safari/600.3.18"
67.177.20.127 - - [11/Feb/2015:02:26:16 +0000] "GET /admin HTTP/1.1" 301 - "-" "Mozilla/5.0 (Macintosh; Intel Mac OS X 10_10_2) AppleWebKit/600.3.18 (KHTML, like Gecko) Version/8.0.3 Safari/600.3.18"
67.177.20.127 - - [11/Feb/2015:02:26:16 +0000] "GET /admin/ HTTP/1.1" 302 70 "-" "Mozilla/5.0 (Macintosh; Intel Mac OS X 10_10_2) AppleWebKit/600.3.18 (KHTML, like Gecko) Version/8.0.3 Safari/600.3.18"
127.0.0.1 - - [11/Feb/2015:02:26:16 +0000] "GET /ghost/ HTTP/1.1" 200 - "-" "Mozilla/5.0 (Macintosh; Intel Mac OS X 10_10_2) AppleWebKit/600.3.18 (KHTML, like Gecko) Version/8.0.3 Safari/600.3.18"
67.177.20.127 - - [11/Feb/2015:02:26:17 +0000] "GET /ghost/css/ghost.min.css?v=68b0d971c5 HTTP/1.1" 200 - "http://brentonandtiffany.com/ghost/" "Mozilla/5.0 (Macintosh; Intel Mac OS X 10_10_2) AppleWebKit/600.3.18 (KHTML, like Gecko) Version/8.0.3 Safari/600.3.18"
67.177.20.127 - - [11/Feb/2015:02:26:17 +0000] "GET /ghost/scripts/ghost.min.js?v=68b0d971c5 HTTP/1.1" 200 - "http://brentonandtiffany.com/ghost/" "Mozilla/5.0 (Macintosh; Intel Mac OS X 10_10_2) AppleWebKit/600.3.18 (KHTML, like Gecko) Version/8.0.3 Safari/600.3.18"
67.177.20.127 - - [11/Feb/2015:02:26:17 +0000] "GET /ghost/scripts/vendor.min.js?v=68b0d971c5 HTTP/1.1" 200 - "http://brentonandtiffany.com/ghost/" "Mozilla/5.0 (Macintosh; Intel Mac OS X 10_10_2) AppleWebKit/600.3.18 (KHTML, like Gecko) Version/8.0.3 Safari/600.3.18"
67.177.20.127 - - [11/Feb/2015:02:26:18 +0000] "POST /ghost/api/v0.1/authentication/token HTTP/1.1" 401 76 "http://brentonandtiffany.com/ghost/" "Mozilla/5.0 (Macintosh; Intel Mac OS X 10_10_2) AppleWebKit/600.3.18 (KHTML, like Gecko) Version/8.0.3 Safari/600.3.18"
67.177.20.127 - - [11/Feb/2015:02:26:19 +0000] "GET /ghost/fonts/icons.woff HTTP/1.1" 200 20828 "http://brentonandtiffany.com/ghost/signin/" "Mozilla/5.0 (Macintosh; Intel Mac OS X 10_10_2) AppleWebKit/600.3.18 (KHTML, like Gecko) Version/8.0.3 Safari/600.3.18"
66.249.64.156 - - [11/Feb/2015:02:54:02 +0000] "GET /robots.txt HTTP/1.1" 200 - "-" "Mozilla/5.0 (compatible; Googlebot/2.1; +http://www.google.com/bot.html)"
66.249.64.148 - - [11/Feb/2015:02:54:02 +0000] "GET /rss/ HTTP/1.1" 200 551 "-" "Mozilla/5.0 (compatible; Googlebot/2.1; +http://www.google.com/bot.html)"
180.76.4.72 - - [11/Feb/2015:03:09:43 +0000] "GET / HTTP/1.1" 200 2408 "-" "Mozilla/4.0 (compatible; MSIE 7.0; Windows NT 6.0)"
157.55.39.192 - - [11/Feb/2015:03:21:39 +0000] "GET / HTTP/1.1" 200 - "-" "Mozilla/5.0 (compatible; bingbot/2.0; +http://www.bing.com/bingbot.htm)"
141.212.122.26 - - [11/Feb/2015:03:26:40 +0000] "GET / HTTP/1.1" 200 2408 "-" "-"
66.249.64.67 - - [11/Feb/2015:03:38:53 +0000] "GET /robots.txt HTTP/1.1" 200 - "-" "Mozilla/5.0 (compatible; Googlebot/2.1; +http://www.google.com/bot.html)"
66.249.64.67 - - [11/Feb/2015:03:38:53 +0000] "GET / HTTP/1.1" 200 - "-" "Mozilla/5.0 (compatible; Googlebot/2.1; +http://www.google.com/bot.html)"
178.215.72.141 - - [11/Feb/2015:04:45:14 +0000] "GET /wordpress/wp-login.php HTTP/1.1" 301 - "-" "Mozilla/5.0 (Windows NT 6.1; WOW64; Trident/7.0; rv:11.0) like Gecko"
178.215.72.141 - - [11/Feb/2015:04:45:14 +0000] "GET /wordpress/wp-login.php/ HTTP/1.1" 404 1859 "-" "Mozilla/5.0 (Windows NT 6.1; WOW64; Trident/7.0; rv:11.0) like Gecko"
178.215.72.141 - - [11/Feb/2015:04:45:15 +0000] "GET /section/wp-login.php HTTP/1.1" 301 - "-" "Mozilla/5.0 (Windows NT 6.1; WOW64; Trident/7.0; rv:11.0) like Gecko"
178.215.72.141 - - [11/Feb/2015:04:45:15 +0000] "GET /section/wp-login.php/ HTTP/1.1" 404 1859 "-" "Mozilla/5.0 (Windows NT 6.1; WOW64; Trident/7.0; rv:11.0) like Gecko"
178.215.72.141 - - [11/Feb/2015:04:45:15 +0000] "GET /admin/wp-login.php HTTP/1.1" 301 - "-" "Mozilla/5.0 (Windows NT 6.1; WOW64; Trident/7.0; rv:11.0) like Gecko"
178.215.72.141 - - [11/Feb/2015:04:45:15 +0000] "GET /admin/wp-login.php/ HTTP/1.1" 404 1859 "-" "Mozilla/5.0 (Windows NT 6.1; WOW64; Trident/7.0; rv:11.0) like Gecko"
178.215.72.141 - - [11/Feb/2015:04:45:16 +0000] "GET /site/wp-login.php HTTP/1.1" 301 - "-" "Mozilla/5.0 (Windows NT 6.1; WOW64; Trident/7.0; rv:11.0) like Gecko"
178.215.72.141 - - [11/Feb/2015:04:45:16 +0000] "GET /site/wp-login.php/ HTTP/1.1" 404 1859 "-" "Mozilla/5.0 (Windows NT 6.1; WOW64; Trident/7.0; rv:11.0) like Gecko"
178.215.72.141 - - [11/Feb/2015:04:45:16 +0000] "GET /blog/wp-login.php HTTP/1.1" 301 - "-" "Mozilla/5.0 (Windows NT 6.1; WOW64; Trident/7.0; rv:11.0) like Gecko"
178.215.72.141 - - [11/Feb/2015:04:45:16 +0000] "GET /blog/wp-login.php/ HTTP/1.1" 404 1859 "-" "Mozilla/5.0 (Windows NT 6.1; WOW64; Trident/7.0; rv:11.0) like Gecko"
178.215.72.141 - - [11/Feb/2015:04:45:17 +0000] "GET /wp/wp-login.php HTTP/1.1" 301 - "-" "Mozilla/5.0 (Windows NT 6.1; WOW64; Trident/7.0; rv:11.0) like Gecko"
178.215.72.141 - - [11/Feb/2015:04:45:17 +0000] "GET /wp/wp-login.php/ HTTP/1.1" 404 1859 "-" "Mozilla/5.0 (Windows NT 6.1; WOW64; Trident/7.0; rv:11.0) like Gecko"
178.215.72.141 - - [11/Feb/2015:04:45:17 +0000] "GET /wp-login.php HTTP/1.1" 301 - "-" "Mozilla/5.0 (Windows NT 6.1; WOW64; Trident/7.0; rv:11.0) like Gecko"
178.215.72.141 - - [11/Feb/2015:04:45:18 +0000] "GET /wp-login/ HTTP/1.1" 404 1859 "-" "Mozilla/5.0 (Windows NT 6.1; WOW64; Trident/7.0; rv:11.0) like Gecko"
178.215.72.141 - - [11/Feb/2015:04:45:18 +0000] "GET /administrator/index.php HTTP/1.1" 301 - "-" "Mozilla/5.0 (Windows NT 6.1; WOW64; Trident/7.0; rv:11.0) like Gecko"
180.76.4.21 - - [11/Feb/2015:04:53:56 +0000] "GET / HTTP/1.1" 200 2408 "-" "Mozilla/4.0 (compatible; MSIE 7.0; Windows NT 6.0)"
100.43.85.21 - - [11/Feb/2015:05:04:52 +0000] "GET /author/brenton/ HTTP/1.1" 200 - "-" "Mozilla/5.0 (compatible; YandexBot/3.0; +http://yandex.com/bots)"
61.240.144.65 - - [11/Feb/2015:05:25:06 +0000] "GET / HTTP/1.1" 200 2408 "-" "masscan/1.0 (https://github.com/robertdavidgraham/masscan)"
196.32.151.99 - - [11/Feb/2015:06:12:01 +0000] "HEAD / HTTP/1.1" 200 2408 "-" "-"
157.55.39.191 - - [11/Feb/2015:06:46:49 +0000] "GET / HTTP/1.1" 200 - "-" "Mozilla/5.0 (iPhone; CPU iPhone OS 7_0 like Mac OS X) AppleWebKit/537.51.1 (KHTML, like Gecko) Version/7.0 Mobile/11A465 Safari/9537.53 (compatible; bingbot/2.0;  http://www.bing.com/bingbot.htm)"
65.55.210.101 - - [11/Feb/2015:06:46:50 +0000] "GET /public/jquery.min.js?v=68b0d971c5 HTTP/1.1" 200 - "http://www.brentonandtiffany.com/" "Mozilla/5.0 (iPhone; CPU iPhone OS 7_0 like Mac OS X) AppleWebKit/537.51.1 (KHTML, like Gecko) Version/7.0 Mobile/11A465 Safari/9537.53 BingPreview/1.0b"
65.55.210.101 - - [11/Feb/2015:06:46:50 +0000] "GET /assets/fonts/casper-icons.ttf HTTP/1.1" 200 - "http://www.brentonandtiffany.com/" "Mozilla/5.0 (iPhone; CPU iPhone OS 7_0 like Mac OS X) AppleWebKit/537.51.1 (KHTML, like Gecko) Version/7.0 Mobile/11A465 Safari/9537.53 BingPreview/1.0b"
65.55.210.101 - - [11/Feb/2015:06:46:51 +0000] "GET /assets/js/jquery.fitvids.js?v=68b0d971c5 HTTP/1.1" 200 - "http://www.brentonandtiffany.com/" "Mozilla/5.0 (iPhone; CPU iPhone OS 7_0 like Mac OS X) AppleWebKit/537.51.1 (KHTML, like Gecko) Version/7.0 Mobile/11A465 Safari/9537.53 BingPreview/1.0b"
65.55.210.101 - - [11/Feb/2015:06:46:51 +0000] "GET /assets/js/index.js?v=68b0d971c5 HTTP/1.1" 200 - "http://www.brentonandtiffany.com/" "Mozilla/5.0 (iPhone; CPU iPhone OS 7_0 like Mac OS X) AppleWebKit/537.51.1 (KHTML, like Gecko) Version/7.0 Mobile/11A465 Safari/9537.53 BingPreview/1.0b"
157.55.39.235 - - [11/Feb/2015:06:47:03 +0000] "GET /robots.txt HTTP/1.1" 200 - "-" "Mozilla/5.0 (compatible; bingbot/2.0; +http://www.bing.com/bingbot.htm)"
157.55.39.235 - - [11/Feb/2015:06:47:03 +0000] "GET /robots.txt HTTP/1.1" 200 - "-" "Mozilla/5.0 (compatible; bingbot/2.0; +http://www.bing.com/bingbot.htm)"
157.55.39.235 - - [11/Feb/2015:06:47:03 +0000] "GET /robots.txt HTTP/1.1" 200 - "-" "Mozilla/5.0 (compatible; bingbot/2.0; +http://www.bing.com/bingbot.htm)"
192.3.207.66 - - [11/Feb/2015:06:52:38 +0000] "GET /phpMyAdmin/scripts/setup.php HTTP/1.1" 301 - "-" "Mozilla/5.0 (Windows NT 5.1)"
180.76.4.228 - - [11/Feb/2015:06:53:58 +0000] "GET / HTTP/1.1" 200 2408 "-" "Mozilla/4.0 (compatible; MSIE 7.0; Windows NT 6.0)"
66.249.64.71 - - [11/Feb/2015:07:35:09 +0000] "GET /robots.txt HTTP/1.1" 200 - "-" "Mozilla/5.0 (compatible; Googlebot/2.1; +http://www.google.com/bot.html)"
66.249.64.67 - - [11/Feb/2015:07:35:09 +0000] "GET / HTTP/1.1" 200 - "-" "Mozilla/5.0 (compatible; Googlebot/2.1; +http://www.google.com/bot.html)"
180.76.4.20 - - [11/Feb/2015:08:49:40 +0000] "GET / HTTP/1.1" 200 2408 "-" "Mozilla/4.0 (compatible; MSIE 7.0; Windows NT 6.0)"
66.249.64.156 - - [11/Feb/2015:09:35:32 +0000] "GET /robots.txt HTTP/1.1" 200 - "-" "Mozilla/5.0 (compatible; Googlebot/2.1; +http://www.google.com/bot.html)"
66.249.64.152 - - [11/Feb/2015:09:35:32 +0000] "GET /rss/ HTTP/1.1" 200 551 "-" "Mozilla/5.0 (compatible; Googlebot/2.1; +http://www.google.com/bot.html)"
219.232.247.108 - - [11/Feb/2015:10:53:29 +0000] "GET /xpxp/xpx/xp.php HTTP/1.1" 301 - "-" "-"
219.232.247.108 - - [11/Feb/2015:10:53:29 +0000] "GET /phpMyAdmin/scripts/setup.php HTTP/1.1" 301 - "-" "-"
219.232.247.108 - - [11/Feb/2015:10:53:30 +0000] "GET /pma/scripts/setup.php HTTP/1.1" 301 - "-" "-"
219.232.247.108 - - [11/Feb/2015:10:53:30 +0000] "GET /myadmin/scripts/setup.php HTTP/1.1" 301 - "-" "-"
180.76.4.197 - - [11/Feb/2015:10:56:50 +0000] "GET / HTTP/1.1" 200 2408 "-" "Mozilla/4.0 (compatible; MSIE 7.0; Windows NT 6.0)"
66.249.64.71 - - [11/Feb/2015:11:32:30 +0000] "GET /robots.txt HTTP/1.1" 200 - "-" "Mozilla/5.0 (compatible; Googlebot/2.1; +http://www.google.com/bot.html)"
66.249.64.67 - - [11/Feb/2015:11:32:30 +0000] "GET / HTTP/1.1" 200 - "-" "Mozilla/5.0 (compatible; Googlebot/2.1; +http://www.google.com/bot.html)"
96.8.114.178 - - [11/Feb/2015:12:44:48 +0000] "GET /dbadmin/scripts/setup.php HTTP/1.1" 301 - "-" "Mozilla/5.0 (Windows NT 5.1)"
180.76.4.191 - - [11/Feb/2015:12:55:25 +0000] "GET / HTTP/1.1" 200 2408 "-" "Mozilla/4.0 (compatible; MSIE 7.0; Windows NT 6.0)"
66.249.64.152 - - [11/Feb/2015:14:01:17 +0000] "GET /robots.txt HTTP/1.1" 200 - "-" "Mozilla/5.0 (compatible; Googlebot/2.1; +http://www.google.com/bot.html)"
66.249.64.152 - - [11/Feb/2015:14:01:17 +0000] "GET /sitemap.xml HTTP/1.1" 200 650 "-" "Mozilla/5.0 (compatible; Googlebot/2.1; +http://www.google.com/bot.html)"
66.249.64.152 - - [11/Feb/2015:14:09:20 +0000] "GET /sitemap-pages.xml HTTP/1.1" 200 536 "-" "Mozilla/5.0 (compatible; Googlebot/2.1; +http://www.google.com/bot.html)"
66.249.64.71 - - [11/Feb/2015:14:25:52 +0000] "GET /robots.txt HTTP/1.1" 200 - "-" "Mozilla/5.0 (compatible; Googlebot/2.1; +http://www.google.com/bot.html)"
66.249.64.67 - - [11/Feb/2015:14:25:53 +0000] "GET / HTTP/1.1" 200 - "-" "Mozilla/5.0 (compatible; Googlebot/2.1; +http://www.google.com/bot.html)"
66.249.64.148 - - [11/Feb/2015:14:29:13 +0000] "GET /sitemap-posts.xml HTTP/1.1" 200 223 "-" "Mozilla/5.0 (compatible; Googlebot/2.1; +http://www.google.com/bot.html)"
182.151.214.219 - - [11/Feb/2015:14:29:51 +0000] "GET /r/www/cache/static/home/img/logos/nuomi_ade5465d.png HTTP/1.1" 301 - "-" "Mozilla/4.0 (compatible; MSIE 7.0; Windows NT 6.3; Trident/7.0; .NET4.0E; .NET4.0C; .NET CLR 3.5.3072; .NET CLR 2.0.50727; .NET CLR 3.0.30729; Tablet PC 2.0)"
180.76.4.50 - - [11/Feb/2015:14:48:28 +0000] "GET / HTTP/1.1" 200 2408 "-" "Mozilla/4.0 (compatible; MSIE 7.0; Windows NT 6.0)"
66.249.64.148 - - [11/Feb/2015:14:50:29 +0000] "GET /sitemap-authors.xml HTTP/1.1" 200 551 "-" "Mozilla/5.0 (compatible; Googlebot/2.1; +http://www.google.com/bot.html)"
189.123.195.188 - - [11/Feb/2015:15:20:57 +0000] "GET / HTTP/1.1" 200 - "http://semalt.semalt.com/crawler.php?u=http://brentonandtiffany.com" "Mozilla/5.0 (Windows NT 6.1; WOW64) AppleWebKit/537.36 (KHTML, like Gecko) Chrome/32.0.1700.107 Safari/537.36"
189.123.195.188 - - [11/Feb/2015:15:20:58 +0000] "GET /assets/css/screen.css?v=68b0d971c5 HTTP/1.1" 200 - "http://brentonandtiffany.com/" "Mozilla/5.0 (Windows NT 6.1; WOW64) AppleWebKit/537.36 (KHTML, like Gecko) Chrome/32.0.1700.107 Safari/537.36"
189.123.195.188 - - [11/Feb/2015:15:20:58 +0000] "GET /assets/js/jquery.fitvids.js?v=68b0d971c5 HTTP/1.1" 200 - "http://brentonandtiffany.com/" "Mozilla/5.0 (Windows NT 6.1; WOW64) AppleWebKit/537.36 (KHTML, like Gecko) Chrome/32.0.1700.107 Safari/537.36"
189.123.195.188 - - [11/Feb/2015:15:20:58 +0000] "GET /assets/js/index.js?v=68b0d971c5 HTTP/1.1" 200 - "http://brentonandtiffany.com/" "Mozilla/5.0 (Windows NT 6.1; WOW64) AppleWebKit/537.36 (KHTML, like Gecko) Chrome/32.0.1700.107 Safari/537.36"
189.123.195.188 - - [11/Feb/2015:15:20:58 +0000] "GET /public/jquery.min.js?v=68b0d971c5 HTTP/1.1" 200 - "http://brentonandtiffany.com/" "Mozilla/5.0 (Windows NT 6.1; WOW64) AppleWebKit/537.36 (KHTML, like Gecko) Chrome/32.0.1700.107 Safari/537.36"
189.123.195.188 - - [11/Feb/2015:15:20:58 +0000] "GET /content/images/2015/02/bokeh_lights-2.jpg HTTP/1.1" 200 34950 "http://brentonandtiffany.com/" "Mozilla/5.0 (Windows NT 6.1; WOW64) AppleWebKit/537.36 (KHTML, like Gecko) Chrome/32.0.1700.107 Safari/537.36"
189.123.195.188 - - [11/Feb/2015:15:20:58 +0000] "GET /assets/fonts/casper-icons.ttf HTTP/1.1" 200 - "http://brentonandtiffany.com/" "Mozilla/5.0 (Windows NT 6.1; WOW64) AppleWebKit/537.36 (KHTML, like Gecko) Chrome/32.0.1700.107 Safari/537.36"
66.249.64.156 - - [11/Feb/2015:16:29:09 +0000] "GET /robots.txt HTTP/1.1" 200 - "-" "Mozilla/5.0 (compatible; Googlebot/2.1; +http://www.google.com/bot.html)"
66.249.64.152 - - [11/Feb/2015:16:29:09 +0000] "GET /rss/ HTTP/1.1" 200 551 "-" "Mozilla/5.0 (compatible; Googlebot/2.1; +http://www.google.com/bot.html)"
180.76.4.20 - - [11/Feb/2015:16:54:32 +0000] "GET / HTTP/1.1" 200 2408 "-" "Mozilla/4.0 (compatible; MSIE 7.0; Windows NT 6.0)"
93.141.125.63 - - [11/Feb/2015:18:43:10 +0000] "GET / HTTP/1.1" 200 - "http://buttons-for-website.com" "Mozilla/5.0 (Windows NT 6.1; WOW64) AppleWebKit/537.36 (KHTML, like Gecko) Chrome/36.0.1985.143 Safari/537.36"
93.141.125.63 - - [11/Feb/2015:18:43:11 +0000] "GET /assets/css/screen.css?v=68b0d971c5 HTTP/1.1" 200 - "http://brentonandtiffany.com/" "Mozilla/5.0 (Windows NT 6.1; WOW64) AppleWebKit/537.36 (KHTML, like Gecko) Chrome/36.0.1985.143 Safari/537.36"
93.141.125.63 - - [11/Feb/2015:18:43:11 +0000] "GET /public/jquery.min.js?v=68b0d971c5 HTTP/1.1" 200 - "http://brentonandtiffany.com/" "Mozilla/5.0 (Windows NT 6.1; WOW64) AppleWebKit/537.36 (KHTML, like Gecko) Chrome/36.0.1985.143 Safari/537.36"
93.141.125.63 - - [11/Feb/2015:18:43:11 +0000] "GET /assets/js/jquery.fitvids.js?v=68b0d971c5 HTTP/1.1" 200 - "http://brentonandtiffany.com/" "Mozilla/5.0 (Windows NT 6.1; WOW64) AppleWebKit/537.36 (KHTML, like Gecko) Chrome/36.0.1985.143 Safari/537.36"
93.141.125.63 - - [11/Feb/2015:18:43:11 +0000] "GET /assets/js/index.js?v=68b0d971c5 HTTP/1.1" 200 - "http://brentonandtiffany.com/" "Mozilla/5.0 (Windows NT 6.1; WOW64) AppleWebKit/537.36 (KHTML, like Gecko) Chrome/36.0.1985.143 Safari/537.36"
93.141.125.63 - - [11/Feb/2015:18:43:11 +0000] "GET /content/images/2015/02/bokeh_lights-2.jpg HTTP/1.1" 200 34950 "http://brentonandtiffany.com/" "Mozilla/5.0 (Windows NT 6.1; WOW64) AppleWebKit/537.36 (KHTML, like Gecko) Chrome/36.0.1985.143 Safari/537.36"
93.141.125.63 - - [11/Feb/2015:18:43:11 +0000] "GET /assets/fonts/casper-icons.ttf HTTP/1.1" 200 - "http://brentonandtiffany.com/" "Mozilla/5.0 (Windows NT 6.1; WOW64) AppleWebKit/537.36 (KHTML, like Gecko) Chrome/36.0.1985.143 Safari/537.36"
180.76.4.150 - - [11/Feb/2015:19:00:33 +0000] "GET / HTTP/1.1" 200 2408 "-" "Mozilla/4.0 (compatible; MSIE 7.0; Windows NT 6.0)"
95.95.12.142 - - [11/Feb/2015:19:08:44 +0000] "GET / HTTP/1.1" 200 - "http://semalt.semalt.com/crawler.php?u=http://brentonandtiffany.com" "Mozilla/5.0 (Windows NT 6.1; WOW64) AppleWebKit/537.36 (KHTML, like Gecko) Chrome/36.0.1985.143 Safari/537.36"
95.95.12.142 - - [11/Feb/2015:19:08:45 +0000] "GET /assets/css/screen.css?v=68b0d971c5 HTTP/1.1" 200 - "http://brentonandtiffany.com/" "Mozilla/5.0 (Windows NT 6.1; WOW64) AppleWebKit/537.36 (KHTML, like Gecko) Chrome/36.0.1985.143 Safari/537.36"
95.95.12.142 - - [11/Feb/2015:19:08:45 +0000] "GET /assets/js/index.js?v=68b0d971c5 HTTP/1.1" 200 - "http://brentonandtiffany.com/" "Mozilla/5.0 (Windows NT 6.1; WOW64) AppleWebKit/537.36 (KHTML, like Gecko) Chrome/36.0.1985.143 Safari/537.36"
95.95.12.142 - - [11/Feb/2015:19:08:45 +0000] "GET /assets/js/jquery.fitvids.js?v=68b0d971c5 HTTP/1.1" 200 - "http://brentonandtiffany.com/" "Mozilla/5.0 (Windows NT 6.1; WOW64) AppleWebKit/537.36 (KHTML, like Gecko) Chrome/36.0.1985.143 Safari/537.36"
95.95.12.142 - - [11/Feb/2015:19:08:45 +0000] "GET /public/jquery.min.js?v=68b0d971c5 HTTP/1.1" 200 - "http://brentonandtiffany.com/" "Mozilla/5.0 (Windows NT 6.1; WOW64) AppleWebKit/537.36 (KHTML, like Gecko) Chrome/36.0.1985.143 Safari/537.36"
95.95.12.142 - - [11/Feb/2015:19:08:45 +0000] "GET /content/images/2015/02/bokeh_lights-2.jpg HTTP/1.1" 200 34950 "http://brentonandtiffany.com/" "Mozilla/5.0 (Windows NT 6.1; WOW64) AppleWebKit/537.36 (KHTML, like Gecko) Chrome/36.0.1985.143 Safari/537.36"
95.95.12.142 - - [11/Feb/2015:19:08:45 +0000] "GET /assets/fonts/casper-icons.ttf HTTP/1.1" 200 - "http://brentonandtiffany.com/" "Mozilla/5.0 (Windows NT 6.1; WOW64) AppleWebKit/537.36 (KHTML, like Gecko) Chrome/36.0.1985.143 Safari/537.36"
220.133.29.200 - - [11/Feb/2015:19:39:08 +0000] "HEAD / HTTP/1.1" 200 2408 "-" "-"
100.43.85.21 - - [11/Feb/2015:20:03:47 +0000] "GET /robots.txt HTTP/1.1" 200 82 "-" "Mozilla/5.0 (compatible; YandexBot/3.0; +http://yandex.com/bots)"
66.249.64.156 - - [11/Feb/2015:20:29:26 +0000] "GET /robots.txt HTTP/1.1" 200 - "-" "Mozilla/5.0 (compatible; Googlebot/2.1; +http://www.google.com/bot.html)"
66.249.64.156 - - [11/Feb/2015:20:29:26 +0000] "GET /sitemap-tags.xml HTTP/1.1" 200 392 "-" "Mozilla/5.0 (compatible; Googlebot/2.1; +http://www.google.com/bot.html)"
180.76.4.66 - - [11/Feb/2015:21:07:23 +0000] "GET / HTTP/1.1" 200 2408 "-" "Mozilla/4.0 (compatible; MSIE 7.0; Windows NT 6.0)"
141.212.122.122 - - [11/Feb/2015:21:18:12 +0000] "GET / HTTP/1.1" 200 2408 "-" "-"
66.249.64.148 - - [11/Feb/2015:21:47:24 +0000] "GET /robots.txt HTTP/1.1" 200 - "-" "Mozilla/5.0 (compatible; Googlebot/2.1; +http://www.google.com/bot.html)"
66.249.64.156 - - [11/Feb/2015:21:47:24 +0000] "GET /rss/ HTTP/1.1" 200 551 "-" "Mozilla/5.0 (compatible; Googlebot/2.1; +http://www.google.com/bot.html)"
180.76.4.227 - - [11/Feb/2015:22:59:33 +0000] "GET / HTTP/1.1" 200 2408 "-" "Mozilla/4.0 (compatible; MSIE 7.0; Windows NT 6.0)"
180.76.4.49 - - [12/Feb/2015:00:50:24 +0000] "GET / HTTP/1.1" 200 2408 "-" "Mozilla/4.0 (compatible; MSIE 7.0; Windows NT 6.0)"
100.43.85.21 - - [12/Feb/2015:00:55:36 +0000] "GET /manual HTTP/1.1" 301 - "-" "Mozilla/5.0 (compatible; YandexBot/3.0; +http://yandex.com/bots)"
100.43.85.21 - - [12/Feb/2015:00:55:39 +0000] "GET /manual/ HTTP/1.1" 404 - "-" "Mozilla/5.0 (compatible; YandexBot/3.0; +http://yandex.com/bots)"
180.76.4.69 - - [12/Feb/2015:02:57:04 +0000] "GET / HTTP/1.1" 200 2408 "-" "Mozilla/4.0 (compatible; MSIE 7.0; Windows NT 6.0)"
176.31.122.160 - - [12/Feb/2015:03:18:01 +0000] "GET / HTTP/1.1" 200 2408 "-" "-"
155.99.182.187 - - [12/Feb/2015:03:45:31 +0000] "GET / HTTP/1.1" 200 - "-" "Mozilla/5.0 (Macintosh; Intel Mac OS X 10_10_2) AppleWebKit/600.3.18 (KHTML, like Gecko) Version/8.0.3 Safari/600.3.18"
66.249.64.148 - - [12/Feb/2015:04:02:28 +0000] "GET /robots.txt HTTP/1.1" 200 - "-" "Mozilla/5.0 (compatible; Googlebot/2.1; +http://www.google.com/bot.html)"
66.249.64.152 - - [12/Feb/2015:04:02:29 +0000] "GET /rss/ HTTP/1.1" 200 551 "-" "Mozilla/5.0 (compatible; Googlebot/2.1; +http://www.google.com/bot.html)"
157.55.39.191 - - [12/Feb/2015:04:45:26 +0000] "GET /robots.txt HTTP/1.1" 200 82 "-" "Mozilla/5.0 (compatible; bingbot/2.0; +http://www.bing.com/bingbot.htm)"
180.76.4.65 - - [12/Feb/2015:04:55:56 +0000] "GET / HTTP/1.1" 200 2408 "-" "Mozilla/4.0 (compatible; MSIE 7.0; Windows NT 6.0)"
180.76.4.184 - - [12/Feb/2015:06:57:38 +0000] "GET / HTTP/1.1" 200 2408 "-" "Mozilla/4.0 (compatible; MSIE 7.0; Windows NT 6.0)"
186.67.35.171 - - [12/Feb/2015:08:34:29 +0000] "HEAD / HTTP/1.1" 200 2408 "-" "-"
180.76.4.70 - - [12/Feb/2015:08:55:37 +0000] "GET / HTTP/1.1" 200 2408 "-" "Mozilla/4.0 (compatible; MSIE 7.0; Windows NT 6.0)"
66.249.64.156 - - [12/Feb/2015:09:43:43 +0000] "GET /robots.txt HTTP/1.1" 200 - "-" "Mozilla/5.0 (compatible; Googlebot/2.1; +http://www.google.com/bot.html)"
66.249.64.148 - - [12/Feb/2015:09:43:43 +0000] "GET /rss/ HTTP/1.1" 200 551 "-" "Mozilla/5.0 (compatible; Googlebot/2.1; +http://www.google.com/bot.html)"
66.249.64.156 - - [12/Feb/2015:10:52:51 +0000] "GET /robots.txt HTTP/1.1" 200 - "-" "Mozilla/5.0 (compatible; Googlebot/2.1; +http://www.google.com/bot.html)"
66.249.64.152 - - [12/Feb/2015:10:52:51 +0000] "GET /sitemap-pages.xml HTTP/1.1" 200 536 "-" "Mozilla/5.0 (compatible; Googlebot/2.1; +http://www.google.com/bot.html)"
180.76.4.72 - - [12/Feb/2015:11:07:08 +0000] "GET / HTTP/1.1" 200 2408 "-" "Mozilla/4.0 (compatible; MSIE 7.0; Windows NT 6.0)"
61.240.144.66 - - [12/Feb/2015:12:51:04 +0000] "GET / HTTP/1.1" 200 2408 "-" "masscan/1.0 (https://github.com/robertdavidgraham/masscan)"
85.18.173.109 - - [12/Feb/2015:12:51:58 +0000] "HEAD / HTTP/1.1" 200 2408 "-" "-"
180.76.4.248 - - [12/Feb/2015:12:55:02 +0000] "GET / HTTP/1.1" 200 2408 "-" "Mozilla/4.0 (compatible; MSIE 7.0; Windows NT 6.0)"
66.249.64.148 - - [12/Feb/2015:12:55:09 +0000] "GET /robots.txt HTTP/1.1" 200 - "-" "Mozilla/5.0 (compatible; Googlebot/2.1; +http://www.google.com/bot.html)"
66.249.64.156 - - [12/Feb/2015:12:55:09 +0000] "GET /sitemap-authors.xml HTTP/1.1" 200 551 "-" "Mozilla/5.0 (compatible; Googlebot/2.1; +http://www.google.com/bot.html)"
5.9.24.198 - - [12/Feb/2015:13:18:29 +0000] "GET /robots.txt HTTP/1.1" 200 - "-" "Mozilla/5.0 (compatible; AdvBot/2.0; +http://advbot.org/bot.html)"
5.9.24.198 - - [12/Feb/2015:13:18:29 +0000] "GET / HTTP/1.1" 200 - "-" "Mozilla/5.0 (compatible; AdvBot/2.0; +http://advbot.org/bot.html)"
110.78.150.91 - - [12/Feb/2015:13:37:52 +0000] "GET /dodo/dod/do.php HTTP/1.1" 301 - "-" "-"
110.78.150.91 - - [12/Feb/2015:13:37:53 +0000] "GET /phpMyAdmin/scripts/setup.php HTTP/1.1" 301 - "-" "-"
110.78.150.91 - - [12/Feb/2015:13:37:53 +0000] "GET /pma/scripts/setup.php HTTP/1.1" 301 - "-" "-"
110.78.150.91 - - [12/Feb/2015:13:37:54 +0000] "GET /myadmin/scripts/setup.php HTTP/1.1" 301 - "-" "-"
54.152.41.58 - - [12/Feb/2015:14:09:49 +0000] "GET / HTTP/1.1" 200 2408 "-" "Mozilla/5.0 (Windows NT 5.1; rv:22.0) Gecko/20100101 Firefox/22.0 Paros/3.2.13"
118.98.104.21 - - [12/Feb/2015:14:29:07 +0000] "GET /user/soapCaller.bs HTTP/1.1" 301 - "-" "Morfeus Fucking Scanner"
100.43.85.21 - - [12/Feb/2015:14:39:15 +0000] "GET /robots.txt HTTP/1.1" 200 82 "-" "Mozilla/5.0 (compatible; YandexBot/3.0; +http://yandex.com/bots)"
180.76.4.23 - - [12/Feb/2015:14:48:54 +0000] "GET / HTTP/1.1" 200 2408 "-" "Mozilla/4.0 (compatible; MSIE 7.0; Windows NT 6.0)"
66.249.64.152 - - [12/Feb/2015:16:20:14 +0000] "GET /robots.txt HTTP/1.1" 200 - "-" "Mozilla/5.0 (compatible; Googlebot/2.1; +http://www.google.com/bot.html)"
66.249.64.152 - - [12/Feb/2015:16:20:14 +0000] "GET /rss/ HTTP/1.1" 200 551 "-" "Mozilla/5.0 (compatible; Googlebot/2.1; +http://www.google.com/bot.html)"
180.76.4.115 - - [12/Feb/2015:16:55:21 +0000] "GET / HTTP/1.1" 200 2408 "-" "Mozilla/4.0 (compatible; MSIE 7.0; Windows NT 6.0)"
157.55.39.191 - - [12/Feb/2015:17:39:25 +0000] "GET /robots.txt HTTP/1.1" 200 82 "-" "Mozilla/5.0 (compatible; bingbot/2.0; +http://www.bing.com/bingbot.htm)"
100.43.85.21 - - [12/Feb/2015:18:36:39 +0000] "GET /author/brenton/ HTTP/1.1" 200 - "-" "Mozilla/5.0 (compatible; YandexBot/3.0; +http://yandex.com/bots)"
180.76.4.228 - - [12/Feb/2015:19:07:04 +0000] "GET / HTTP/1.1" 200 2408 "-" "Mozilla/4.0 (compatible; MSIE 7.0; Windows NT 6.0)"
180.76.4.160 - - [12/Feb/2015:21:05:55 +0000] "GET / HTTP/1.1" 200 2408 "-" "Mozilla/4.0 (compatible; MSIE 7.0; Windows NT 6.0)"
100.43.85.21 - - [12/Feb/2015:21:51:01 +0000] "GET /manual HTTP/1.1" 301 - "-" "Mozilla/5.0 (compatible; YandexBot/3.0; +http://yandex.com/bots)"
100.43.85.21 - - [12/Feb/2015:21:51:03 +0000] "GET /manual/ HTTP/1.1" 404 - "-" "Mozilla/5.0 (compatible; YandexBot/3.0; +http://yandex.com/bots)"
66.249.64.152 - - [12/Feb/2015:22:00:16 +0000] "GET /robots.txt HTTP/1.1" 200 - "-" "Mozilla/5.0 (compatible; Googlebot/2.1; +http://www.google.com/bot.html)"
66.249.64.148 - - [12/Feb/2015:22:00:16 +0000] "GET /rss/ HTTP/1.1" 200 551 "-" "Mozilla/5.0 (compatible; Googlebot/2.1; +http://www.google.com/bot.html)"
182.118.53.92 - - [12/Feb/2015:22:24:25 +0000] "GET / HTTP/1.1" 200 - "-" "Mozilla/5.0 (Macintosh; Intel Mac OS X 10_10_1) AppleWebKit/537.36 (KHTML, like Gecko) Chrome/41.0.2251.0 Safari/537.36"
157.55.39.192 - - [12/Feb/2015:22:39:54 +0000] "GET / HTTP/1.1" 200 - "-" "Mozilla/5.0 (compatible; bingbot/2.0; +http://www.bing.com/bingbot.htm)"
180.76.4.38 - - [12/Feb/2015:23:05:30 +0000] "GET / HTTP/1.1" 200 2408 "-" "Mozilla/4.0 (compatible; MSIE 7.0; Windows NT 6.0)"
180.76.4.141 - - [13/Feb/2015:00:58:45 +0000] "GET / HTTP/1.1" 200 2408 "-" "Mozilla/4.0 (compatible; MSIE 7.0; Windows NT 6.0)"
178.32.80.249 - - [13/Feb/2015:01:06:59 +0000] "GET /kqkq/kqk/kq.php HTTP/1.1" 301 - "-" "-"
178.32.80.249 - - [13/Feb/2015:01:07:00 +0000] "GET /phpMyAdmin/scripts/setup.php HTTP/1.1" 301 - "-" "-"
178.32.80.249 - - [13/Feb/2015:01:07:00 +0000] "GET /pma/scripts/setup.php HTTP/1.1" 301 - "-" "-"
178.32.80.249 - - [13/Feb/2015:01:07:01 +0000] "GET /myadmin/scripts/setup.php HTTP/1.1" 301 - "-" "-"
157.55.39.192 - - [13/Feb/2015:01:23:44 +0000] "GET / HTTP/1.1" 200 - "-" "Mozilla/5.0 (compatible; bingbot/2.0; +http://www.bing.com/bingbot.htm)"
203.150.245.59 - - [13/Feb/2015:02:03:00 +0000] "GET /eqeq/eqe/eq.php HTTP/1.1" 301 - "-" "-"
203.150.245.59 - - [13/Feb/2015:02:03:00 +0000] "GET /phpMyAdmin/scripts/setup.php HTTP/1.1" 301 - "-" "-"
203.150.245.59 - - [13/Feb/2015:02:03:01 +0000] "GET /pma/scripts/setup.php HTTP/1.1" 301 - "-" "-"
203.150.245.59 - - [13/Feb/2015:02:03:01 +0000] "GET /myadmin/scripts/setup.php HTTP/1.1" 301 - "-" "-"
180.76.4.32 - - [13/Feb/2015:02:56:25 +0000] "GET / HTTP/1.1" 200 2408 "-" "Mozilla/4.0 (compatible; MSIE 7.0; Windows NT 6.0)"
66.249.64.152 - - [13/Feb/2015:03:34:56 +0000] "GET /robots.txt HTTP/1.1" 200 - "-" "Mozilla/5.0 (compatible; Googlebot/2.1; +http://www.google.com/bot.html)"
66.249.64.152 - - [13/Feb/2015:03:34:56 +0000] "GET /rss/ HTTP/1.1" 200 551 "-" "Mozilla/5.0 (compatible; Googlebot/2.1; +http://www.google.com/bot.html)"
5.9.86.41 - - [13/Feb/2015:03:53:51 +0000] "GET /robots.txt HTTP/1.1" 200 - "-" "Mozilla/5.0 (compatible; AdvBot/2.0; +http://advbot.org/bot.html)"
5.9.86.41 - - [13/Feb/2015:03:53:51 +0000] "GET / HTTP/1.1" 200 - "-" "Mozilla/5.0 (compatible; AdvBot/2.0; +http://advbot.org/bot.html)"
180.76.4.71 - - [13/Feb/2015:04:53:50 +0000] "GET / HTTP/1.1" 200 2408 "-" "Mozilla/4.0 (compatible; MSIE 7.0; Windows NT 6.0)"
141.212.122.98 - - [13/Feb/2015:05:56:25 +0000] "GET / HTTP/1.1" 200 2408 "-" "-"
103.24.77.53 - - [13/Feb/2015:06:09:26 +0000] "GET /cgi-bin/php HTTP/1.1" 301 - "-" "Mozilla/4.0 (compatible; MSIE 6.0; Windows 98)"
202.94.70.53 - - [13/Feb/2015:06:09:27 +0000] "GET /cgi-bin/php5 HTTP/1.1" 301 - "-" "Mozilla/4.0 (compatible; MSIE 6.0; Windows 98)"
202.94.70.53 - - [13/Feb/2015:06:09:27 +0000] "GET /cgi-bin/php-cgi HTTP/1.1" 301 - "-" "Mozilla/4.0 (compatible; MSIE 6.0; Windows 98)"
103.24.77.53 - - [13/Feb/2015:06:09:28 +0000] "GET /cgi-bin/php.cgi HTTP/1.1" 301 - "-" "Mozilla/4.0 (compatible; MSIE 6.0; Windows 98)"
103.24.77.53 - - [13/Feb/2015:06:09:28 +0000] "GET /cgi-bin/php_cgi HTTP/1.1" 301 - "-" "Mozilla/4.0 (compatible; MSIE 6.0; Windows 98)"
103.24.77.53 - - [13/Feb/2015:06:09:28 +0000] "GET /cgi-bin/php4 HTTP/1.1" 301 - "-" "Mozilla/4.0 (compatible; MSIE 6.0; Windows 98)"
103.24.77.53 - - [13/Feb/2015:06:09:29 +0000] "GET /cgi-bin/php3 HTTP/1.1" 301 - "-" "Mozilla/4.0 (compatible; MSIE 6.0; Windows 98)"
202.94.70.53 - - [13/Feb/2015:06:09:29 +0000] "GET /index.php HTTP/1.1" 301 - "-" "Mozilla/4.0 (compatible; MSIE 6.0; Windows 98)"
103.24.77.53 - - [13/Feb/2015:06:09:30 +0000] "GET /phppath/php HTTP/1.1" 301 - "-" "Mozilla/4.0 (compatible; MSIE 6.0; Windows 98)"
103.24.77.53 - - [13/Feb/2015:06:09:30 +0000] "GET /phppath/php5 HTTP/1.1" 301 - "-" "Mozilla/4.0 (compatible; MSIE 6.0; Windows 98)"
202.94.70.53 - - [13/Feb/2015:06:09:30 +0000] "GET /local-bin/php HTTP/1.1" 301 - "-" "Mozilla/4.0 (compatible; MSIE 6.0; Windows 98)"
103.24.77.53 - - [13/Feb/2015:06:09:31 +0000] "GET /local-bin/php5 HTTP/1.1" 301 - "-" "Mozilla/4.0 (compatible; MSIE 6.0; Windows 98)"
202.94.70.53 - - [13/Feb/2015:06:09:31 +0000] "GET / HTTP/1.1" 200 - "-" "Mozilla/4.0 (compatible; MSIE 6.0; Windows 98)"
66.249.64.156 - - [13/Feb/2015:06:32:29 +0000] "GET /robots.txt HTTP/1.1" 200 - "-" "Mozilla/5.0 (compatible; Googlebot/2.1; +http://www.google.com/bot.html)"
66.249.64.148 - - [13/Feb/2015:06:32:30 +0000] "GET /sitemap.xml HTTP/1.1" 200 650 "-" "Mozilla/5.0 (compatible; Googlebot/2.1; +http://www.google.com/bot.html)"
180.76.4.23 - - [13/Feb/2015:06:54:35 +0000] "GET / HTTP/1.1" 200 2408 "-" "Mozilla/4.0 (compatible; MSIE 7.0; Windows NT 6.0)"
141.212.122.18 - - [13/Feb/2015:07:53:24 +0000] "GET / HTTP/1.1" 200 2408 "-" "-"
66.249.64.156 - - [13/Feb/2015:08:52:18 +0000] "GET /robots.txt HTTP/1.1" 200 - "-" "Mozilla/5.0 (compatible; Googlebot/2.1; +http://www.google.com/bot.html)"
66.249.64.156 - - [13/Feb/2015:08:52:18 +0000] "GET /sitemap-posts.xml HTTP/1.1" 200 223 "-" "Mozilla/5.0 (compatible; Googlebot/2.1; +http://www.google.com/bot.html)"
66.249.64.152 - - [13/Feb/2015:09:06:35 +0000] "GET /rss/ HTTP/1.1" 200 551 "-" "Mozilla/5.0 (compatible; Googlebot/2.1; +http://www.google.com/bot.html)"
66.249.64.156 - - [13/Feb/2015:10:46:30 +0000] "GET /robots.txt HTTP/1.1" 200 - "-" "Mozilla/5.0 (compatible; Googlebot/2.1; +http://www.google.com/bot.html)"
66.249.64.156 - - [13/Feb/2015:10:46:30 +0000] "GET /sitemap-pages.xml HTTP/1.1" 200 536 "-" "Mozilla/5.0 (compatible; Googlebot/2.1; +http://www.google.com/bot.html)"
180.76.4.153 - - [13/Feb/2015:10:55:33 +0000] "GET / HTTP/1.1" 200 2408 "-" "Mozilla/4.0 (compatible; MSIE 7.0; Windows NT 6.0)"
180.76.4.120 - - [13/Feb/2015:12:56:24 +0000] "GET / HTTP/1.1" 200 2408 "-" "Mozilla/4.0 (compatible; MSIE 7.0; Windows NT 6.0)"
66.249.64.148 - - [13/Feb/2015:14:12:45 +0000] "GET /robots.txt HTTP/1.1" 200 - "-" "Mozilla/5.0 (compatible; Googlebot/2.1; +http://www.google.com/bot.html)"
66.249.64.148 - - [13/Feb/2015:14:12:45 +0000] "GET /sitemap-authors.xml HTTP/1.1" 200 551 "-" "Mozilla/5.0 (compatible; Googlebot/2.1; +http://www.google.com/bot.html)"
180.76.4.150 - - [13/Feb/2015:14:48:24 +0000] "GET / HTTP/1.1" 200 2408 "-" "Mozilla/4.0 (compatible; MSIE 7.0; Windows NT 6.0)"
157.55.39.75 - - [13/Feb/2015:15:16:17 +0000] "GET / HTTP/1.1" 200 - "-" "Mozilla/5.0 (compatible; bingbot/2.0; +http://www.bing.com/bingbot.htm)"
66.249.64.148 - - [13/Feb/2015:15:33:40 +0000] "GET /robots.txt HTTP/1.1" 200 - "-" "Mozilla/5.0 (compatible; Googlebot/2.1; +http://www.google.com/bot.html)"
66.249.64.148 - - [13/Feb/2015:15:33:40 +0000] "GET /tag/getting-started/ HTTP/1.1" 200 - "-" "Mozilla/5.0 (compatible; Googlebot/2.1; +http://www.google.com/bot.html)"
66.249.64.156 - - [13/Feb/2015:15:41:29 +0000] "GET /rss/ HTTP/1.1" 200 551 "-" "Mozilla/5.0 (compatible; Googlebot/2.1; +http://www.google.com/bot.html)"
66.249.64.161 - - [13/Feb/2015:16:32:05 +0000] "GET /robots.txt HTTP/1.1" 200 - "-" "Mozilla/5.0 (compatible; Googlebot/2.1; +http://www.google.com/bot.html)"
66.249.64.161 - - [13/Feb/2015:16:32:05 +0000] "GET / HTTP/1.1" 200 - "-" "Mozilla/5.0 (compatible; Googlebot/2.1; +http://www.google.com/bot.html)"
180.76.4.206 - - [13/Feb/2015:16:57:10 +0000] "GET / HTTP/1.1" 200 2408 "-" "Mozilla/4.0 (compatible; MSIE 7.0; Windows NT 6.0)"
66.249.64.156 - - [13/Feb/2015:17:23:49 +0000] "GET /robots.txt HTTP/1.1" 200 - "-" "Mozilla/5.0 (compatible; Googlebot/2.1; +http://www.google.com/bot.html)"
66.249.64.148 - - [13/Feb/2015:17:23:49 +0000] "GET / HTTP/1.1" 200 - "-" "Mozilla/5.0 (iPhone; CPU iPhone OS 6_0 like Mac OS X) AppleWebKit/536.26 (KHTML, like Gecko) Version/6.0 Mobile/10A5376e Safari/8536.25 (compatible; Googlebot/2.1; +http://www.google.com/bot.html)"
66.220.152.114 - - [13/Feb/2015:17:48:28 +0000] "GET /img/hero-unit.jpg HTTP/1.1" 301 - "-" "facebookexternalhit/1.1 (+http://www.facebook.com/externalhit_uatext.php)"
66.220.152.114 - - [13/Feb/2015:17:48:28 +0000] "GET /img/hero-unit.jpg/ HTTP/1.1" 404 - "-" "facebookexternalhit/1.1 (+http://www.facebook.com/externalhit_uatext.php)"
66.220.152.118 - - [13/Feb/2015:17:48:28 +0000] "GET /img/hero-unit.jpg HTTP/1.1" 301 - "-" "facebookexternalhit/1.0 (+http://www.facebook.com/externalhit_uatext.php)"
66.220.152.118 - - [13/Feb/2015:17:48:28 +0000] "GET /img/hero-unit.jpg/ HTTP/1.1" 404 - "-" "facebookexternalhit/1.0 (+http://www.facebook.com/externalhit_uatext.php)"
155.101.208.122 - - [13/Feb/2015:17:49:30 +0000] "GET / HTTP/1.1" 200 - "-" "Mozilla/5.0 (Windows NT 6.1; WOW64) AppleWebKit/537.36 (KHTML, like Gecko) Chrome/40.0.2214.111 Safari/537.36"
155.101.208.122 - - [13/Feb/2015:17:49:30 +0000] "GET /assets/css/screen.css?v=68b0d971c5 HTTP/1.1" 200 - "http://brentonandtiffany.com/" "Mozilla/5.0 (Windows NT 6.1; WOW64) AppleWebKit/537.36 (KHTML, like Gecko) Chrome/40.0.2214.111 Safari/537.36"
155.101.208.122 - - [13/Feb/2015:17:49:30 +0000] "GET /public/jquery.min.js?v=68b0d971c5 HTTP/1.1" 200 - "http://brentonandtiffany.com/" "Mozilla/5.0 (Windows NT 6.1; WOW64) AppleWebKit/537.36 (KHTML, like Gecko) Chrome/40.0.2214.111 Safari/537.36"
155.101.208.122 - - [13/Feb/2015:17:49:30 +0000] "GET /assets/js/jquery.fitvids.js?v=68b0d971c5 HTTP/1.1" 200 - "http://brentonandtiffany.com/" "Mozilla/5.0 (Windows NT 6.1; WOW64) AppleWebKit/537.36 (KHTML, like Gecko) Chrome/40.0.2214.111 Safari/537.36"
155.101.208.122 - - [13/Feb/2015:17:49:30 +0000] "GET /assets/js/index.js?v=68b0d971c5 HTTP/1.1" 200 - "http://brentonandtiffany.com/" "Mozilla/5.0 (Windows NT 6.1; WOW64) AppleWebKit/537.36 (KHTML, like Gecko) Chrome/40.0.2214.111 Safari/537.36"
155.101.208.122 - - [13/Feb/2015:17:49:30 +0000] "GET /content/images/2015/02/bokeh_lights-2.jpg HTTP/1.1" 200 34950 "http://brentonandtiffany.com/" "Mozilla/5.0 (Windows NT 6.1; WOW64) AppleWebKit/537.36 (KHTML, like Gecko) Chrome/40.0.2214.111 Safari/537.36"
155.101.208.122 - - [13/Feb/2015:17:49:30 +0000] "GET /assets/fonts/casper-icons.woff HTTP/1.1" 200 2260 "http://brentonandtiffany.com/assets/css/screen.css?v=68b0d971c5" "Mozilla/5.0 (Windows NT 6.1; WOW64) AppleWebKit/537.36 (KHTML, like Gecko) Chrome/40.0.2214.111 Safari/537.36"
66.249.64.169 - - [13/Feb/2015:18:02:16 +0000] "GET /robots.txt HTTP/1.1" 200 - "-" "Mozilla/5.0 (compatible; Googlebot/2.1; +http://www.google.com/bot.html)"
